../Drivers/STM32F4xx_HAL_Driver/Inc/stm32f4xx_ll_gpio.h:882:22:LL_GPIO_SetOutputPin	16	static
../Drivers/STM32F4xx_HAL_Driver/Inc/stm32f4xx_ll_gpio.h:911:22:LL_GPIO_ResetOutputPin	16	static
../Drivers/STM32F4xx_HAL_Driver/Inc/stm32f4xx_ll_spi.h:732:26:LL_SPI_IsActiveFlag_RXNE	16	static
../Drivers/STM32F4xx_HAL_Driver/Inc/stm32f4xx_ll_spi.h:743:26:LL_SPI_IsActiveFlag_TXE	16	static
../Drivers/STM32F4xx_HAL_Driver/Inc/stm32f4xx_ll_spi.h:1057:26:LL_SPI_DMA_GetRegAddr	16	static
../Drivers/STM32F4xx_HAL_Driver/Inc/stm32f4xx_ll_spi.h:1076:25:LL_SPI_ReceiveData8	16	static
../Drivers/STM32F4xx_HAL_Driver/Inc/stm32f4xx_ll_spi.h:1099:22:LL_SPI_TransmitData8	24	static
../Drivers/STM32F4xx_HAL_Driver/Inc/stm32f4xx_ll_dma.h:495:22:LL_DMA_EnableStream	16	static
../Drivers/STM32F4xx_HAL_Driver/Inc/stm32f4xx_ll_dma.h:515:22:LL_DMA_DisableStream	16	static
../Drivers/STM32F4xx_HAL_Driver/Inc/stm32f4xx_ll_dma.h:619:26:LL_DMA_GetDataTransferDirection	16	static
../Drivers/STM32F4xx_HAL_Driver/Inc/stm32f4xx_ll_dma.h:969:22:LL_DMA_SetDataLength	24	static
../Drivers/STM32F4xx_HAL_Driver/Inc/stm32f4xx_ll_dma.h:1403:22:LL_DMA_ConfigAddresses	24	static
../Src/ll_spi_ili9341.c:48:6:TFTDisplay_ILI9341_Initialization	16	static
../Src/ll_spi_ili9341.c:85:6:TFTDisplay_ILI9341_FillRect	48	static
../Src/ll_spi_ili9341.c:132:6:TFTDisplay_ILI9341_FillScreen	24	static
../Src/ll_spi_ili9341.c:137:6:TFTDisplay_ILI9341_DrawPixel	24	static
../Src/ll_spi_ili9341.c:153:6:TFTDisplay_ILI9341_DrawLine	56	static
../Src/ll_spi_ili9341.c:204:6:TFTDisplay_ILI9341_DrawClearRect	32	static
../Src/ll_spi_ili9341.c:213:6:TFTDisplay_ILI9341_DrawCircle	48	static
../Src/ll_spi_ili9341.c:248:6:TFTDisplay_ILI9341_SetTextColor	16	static
../Src/ll_spi_ili9341.c:253:6:TFTDisplay_ILI9341_SetBackColor	16	static
../Src/ll_spi_ili9341.c:258:6:TFTDisplay_ILI9341_SetFont	16	static
../Src/ll_spi_ili9341.c:263:6:TFTDisplay_ILI9341_DrawChar	56	static
../Src/ll_spi_ili9341.c:313:6:TFTDisplay_ILI9341_String	16	static
../Src/ll_spi_ili9341.c:323:6:TFTDisplay_ILI9341_SetRotation	16	static
../Src/ll_spi_ili9341.c:356:13:tftDisplay_ILI9341_SendCommand	32	static
../Src/ll_spi_ili9341.c:369:13:tftDisplay_ILI9341_SendData	16	static
../Src/ll_spi_ili9341.c:395:13:tftDisplay_ILI9341_SendSingleData	32	static
../Src/ll_spi_ili9341.c:411:13:tftDisplay_ILI9341_WriteMultipleData	40	static
../Src/ll_spi_ili9341.c:426:13:tftDisplay_ILI9341_Reset	8	static
../Src/ll_spi_ili9341.c:432:13:tftDisplay_ILI9341_FontsInitialization	4	static
../Src/ll_spi_ili9341.c:448:13:tftDisplay_ILI9341_SetAddrWindow	24	static
../Src/ll_spi_ili9341.c:468:13:tftDisplay_ILI9341_Init_PowerControl_A	8	static
../Src/ll_spi_ili9341.c:479:13:tftDisplay_ILI9341_Init_PowerControl_B	8	static
../Src/ll_spi_ili9341.c:488:13:tftDisplay_ILI9341_Init_DriverTimingControl_A	8	static
../Src/ll_spi_ili9341.c:497:13:tftDisplay_ILI9341_Init_DriverTimingControl_B	8	static
../Src/ll_spi_ili9341.c:505:13:tftDisplay_ILI9341_Init_PowerSequenceControl	8	static
../Src/ll_spi_ili9341.c:515:13:tftDisplay_ILI9341_Init_PumpRatioControl	8	static
../Src/ll_spi_ili9341.c:522:13:tftDisplay_ILI9341_Init_PowerControlVRH	8	static
../Src/ll_spi_ili9341.c:529:13:tftDisplay_ILI9341_Init_PowerControlSAP	8	static
../Src/ll_spi_ili9341.c:536:13:tftDisplay_ILI9341_Init_VCOMControl_1	8	static
../Src/ll_spi_ili9341.c:544:13:tftDisplay_ILI9341_Init_VCOMControl_2	8	static
../Src/ll_spi_ili9341.c:551:13:tftDisplay_ILI9341_Init_MemmoryAccessControl	8	static
../Src/ll_spi_ili9341.c:558:13:tftDisplay_ILI9341_Init_PixelFormatSet	8	static
../Src/ll_spi_ili9341.c:565:13:tftDisplay_ILI9341_Init_FrameRationControl	8	static
../Src/ll_spi_ili9341.c:573:13:tftDisplay_ILI9341_Init_DisplayFunctionControl	8	static
../Src/ll_spi_ili9341.c:581:13:tftDisplay_ILI9341_Init_GammaSet	8	static
../Src/ll_spi_ili9341.c:588:13:tftDisplay_ILI9341_Init_PositiveGammaCorection	8	static
../Src/ll_spi_ili9341.c:609:13:tftDisplay_ILI9341_Init_NegativeGammaCorection	8	static
