../Drivers/STM32F4xx_HAL_Driver/Inc/stm32f4xx_ll_gpio.h:881:22:LL_GPIO_SetOutputPin	16	static
../Drivers/STM32F4xx_HAL_Driver/Inc/stm32f4xx_ll_gpio.h:910:22:LL_GPIO_ResetOutputPin	16	static
../Drivers/STM32F4xx_HAL_Driver/Inc/stm32f4xx_ll_spi.h:731:26:LL_SPI_IsActiveFlag_RXNE	16	static
../Drivers/STM32F4xx_HAL_Driver/Inc/stm32f4xx_ll_spi.h:742:26:LL_SPI_IsActiveFlag_TXE	16	static
../Drivers/STM32F4xx_HAL_Driver/Inc/stm32f4xx_ll_spi.h:1056:26:LL_SPI_DMA_GetRegAddr	16	static
../Drivers/STM32F4xx_HAL_Driver/Inc/stm32f4xx_ll_spi.h:1075:25:LL_SPI_ReceiveData8	16	static
../Drivers/STM32F4xx_HAL_Driver/Inc/stm32f4xx_ll_spi.h:1098:22:LL_SPI_TransmitData8	24	static
../Drivers/STM32F4xx_HAL_Driver/Inc/stm32f4xx_ll_dma.h:494:22:LL_DMA_EnableStream	16	static
../Drivers/STM32F4xx_HAL_Driver/Inc/stm32f4xx_ll_dma.h:514:22:LL_DMA_DisableStream	16	static
../Drivers/STM32F4xx_HAL_Driver/Inc/stm32f4xx_ll_dma.h:618:26:LL_DMA_GetDataTransferDirection	16	static
../Drivers/STM32F4xx_HAL_Driver/Inc/stm32f4xx_ll_dma.h:968:22:LL_DMA_SetDataLength	24	static
../Drivers/STM32F4xx_HAL_Driver/Inc/stm32f4xx_ll_dma.h:1402:22:LL_DMA_ConfigAddresses	24	static
../Src/ll_spi_ili9341.c:50:6:TFTDisplay_ILI9341_Initialization	16	static
../Src/ll_spi_ili9341.c:87:6:TFTDisplay_ILI9341_FillRect	48	static
../Src/ll_spi_ili9341.c:134:6:TFTDisplay_ILI9341_FillScreen	24	static
../Src/ll_spi_ili9341.c:139:6:TFTDisplay_ILI9341_DrawPixel	24	static
../Src/ll_spi_ili9341.c:158:6:TFTDisplay_ILI9341_DrawLine	56	static
../Src/ll_spi_ili9341.c:212:6:TFTDisplay_ILI9341_DrawClearRect	32	static
../Src/ll_spi_ili9341.c:221:6:TFTDisplay_ILI9341_DrawCircle	48	static
../Src/ll_spi_ili9341.c:256:6:TFTDisplay_ILI9341_FillCircle	64	static
../Src/ll_spi_ili9341.c:288:6:TFTDisplay_ILI9341_SetTextColor	16	static
../Src/ll_spi_ili9341.c:293:6:TFTDisplay_ILI9341_SetBackColor	16	static
../Src/ll_spi_ili9341.c:298:6:TFTDisplay_ILI9341_SetFont	16	static
../Src/ll_spi_ili9341.c:303:6:TFTDisplay_ILI9341_DrawChar	56	static
../Src/ll_spi_ili9341.c:355:6:TFTDisplay_ILI9341_String	16	static
../Src/ll_spi_ili9341.c:365:6:TFTDisplay_ILI9341_SetRotation	16	static
../Src/ll_spi_ili9341.c:398:13:tftDisplay_ILI9341_SendCommand	32	static
../Src/ll_spi_ili9341.c:411:13:tftDisplay_ILI9341_SendData	16	static
../Src/ll_spi_ili9341.c:437:13:tftDisplay_ILI9341_SendSingleData	32	static
../Src/ll_spi_ili9341.c:453:13:tftDisplay_ILI9341_WriteMultipleData	40	static
../Src/ll_spi_ili9341.c:468:13:tftDisplay_ILI9341_Reset	8	static
../Src/ll_spi_ili9341.c:474:13:tftDisplay_ILI9341_FontsInitialization	4	static
../Src/ll_spi_ili9341.c:490:13:tftDisplay_ILI9341_SetAddrWindow	24	static
../Src/ll_spi_ili9341.c:510:13:tftDisplay_ILI9341_Init_PowerControl_A	8	static
../Src/ll_spi_ili9341.c:521:13:tftDisplay_ILI9341_Init_PowerControl_B	8	static
../Src/ll_spi_ili9341.c:530:13:tftDisplay_ILI9341_Init_DriverTimingControl_A	8	static
../Src/ll_spi_ili9341.c:539:13:tftDisplay_ILI9341_Init_DriverTimingControl_B	8	static
../Src/ll_spi_ili9341.c:547:13:tftDisplay_ILI9341_Init_PowerSequenceControl	8	static
../Src/ll_spi_ili9341.c:557:13:tftDisplay_ILI9341_Init_PumpRatioControl	8	static
../Src/ll_spi_ili9341.c:564:13:tftDisplay_ILI9341_Init_PowerControlVRH	8	static
../Src/ll_spi_ili9341.c:571:13:tftDisplay_ILI9341_Init_PowerControlSAP	8	static
../Src/ll_spi_ili9341.c:578:13:tftDisplay_ILI9341_Init_VCOMControl_1	8	static
../Src/ll_spi_ili9341.c:586:13:tftDisplay_ILI9341_Init_VCOMControl_2	8	static
../Src/ll_spi_ili9341.c:593:13:tftDisplay_ILI9341_Init_MemmoryAccessControl	8	static
../Src/ll_spi_ili9341.c:600:13:tftDisplay_ILI9341_Init_PixelFormatSet	8	static
../Src/ll_spi_ili9341.c:607:13:tftDisplay_ILI9341_Init_FrameRationControl	8	static
../Src/ll_spi_ili9341.c:615:13:tftDisplay_ILI9341_Init_DisplayFunctionControl	8	static
../Src/ll_spi_ili9341.c:623:13:tftDisplay_ILI9341_Init_GammaSet	8	static
../Src/ll_spi_ili9341.c:630:13:tftDisplay_ILI9341_Init_PositiveGammaCorection	8	static
../Src/ll_spi_ili9341.c:651:13:tftDisplay_ILI9341_Init_NegativeGammaCorection	8	static
