11:44:52 **** Incremental Build of configuration Debug for project Bazowy_STM32_LCD_SPI_ILI9341 ****
make -j6 all 
arm-none-eabi-gcc "../Src/main.c" -mcpu=cortex-m4 -std=gnu11 -g3 -DVECT_TAB_SRAM -DDEBUG -DSTM32F429xx -DUSE_FULL_LL_DRIVER -DHSE_VALUE=8000000 -DHSE_STARTUP_TIMEOUT=100 -DLSE_STARTUP_TIMEOUT=5000 -DLSE_VALUE=32768 -DEXTERNAL_CLOCK_VALUE=12288000 -DHSI_VALUE=16000000 -DLSI_VALUE=32000 -DVDD_VALUE=3300 -DPREFETCH_ENABLE=1 -DINSTRUCTION_CACHE_ENABLE=1 -DDATA_CACHE_ENABLE=1 -c -I../Inc -I../Drivers/CMSIS/Include -I../Drivers/STM32F4xx_HAL_Driver/Inc -I../Drivers/CMSIS/Device/ST/STM32F4xx/Include -I../Middlewares/Third_Party/FreeRTOS/Source/include -I../Middlewares/Third_Party/FreeRTOS/Source/CMSIS_RTOS_V2 -I../Middlewares/Third_Party/FreeRTOS/Source/portable/GCC/ARM_CM4F -O0 -ffunction-sections -fdata-sections -Wall -fstack-usage -MMD -MP -MF"Src/main.d" -MT"Src/main.o" --specs=nano.specs -mfpu=fpv4-sp-d16 -mfloat-abi=hard -mthumb -o "Src/main.o"
arm-none-eabi-gcc -o "Bazowy_STM32_LCD_SPI_ILI9341.elf" @"objects.list"   -mcpu=cortex-m4 -T"C:\Users\Student\Desktop\245626_245585\OSM_Proj2\V3\Bazowy_STM32_LCD_SPI_ILI9341\STM32F429ZITX_RAM.ld" --specs=nosys.specs -Wl,-Map="Bazowy_STM32_LCD_SPI_ILI9341.map" -Wl,--gc-sections -static --specs=nano.specs -mfpu=fpv4-sp-d16 -mfloat-abi=hard -mthumb -Wl,--start-group -lc -lm -Wl,--end-group
Finished building target: Bazowy_STM32_LCD_SPI_ILI9341.elf
 
arm-none-eabi-size   Bazowy_STM32_LCD_SPI_ILI9341.elf 
arm-none-eabi-objdump -h -S  Bazowy_STM32_LCD_SPI_ILI9341.elf  > "Bazowy_STM32_LCD_SPI_ILI9341.list"
   text	   data	    bss	    dec	    hex	filename
  41772	    192	  88936	 130900	  1ff54	Bazowy_STM32_LCD_SPI_ILI9341.elf
Finished building: default.size.stdout
 
Finished building: Bazowy_STM32_LCD_SPI_ILI9341.list
 

11:44:53 Build Finished. 0 errors, 0 warnings. (took 1s.55ms)

