../Drivers/STM32F4xx_HAL_Driver/Inc/stm32f4xx_ll_gpio.h:881:22:LL_GPIO_SetOutputPin	16	static
../Drivers/STM32F4xx_HAL_Driver/Inc/stm32f4xx_ll_gpio.h:910:22:LL_GPIO_ResetOutputPin	16	static
../Drivers/STM32F4xx_HAL_Driver/Inc/stm32f4xx_ll_spi.h:731:26:LL_SPI_IsActiveFlag_RXNE	16	static
../Drivers/STM32F4xx_HAL_Driver/Inc/stm32f4xx_ll_spi.h:742:26:LL_SPI_IsActiveFlag_TXE	16	static
../Drivers/STM32F4xx_HAL_Driver/Inc/stm32f4xx_ll_spi.h:1056:26:LL_SPI_DMA_GetRegAddr	16	static
../Drivers/STM32F4xx_HAL_Driver/Inc/stm32f4xx_ll_spi.h:1075:25:LL_SPI_ReceiveData8	16	static
../Drivers/STM32F4xx_HAL_Driver/Inc/stm32f4xx_ll_spi.h:1098:22:LL_SPI_TransmitData8	24	static
../Drivers/STM32F4xx_HAL_Driver/Inc/stm32f4xx_ll_dma.h:494:22:LL_DMA_EnableStream	16	static
../Drivers/STM32F4xx_HAL_Driver/Inc/stm32f4xx_ll_dma.h:514:22:LL_DMA_DisableStream	16	static
../Drivers/STM32F4xx_HAL_Driver/Inc/stm32f4xx_ll_dma.h:618:26:LL_DMA_GetDataTransferDirection	16	static
../Drivers/STM32F4xx_HAL_Driver/Inc/stm32f4xx_ll_dma.h:968:22:LL_DMA_SetDataLength	24	static
../Drivers/STM32F4xx_HAL_Driver/Inc/stm32f4xx_ll_dma.h:1402:22:LL_DMA_ConfigAddresses	24	static
../Src/ll_spi_ili9341.c:50:6:TFTDisplay_ILI9341_Initialization	16	static
../Src/ll_spi_ili9341.c:87:6:TFTDisplay_ILI9341_FillRect	48	static
../Src/ll_spi_ili9341.c:134:6:TFTDisplay_ILI9341_FillScreen	24	static
../Src/ll_spi_ili9341.c:139:6:TFTDisplay_ILI9341_DrawPixel	24	static
../Src/ll_spi_ili9341.c:158:6:TFTDisplay_ILI9341_DrawLine	56	static
../Src/ll_spi_ili9341.c:212:6:TFTDisplay_ILI9341_DrawClearRect	32	static
../Src/ll_spi_ili9341.c:221:6:TFTDisplay_ILI9341_DrawCircle	48	static
../Src/ll_spi_ili9341.c:256:6:TFTDisplay_ILI9341_SetTextColor	16	static
../Src/ll_spi_ili9341.c:261:6:TFTDisplay_ILI9341_SetBackColor	16	static
../Src/ll_spi_ili9341.c:266:6:TFTDisplay_ILI9341_SetFont	16	static
../Src/ll_spi_ili9341.c:271:6:TFTDisplay_ILI9341_DrawChar	56	static
../Src/ll_spi_ili9341.c:323:6:TFTDisplay_ILI9341_String	16	static
../Src/ll_spi_ili9341.c:333:6:TFTDisplay_ILI9341_SetRotation	16	static
../Src/ll_spi_ili9341.c:366:13:tftDisplay_ILI9341_SendCommand	32	static
../Src/ll_spi_ili9341.c:379:13:tftDisplay_ILI9341_SendData	16	static
../Src/ll_spi_ili9341.c:405:13:tftDisplay_ILI9341_SendSingleData	32	static
../Src/ll_spi_ili9341.c:421:13:tftDisplay_ILI9341_WriteMultipleData	40	static
../Src/ll_spi_ili9341.c:436:13:tftDisplay_ILI9341_Reset	8	static
../Src/ll_spi_ili9341.c:442:13:tftDisplay_ILI9341_FontsInitialization	4	static
../Src/ll_spi_ili9341.c:458:13:tftDisplay_ILI9341_SetAddrWindow	24	static
../Src/ll_spi_ili9341.c:478:13:tftDisplay_ILI9341_Init_PowerControl_A	8	static
../Src/ll_spi_ili9341.c:489:13:tftDisplay_ILI9341_Init_PowerControl_B	8	static
../Src/ll_spi_ili9341.c:498:13:tftDisplay_ILI9341_Init_DriverTimingControl_A	8	static
../Src/ll_spi_ili9341.c:507:13:tftDisplay_ILI9341_Init_DriverTimingControl_B	8	static
../Src/ll_spi_ili9341.c:515:13:tftDisplay_ILI9341_Init_PowerSequenceControl	8	static
../Src/ll_spi_ili9341.c:525:13:tftDisplay_ILI9341_Init_PumpRatioControl	8	static
../Src/ll_spi_ili9341.c:532:13:tftDisplay_ILI9341_Init_PowerControlVRH	8	static
../Src/ll_spi_ili9341.c:539:13:tftDisplay_ILI9341_Init_PowerControlSAP	8	static
../Src/ll_spi_ili9341.c:546:13:tftDisplay_ILI9341_Init_VCOMControl_1	8	static
../Src/ll_spi_ili9341.c:554:13:tftDisplay_ILI9341_Init_VCOMControl_2	8	static
../Src/ll_spi_ili9341.c:561:13:tftDisplay_ILI9341_Init_MemmoryAccessControl	8	static
../Src/ll_spi_ili9341.c:568:13:tftDisplay_ILI9341_Init_PixelFormatSet	8	static
../Src/ll_spi_ili9341.c:575:13:tftDisplay_ILI9341_Init_FrameRationControl	8	static
../Src/ll_spi_ili9341.c:583:13:tftDisplay_ILI9341_Init_DisplayFunctionControl	8	static
../Src/ll_spi_ili9341.c:591:13:tftDisplay_ILI9341_Init_GammaSet	8	static
../Src/ll_spi_ili9341.c:598:13:tftDisplay_ILI9341_Init_PositiveGammaCorection	8	static
../Src/ll_spi_ili9341.c:619:13:tftDisplay_ILI9341_Init_NegativeGammaCorection	8	static
