Archive member included to satisfy reference by file (symbol)

c:/st/stm32cubeide_1.9.0/stm32cubeide/plugins/com.st.stm32cube.ide.mcu.externaltools.gnu-tools-for-stm32.10.3-2021.10.win32_1.0.0.202111181127/tools/bin/../lib/gcc/arm-none-eabi/10.3.1/../../../../arm-none-eabi/lib/thumb/v7e-m+fp/hard\libc_nano.a(lib_a-errno.o)
                              ./Src/syscalls.o (__errno)
c:/st/stm32cubeide_1.9.0/stm32cubeide/plugins/com.st.stm32cube.ide.mcu.externaltools.gnu-tools-for-stm32.10.3-2021.10.win32_1.0.0.202111181127/tools/bin/../lib/gcc/arm-none-eabi/10.3.1/../../../../arm-none-eabi/lib/thumb/v7e-m+fp/hard\libc_nano.a(lib_a-exit.o)
                              c:/st/stm32cubeide_1.9.0/stm32cubeide/plugins/com.st.stm32cube.ide.mcu.externaltools.gnu-tools-for-stm32.10.3-2021.10.win32_1.0.0.202111181127/tools/bin/../lib/gcc/arm-none-eabi/10.3.1/../../../../arm-none-eabi/lib/thumb/v7e-m+fp/hard/crt0.o (exit)
c:/st/stm32cubeide_1.9.0/stm32cubeide/plugins/com.st.stm32cube.ide.mcu.externaltools.gnu-tools-for-stm32.10.3-2021.10.win32_1.0.0.202111181127/tools/bin/../lib/gcc/arm-none-eabi/10.3.1/../../../../arm-none-eabi/lib/thumb/v7e-m+fp/hard\libc_nano.a(lib_a-findfp.o)
                              ./Middlewares/Third_Party/FreeRTOS/Source/tasks.o (__sf_fake_stderr)
c:/st/stm32cubeide_1.9.0/stm32cubeide/plugins/com.st.stm32cube.ide.mcu.externaltools.gnu-tools-for-stm32.10.3-2021.10.win32_1.0.0.202111181127/tools/bin/../lib/gcc/arm-none-eabi/10.3.1/../../../../arm-none-eabi/lib/thumb/v7e-m+fp/hard\libc_nano.a(lib_a-fwalk.o)
                              c:/st/stm32cubeide_1.9.0/stm32cubeide/plugins/com.st.stm32cube.ide.mcu.externaltools.gnu-tools-for-stm32.10.3-2021.10.win32_1.0.0.202111181127/tools/bin/../lib/gcc/arm-none-eabi/10.3.1/../../../../arm-none-eabi/lib/thumb/v7e-m+fp/hard\libc_nano.a(lib_a-findfp.o) (_fwalk)
c:/st/stm32cubeide_1.9.0/stm32cubeide/plugins/com.st.stm32cube.ide.mcu.externaltools.gnu-tools-for-stm32.10.3-2021.10.win32_1.0.0.202111181127/tools/bin/../lib/gcc/arm-none-eabi/10.3.1/../../../../arm-none-eabi/lib/thumb/v7e-m+fp/hard\libc_nano.a(lib_a-impure.o)
                              c:/st/stm32cubeide_1.9.0/stm32cubeide/plugins/com.st.stm32cube.ide.mcu.externaltools.gnu-tools-for-stm32.10.3-2021.10.win32_1.0.0.202111181127/tools/bin/../lib/gcc/arm-none-eabi/10.3.1/../../../../arm-none-eabi/lib/thumb/v7e-m+fp/hard\libc_nano.a(lib_a-exit.o) (_global_impure_ptr)
c:/st/stm32cubeide_1.9.0/stm32cubeide/plugins/com.st.stm32cube.ide.mcu.externaltools.gnu-tools-for-stm32.10.3-2021.10.win32_1.0.0.202111181127/tools/bin/../lib/gcc/arm-none-eabi/10.3.1/../../../../arm-none-eabi/lib/thumb/v7e-m+fp/hard\libc_nano.a(lib_a-init.o)
                              c:/st/stm32cubeide_1.9.0/stm32cubeide/plugins/com.st.stm32cube.ide.mcu.externaltools.gnu-tools-for-stm32.10.3-2021.10.win32_1.0.0.202111181127/tools/bin/../lib/gcc/arm-none-eabi/10.3.1/../../../../arm-none-eabi/lib/thumb/v7e-m+fp/hard/crt0.o (__libc_init_array)
c:/st/stm32cubeide_1.9.0/stm32cubeide/plugins/com.st.stm32cube.ide.mcu.externaltools.gnu-tools-for-stm32.10.3-2021.10.win32_1.0.0.202111181127/tools/bin/../lib/gcc/arm-none-eabi/10.3.1/../../../../arm-none-eabi/lib/thumb/v7e-m+fp/hard\libc_nano.a(lib_a-lock.o)
                              c:/st/stm32cubeide_1.9.0/stm32cubeide/plugins/com.st.stm32cube.ide.mcu.externaltools.gnu-tools-for-stm32.10.3-2021.10.win32_1.0.0.202111181127/tools/bin/../lib/gcc/arm-none-eabi/10.3.1/../../../../arm-none-eabi/lib/thumb/v7e-m+fp/hard\libc_nano.a(lib_a-findfp.o) (__retarget_lock_init_recursive)
c:/st/stm32cubeide_1.9.0/stm32cubeide/plugins/com.st.stm32cube.ide.mcu.externaltools.gnu-tools-for-stm32.10.3-2021.10.win32_1.0.0.202111181127/tools/bin/../lib/gcc/arm-none-eabi/10.3.1/../../../../arm-none-eabi/lib/thumb/v7e-m+fp/hard\libc_nano.a(lib_a-memcpy-stub.o)
                              ./Middlewares/Third_Party/FreeRTOS/Source/CMSIS_RTOS_V2/cmsis_os2.o (memcpy)
c:/st/stm32cubeide_1.9.0/stm32cubeide/plugins/com.st.stm32cube.ide.mcu.externaltools.gnu-tools-for-stm32.10.3-2021.10.win32_1.0.0.202111181127/tools/bin/../lib/gcc/arm-none-eabi/10.3.1/../../../../arm-none-eabi/lib/thumb/v7e-m+fp/hard\libc_nano.a(lib_a-memset.o)
                              c:/st/stm32cubeide_1.9.0/stm32cubeide/plugins/com.st.stm32cube.ide.mcu.externaltools.gnu-tools-for-stm32.10.3-2021.10.win32_1.0.0.202111181127/tools/bin/../lib/gcc/arm-none-eabi/10.3.1/../../../../arm-none-eabi/lib/thumb/v7e-m+fp/hard/crt0.o (memset)
c:/st/stm32cubeide_1.9.0/stm32cubeide/plugins/com.st.stm32cube.ide.mcu.externaltools.gnu-tools-for-stm32.10.3-2021.10.win32_1.0.0.202111181127/tools/bin/../lib/gcc/arm-none-eabi/10.3.1/../../../../arm-none-eabi/lib/thumb/v7e-m+fp/hard\libc_nano.a(lib_a-nano-mallocr.o)
[...]
Memory Configuration

Name             Origin             Length             Attributes
CCMRAM           0x0000000010000000 0x0000000000010000 xrw
RAM              0x0000000020000000 0x0000000000030000 xrw
FLASH            0x0000000008000000 0x0000000000200000 xr
*default*        0x0000000000000000 0xffffffffffffffff

Linker script and memory map

LOAD c:/st/stm32cubeide_1.9.0/stm32cubeide/plugins/com.st.stm32cube.ide.mcu.externaltools.gnu-tools-for-stm32.10.3-2021.10.win32_1.0.0.202111181127/tools/bin/../lib/gcc/arm-none-eabi/10.3.1/thumb/v7e-m+fp/hard/crti.o
LOAD c:/st/stm32cubeide_1.9.0/stm32cubeide/plugins/com.st.stm32cube.ide.mcu.externaltools.gnu-tools-for-stm32.10.3-2021.10.win32_1.0.0.202111181127/tools/bin/../lib/gcc/arm-none-eabi/10.3.1/thumb/v7e-m+fp/hard/crtbegin.o
LOAD c:/st/stm32cubeide_1.9.0/stm32cubeide/plugins/com.st.stm32cube.ide.mcu.externaltools.gnu-tools-for-stm32.10.3-2021.10.win32_1.0.0.202111181127/tools/bin/../lib/gcc/arm-none-eabi/10.3.1/../../../../arm-none-eabi/lib/thumb/v7e-m+fp/hard/crt0.o
LOAD ./Drivers/STM32F4xx_HAL_Driver/Src/stm32f4xx_ll_dma.o
LOAD ./Drivers/STM32F4xx_HAL_Driver/Src/stm32f4xx_ll_exti.o
LOAD ./Drivers/STM32F4xx_HAL_Driver/Src/stm32f4xx_ll_gpio.o
LOAD ./Drivers/STM32F4xx_HAL_Driver/Src/stm32f4xx_ll_rcc.o
LOAD ./Drivers/STM32F4xx_HAL_Driver/Src/stm32f4xx_ll_rng.o
LOAD ./Drivers/STM32F4xx_HAL_Driver/Src/stm32f4xx_ll_spi.o
LOAD ./Drivers/STM32F4xx_HAL_Driver/Src/stm32f4xx_ll_utils.o
LOAD ./Middlewares/Third_Party/FreeRTOS/Source/CMSIS_RTOS_V2/cmsis_os2.o
LOAD ./Middlewares/Third_Party/FreeRTOS/Source/croutine.o
LOAD ./Middlewares/Third_Party/FreeRTOS/Source/event_groups.o
LOAD ./Middlewares/Third_Party/FreeRTOS/Source/list.o
LOAD ./Middlewares/Third_Party/FreeRTOS/Source/queue.o
LOAD ./Middlewares/Third_Party/FreeRTOS/Source/stream_buffer.o
LOAD ./Middlewares/Third_Party/FreeRTOS/Source/tasks.o
LOAD ./Middlewares/Third_Party/FreeRTOS/Source/timers.o
LOAD ./Middlewares/Third_Party/FreeRTOS/Source/portable/GCC/ARM_CM4F/port.o
LOAD ./Middlewares/Third_Party/FreeRTOS/Source/portable/MemMang/heap_4.o
LOAD ./Src/freertos.o
LOAD ./Src/ll_spi_ili9341.o
LOAD ./Src/main.o
LOAD ./Src/stm32f4xx_it.o
LOAD ./Src/syscalls.o
LOAD ./Src/sysmem.o
LOAD ./Src/system_stm32f4xx.o
LOAD ./Startup/startup_stm32f429zitx.o
START GROUP
LOAD c:/st/stm32cubeide_1.9.0/stm32cubeide/plugins/com.st.stm32cube.ide.mcu.externaltools.gnu-tools-for-stm32.10.3-2021.10.win32_1.0.0.202111181127/tools/bin/../lib/gcc/arm-none-eabi/10.3.1/../../../../arm-none-eabi/lib/thumb/v7e-m+fp/hard\libc_nano.a
LOAD c:/st/stm32cubeide_1.9.0/stm32cubeide/plugins/com.st.stm32cube.ide.mcu.externaltools.gnu-tools-for-stm32.10.3-2021.10.win32_1.0.0.202111181127/tools/bin/../lib/gcc/arm-none-eabi/10.3.1/../../../../arm-none-eabi/lib/thumb/v7e-m+fp/hard\libm.a
END GROUP
START GROUP
LOAD c:/st/stm32cubeide_1.9.0/stm32cubeide/plugins/com.st.stm32cube.ide.mcu.externaltools.gnu-tools-for-stm32.10.3-2021.10.win32_1.0.0.202111181127/tools/bin/../lib/gcc/arm-none-eabi/10.3.1/thumb/v7e-m+fp/hard\libgcc.a
LOAD c:/st/stm32cubeide_1.9.0/stm32cubeide/plugins/com.st.stm32cube.ide.mcu.externaltools.gnu-tools-for-stm32.10.3-2021.10.win32_1.0.0.202111181127/tools/bin/../lib/gcc/arm-none-eabi/10.3.1/../../../../arm-none-eabi/lib/thumb/v7e-m+fp/hard\libc_nano.a
END GROUP
START GROUP
LOAD c:/st/stm32cubeide_1.9.0/stm32cubeide/plugins/com.st.stm32cube.ide.mcu.externaltools.gnu-tools-for-stm32.10.3-2021.10.win32_1.0.0.202111181127/tools/bin/../lib/gcc/arm-none-eabi/10.3.1/thumb/v7e-m+fp/hard\libgcc.a
LOAD c:/st/stm32cubeide_1.9.0/stm32cubeide/plugins/com.st.stm32cube.ide.mcu.externaltools.gnu-tools-for-stm32.10.3-2021.10.win32_1.0.0.202111181127/tools/bin/../lib/gcc/arm-none-eabi/10.3.1/../../../../arm-none-eabi/lib/thumb/v7e-m+fp/hard\libc_nano.a
LOAD c:/st/stm32cubeide_1.9.0/stm32cubeide/plugins/com.st.stm32cube.ide.mcu.externaltools.gnu-tools-for-stm32.10.3-2021.10.win32_1.0.0.202111181127/tools/bin/../lib/gcc/arm-none-eabi/10.3.1/../../../../arm-none-eabi/lib/thumb/v7e-m+fp/hard\libnosys.a
END GROUP
START GROUP
LOAD c:/st/stm32cubeide_1.9.0/stm32cubeide/plugins/com.st.stm32cube.ide.mcu.externaltools.gnu-tools-for-stm32.10.3-2021.10.win32_1.0.0.202111181127/tools/bin/../lib/gcc/arm-none-eabi/10.3.1/thumb/v7e-m+fp/hard\libgcc.a
LOAD c:/st/stm32cubeide_1.9.0/stm32cubeide/plugins/com.st.stm32cube.ide.mcu.externaltools.gnu-tools-for-stm32.10.3-2021.10.win32_1.0.0.202111181127/tools/bin/../lib/gcc/arm-none-eabi/10.3.1/../../../../arm-none-eabi/lib/thumb/v7e-m+fp/hard\libc_nano.a
LOAD c:/st/stm32cubeide_1.9.0/stm32cubeide/plugins/com.st.stm32cube.ide.mcu.externaltools.gnu-tools-for-stm32.10.3-2021.10.win32_1.0.0.202111181127/tools/bin/../lib/gcc/arm-none-eabi/10.3.1/../../../../arm-none-eabi/lib/thumb/v7e-m+fp/hard\libnosys.a
END GROUP
LOAD c:/st/stm32cubeide_1.9.0/stm32cubeide/plugins/com.st.stm32cube.ide.mcu.externaltools.gnu-tools-for-stm32.10.3-2021.10.win32_1.0.0.202111181127/tools/bin/../lib/gcc/arm-none-eabi/10.3.1/thumb/v7e-m+fp/hard/crtend.o
LOAD c:/st/stm32cubeide_1.9.0/stm32cubeide/plugins/com.st.stm32cube.ide.mcu.externaltools.gnu-tools-for-stm32.10.3-2021.10.win32_1.0.0.202111181127/tools/bin/../lib/gcc/arm-none-eabi/10.3.1/thumb/v7e-m+fp/hard/crtn.o
                0x0000000020030000                _estack = (ORIGIN (RAM) + LENGTH (RAM))
                0x0000000000000200                _Min_Heap_Size = 0x200
                0x0000000000000400                _Min_Stack_Size = 0x400

.isr_vector     0x0000000020000000      0x1ac
                0x0000000020000000                . = ALIGN (0x4)
 *(.isr_vector)
 .isr_vector    0x0000000020000000      0x1ac ./Startup/startup_stm32f429zitx.o
                0x0000000020000000                g_pfnVectors
                0x00000000200001ac                . = ALIGN (0x4)

.text           0x00000000200001b0     0x5e10
                0x00000000200001b0                . = ALIGN (0x4)
 *(.text)
 .text          0x00000000200001b0       0x40 c:/st/stm32cubeide_1.9.0/stm32cubeide/plugins/com.st.stm32cube.ide.mcu.externaltools.gnu-tools-for-stm32.10.3-2021.10.win32_1.0.0.202111181127/tools/bin/../lib/gcc/arm-none-eabi/10.3.1/thumb/v7e-m+fp/hard/crtbegin.o
 *(.text*)
 .text.LL_GPIO_SetPinMode
                0x00000000200001f0       0x5e ./Drivers/STM32F4xx_HAL_Driver/Src/stm32f4xx_ll_gpio.o
 .text.LL_GPIO_SetPinOutputType
                0x000000002000024e       0x30 ./Drivers/STM32F4xx_HAL_Driver/Src/stm32f4xx_ll_gpio.o
 .text.LL_GPIO_SetPinSpeed
                0x000000002000027e       0x5e ./Drivers/STM32F4xx_HAL_Driver/Src/stm32f4xx_ll_gpio.o
 .text.LL_GPIO_SetPinPull
                0x00000000200002dc       0x5e ./Drivers/STM32F4xx_HAL_Driver/Src/stm32f4xx_ll_gpio.o
 .text.LL_GPIO_SetAFPin_0_7
                0x000000002000033a       0x5e ./Drivers/STM32F4xx_HAL_Driver/Src/stm32f4xx_ll_gpio.o
 .text.LL_GPIO_SetAFPin_8_15
                0x0000000020000398       0x62 ./Drivers/STM32F4xx_HAL_Driver/Src/stm32f4xx_ll_gpio.o
 .text.LL_GPIO_Init
                0x00000000200003fa       0xe6 ./Drivers/STM32F4xx_HAL_Driver/Src/stm32f4xx_ll_gpio.o
                0x00000000200003fa                LL_GPIO_Init
 .text.LL_SPI_IsEnabled
                0x00000000200004e0       0x26 ./Drivers/STM32F4xx_HAL_Driver/Src/stm32f4xx_ll_spi.o
 .text.LL_SPI_SetCRCPolynomial
                0x0000000020000506       0x20 ./Drivers/STM32F4xx_HAL_Driver/Src/stm32f4xx_ll_spi.o
 .text.LL_SPI_Init
                0x0000000020000526       0xa4 ./Drivers/STM32F4xx_HAL_Driver/Src/stm32f4xx_ll_spi.o
                0x0000000020000526                LL_SPI_Init
 *fill*         0x00000000200005ca        0x2 
 .text.LL_InitTick
                0x00000000200005cc       0x34 ./Drivers/STM32F4xx_HAL_Driver/Src/stm32f4xx_ll_utils.o
 .text.LL_Init1msTick
                0x0000000020000600       0x1a ./Drivers/STM32F4xx_HAL_Driver/Src/stm32f4xx_ll_utils.o
                0x0000000020000600                LL_Init1msTick
 *fill*         0x000000002000061a        0x2 
 .text.LL_mDelay
                0x000000002000061c       0x4c ./Drivers/STM32F4xx_HAL_Driver/Src/stm32f4xx_ll_utils.o
                0x000000002000061c                LL_mDelay
 .text.LL_SetSystemCoreClock
                0x0000000020000668       0x20 ./Drivers/STM32F4xx_HAL_Driver/Src/stm32f4xx_ll_utils.o
                0x0000000020000668                LL_SetSystemCoreClock
 .text.__NVIC_SetPriority
                0x0000000020000688       0x54 ./Middlewares/Third_Party/FreeRTOS/Source/CMSIS_RTOS_V2/cmsis_os2.o
 .text.SVC_Setup
                0x00000000200006dc       0x12 ./Middlewares/Third_Party/FreeRTOS/Source/CMSIS_RTOS_V2/cmsis_os2.o
 *fill*         0x00000000200006ee        0x2 
 .text.osKernelInitialize
                0x00000000200006f0       0x48 ./Middlewares/Third_Party/FreeRTOS/Source/CMSIS_RTOS_V2/cmsis_os2.o
                0x00000000200006f0                osKernelInitialize
 .text.osKernelStart
                0x0000000020000738       0x4c ./Middlewares/Third_Party/FreeRTOS/Source/CMSIS_RTOS_V2/cmsis_os2.o
                0x0000000020000738                osKernelStart
 .text.osThreadNew
                0x0000000020000784      0x124 ./Middlewares/Third_Party/FreeRTOS/Source/CMSIS_RTOS_V2/cmsis_os2.o
                0x0000000020000784                osThreadNew
 .text.osDelay  0x00000000200008a8       0x36 ./Middlewares/Third_Party/FreeRTOS/Source/CMSIS_RTOS_V2/cmsis_os2.o
                0x00000000200008a8                osDelay
 .text.osSemaphoreNew
                0x00000000200008de      0x112 ./Middlewares/Third_Party/FreeRTOS/Source/CMSIS_RTOS_V2/cmsis_os2.o
                0x00000000200008de                osSemaphoreNew
 .text.osSemaphoreAcquire
                0x00000000200009f0       0xa4 ./Middlewares/Third_Party/FreeRTOS/Source/CMSIS_RTOS_V2/cmsis_os2.o
                0x00000000200009f0                osSemaphoreAcquire
 .text.osSemaphoreRelease
                0x0000000020000a94       0x88 ./Middlewares/Third_Party/FreeRTOS/Source/CMSIS_RTOS_V2/cmsis_os2.o
                0x0000000020000a94                osSemaphoreRelease
 .text.vApplicationGetIdleTaskMemory
                0x0000000020000b1c       0x34 ./Middlewares/Third_Party/FreeRTOS/Source/CMSIS_RTOS_V2/cmsis_os2.o
                0x0000000020000b1c                vApplicationGetIdleTaskMemory
 .text.vApplicationGetTimerTaskMemory
                0x0000000020000b50       0x34 ./Middlewares/Third_Party/FreeRTOS/Source/CMSIS_RTOS_V2/cmsis_os2.o
                0x0000000020000b50                vApplicationGetTimerTaskMemory
 .text.vListInitialise
                0x0000000020000b84       0x40 ./Middlewares/Third_Party/FreeRTOS/Source/list.o
                0x0000000020000b84                vListInitialise
 .text.vListInitialiseItem
                0x0000000020000bc4       0x1a ./Middlewares/Third_Party/FreeRTOS/Source/list.o
                0x0000000020000bc4                vListInitialiseItem
 .text.vListInsertEnd
                0x0000000020000bde       0x48 ./Middlewares/Third_Party/FreeRTOS/Source/list.o
                0x0000000020000bde                vListInsertEnd
 .text.vListInsert
                0x0000000020000c26       0x72 ./Middlewares/Third_Party/FreeRTOS/Source/list.o
                0x0000000020000c26                vListInsert
 .text.uxListRemove
                0x0000000020000c98       0x54 ./Middlewares/Third_Party/FreeRTOS/Source/list.o
                0x0000000020000c98                uxListRemove
 .text.xQueueGenericReset
                0x0000000020000cec       0xd0 ./Middlewares/Third_Party/FreeRTOS/Source/queue.o
                0x0000000020000cec                xQueueGenericReset
 .text.xQueueGenericCreateStatic
                0x0000000020000dbc       0xf0 ./Middlewares/Third_Party/FreeRTOS/Source/queue.o
                0x0000000020000dbc                xQueueGenericCreateStatic
 .text.xQueueGenericCreate
                0x0000000020000eac       0x74 ./Middlewares/Third_Party/FreeRTOS/Source/queue.o
                0x0000000020000eac                xQueueGenericCreate
 .text.prvInitialiseNewQueue
                0x0000000020000f20       0x46 ./Middlewares/Third_Party/FreeRTOS/Source/queue.o
 .text.xQueueCreateCountingSemaphoreStatic
                0x0000000020000f66       0x6e ./Middlewares/Third_Party/FreeRTOS/Source/queue.o
                0x0000000020000f66                xQueueCreateCountingSemaphoreStatic
 .text.xQueueCreateCountingSemaphore
                0x0000000020000fd4       0x66 ./Middlewares/Third_Party/FreeRTOS/Source/queue.o
                0x0000000020000fd4                xQueueCreateCountingSemaphore
 *fill*         0x000000002000103a        0x2 
 .text.xQueueGenericSend
                0x000000002000103c      0x1fc ./Middlewares/Third_Party/FreeRTOS/Source/queue.o
                0x000000002000103c                xQueueGenericSend
 .text.xQueueGenericSendFromISR
                0x0000000020001238      0x136 ./Middlewares/Third_Party/FreeRTOS/Source/queue.o
                0x0000000020001238                xQueueGenericSendFromISR
 .text.xQueueGiveFromISR
                0x000000002000136e      0x11a ./Middlewares/Third_Party/FreeRTOS/Source/queue.o
                0x000000002000136e                xQueueGiveFromISR
 .text.xQueueReceive
                0x0000000020001488      0x1c0 ./Middlewares/Third_Party/FreeRTOS/Source/queue.o
                0x0000000020001488                xQueueReceive
 .text.xQueueSemaphoreTake
                0x0000000020001648      0x218 ./Middlewares/Third_Party/FreeRTOS/Source/queue.o
                0x0000000020001648                xQueueSemaphoreTake
 .text.xQueueReceiveFromISR
                0x0000000020001860      0x100 ./Middlewares/Third_Party/FreeRTOS/Source/queue.o
                0x0000000020001860                xQueueReceiveFromISR
 .text.vQueueDelete
                0x0000000020001960       0x46 ./Middlewares/Third_Party/FreeRTOS/Source/queue.o
                0x0000000020001960                vQueueDelete
 .text.prvGetDisinheritPriorityAfterTimeout
                0x00000000200019a6       0x30 ./Middlewares/Third_Party/FreeRTOS/Source/queue.o
 .text.prvCopyDataToQueue
                0x00000000200019d6       0xd4 ./Middlewares/Third_Party/FreeRTOS/Source/queue.o
 .text.prvCopyDataFromQueue
                0x0000000020001aaa       0x4c ./Middlewares/Third_Party/FreeRTOS/Source/queue.o
 .text.prvUnlockQueue
                0x0000000020001af6       0xa4 ./Middlewares/Third_Party/FreeRTOS/Source/queue.o
 .text.prvIsQueueEmpty
                0x0000000020001b9a       0x2c ./Middlewares/Third_Party/FreeRTOS/Source/queue.o
 .text.prvIsQueueFull
                0x0000000020001bc6       0x30 ./Middlewares/Third_Party/FreeRTOS/Source/queue.o
 *fill*         0x0000000020001bf6        0x2 
 .text.vQueueAddToRegistry
                0x0000000020001bf8       0x54 ./Middlewares/Third_Party/FreeRTOS/Source/queue.o
                0x0000000020001bf8                vQueueAddToRegistry
 .text.vQueueUnregisterQueue
                0x0000000020001c4c       0x54 ./Middlewares/Third_Party/FreeRTOS/Source/queue.o
                0x0000000020001c4c                vQueueUnregisterQueue
 .text.vQueueWaitForMessageRestricted
                0x0000000020001ca0       0x68 ./Middlewares/Third_Party/FreeRTOS/Source/queue.o
                0x0000000020001ca0                vQueueWaitForMessageRestricted
 .text.xTaskCreateStatic
                0x0000000020001d08       0xba ./Middlewares/Third_Party/FreeRTOS/Source/tasks.o
                0x0000000020001d08                xTaskCreateStatic
 .text.xTaskCreate
                0x0000000020001dc2       0x8a ./Middlewares/Third_Party/FreeRTOS/Source/tasks.o
                0x0000000020001dc2                xTaskCreate
 .text.prvInitialiseNewTask
                0x0000000020001e4c      0x14c ./Middlewares/Third_Party/FreeRTOS/Source/tasks.o
 .text.prvAddNewTaskToReadyList
                0x0000000020001f98       0xe0 ./Middlewares/Third_Party/FreeRTOS/Source/tasks.o
 .text.vTaskDelay
                0x0000000020002078       0x68 ./Middlewares/Third_Party/FreeRTOS/Source/tasks.o
                0x0000000020002078                vTaskDelay
 .text.vTaskStartScheduler
                0x00000000200020e0       0xe0 ./Middlewares/Third_Party/FreeRTOS/Source/tasks.o
                0x00000000200020e0                vTaskStartScheduler
 .text.vTaskSuspendAll
                0x00000000200021c0       0x1c ./Middlewares/Third_Party/FreeRTOS/Source/tasks.o
                0x00000000200021c0                vTaskSuspendAll
 .text.xTaskResumeAll
                0x00000000200021dc      0x13c ./Middlewares/Third_Party/FreeRTOS/Source/tasks.o
                0x00000000200021dc                xTaskResumeAll
 .text.xTaskGetTickCount
                0x0000000020002318       0x20 ./Middlewares/Third_Party/FreeRTOS/Source/tasks.o
                0x0000000020002318                xTaskGetTickCount
 .text.xTaskIncrementTick
                0x0000000020002338      0x174 ./Middlewares/Third_Party/FreeRTOS/Source/tasks.o
                0x0000000020002338                xTaskIncrementTick
 .text.vTaskSwitchContext
                0x00000000200024ac       0xc8 ./Middlewares/Third_Party/FreeRTOS/Source/tasks.o
                0x00000000200024ac                vTaskSwitchContext
 .text.vTaskPlaceOnEventList
                0x0000000020002574       0x48 ./Middlewares/Third_Party/FreeRTOS/Source/tasks.o
                0x0000000020002574                vTaskPlaceOnEventList
 .text.vTaskPlaceOnEventListRestricted
                0x00000000200025bc       0x58 ./Middlewares/Third_Party/FreeRTOS/Source/tasks.o
                0x00000000200025bc                vTaskPlaceOnEventListRestricted
 .text.xTaskRemoveFromEventList
                0x0000000020002614       0xc8 ./Middlewares/Third_Party/FreeRTOS/Source/tasks.o
                0x0000000020002614                xTaskRemoveFromEventList
 .text.vTaskInternalSetTimeOutState
                0x00000000200026dc       0x2c ./Middlewares/Third_Party/FreeRTOS/Source/tasks.o
                0x00000000200026dc                vTaskInternalSetTimeOutState
 .text.xTaskCheckForTimeOut
                0x0000000020002708       0xc4 ./Middlewares/Third_Party/FreeRTOS/Source/tasks.o
                0x0000000020002708                xTaskCheckForTimeOut
 .text.vTaskMissedYield
                0x00000000200027cc       0x18 ./Middlewares/Third_Party/FreeRTOS/Source/tasks.o
                0x00000000200027cc                vTaskMissedYield
 .text.prvIdleTask
                0x00000000200027e4       0x30 ./Middlewares/Third_Party/FreeRTOS/Source/tasks.o
 .text.prvInitialiseTaskLists
                0x0000000020002814       0x80 ./Middlewares/Third_Party/FreeRTOS/Source/tasks.o
 .text.prvCheckTasksWaitingTermination
                0x0000000020002894       0x5c ./Middlewares/Third_Party/FreeRTOS/Source/tasks.o
 .text.prvDeleteTCB
                0x00000000200028f0       0x68 ./Middlewares/Third_Party/FreeRTOS/Source/tasks.o
 .text.prvResetNextTaskUnblockTime
                0x0000000020002958       0x40 ./Middlewares/Third_Party/FreeRTOS/Source/tasks.o
 .text.xTaskGetSchedulerState
                0x0000000020002998       0x3c ./Middlewares/Third_Party/FreeRTOS/Source/tasks.o
                0x0000000020002998                xTaskGetSchedulerState
 .text.xTaskPriorityInherit
                0x00000000200029d4       0xd0 ./Middlewares/Third_Party/FreeRTOS/Source/tasks.o
                0x00000000200029d4                xTaskPriorityInherit
 .text.xTaskPriorityDisinherit
                0x0000000020002aa4       0xdc ./Middlewares/Third_Party/FreeRTOS/Source/tasks.o
                0x0000000020002aa4                xTaskPriorityDisinherit
 .text.vTaskPriorityDisinheritAfterTimeout
                0x0000000020002b80      0x104 ./Middlewares/Third_Party/FreeRTOS/Source/tasks.o
                0x0000000020002b80                vTaskPriorityDisinheritAfterTimeout
 .text.pvTaskIncrementMutexHeldCount
                0x0000000020002c84       0x28 ./Middlewares/Third_Party/FreeRTOS/Source/tasks.o
                0x0000000020002c84                pvTaskIncrementMutexHeldCount
 .text.prvAddCurrentTaskToDelayedList
                0x0000000020002cac       0xa8 ./Middlewares/Third_Party/FreeRTOS/Source/tasks.o
 .text.xTimerCreateTimerTask
                0x0000000020002d54       0x90 ./Middlewares/Third_Party/FreeRTOS/Source/timers.o
                0x0000000020002d54                xTimerCreateTimerTask
 .text.xTimerGenericCommand
                0x0000000020002de4       0x9c ./Middlewares/Third_Party/FreeRTOS/Source/timers.o
                0x0000000020002de4                xTimerGenericCommand
 .text.prvProcessExpiredTimer
                0x0000000020002e80       0x98 ./Middlewares/Third_Party/FreeRTOS/Source/timers.o
 .text.prvTimerTask
                0x0000000020002f18       0x24 ./Middlewares/Third_Party/FreeRTOS/Source/timers.o
 .text.prvProcessTimerOrBlockTask
                0x0000000020002f3c       0x9c ./Middlewares/Third_Party/FreeRTOS/Source/timers.o
 .text.prvGetNextExpireTime
                0x0000000020002fd8       0x48 ./Middlewares/Third_Party/FreeRTOS/Source/timers.o
 .text.prvSampleTimeNow
                0x0000000020003020       0x40 ./Middlewares/Third_Party/FreeRTOS/Source/timers.o
 .text.prvInsertTimerInActiveList
                0x0000000020003060       0x84 ./Middlewares/Third_Party/FreeRTOS/Source/timers.o
 .text.prvProcessReceivedCommands
                0x00000000200030e4      0x1c4 ./Middlewares/Third_Party/FreeRTOS/Source/timers.o
 .text.prvSwitchTimerLists
                0x00000000200032a8       0xc8 ./Middlewares/Third_Party/FreeRTOS/Source/timers.o
 .text.prvCheckForValidListAndQueue
                0x0000000020003370       0x80 ./Middlewares/Third_Party/FreeRTOS/Source/timers.o
 .text.pxPortInitialiseStack
                0x00000000200033f0       0x68 ./Middlewares/Third_Party/FreeRTOS/Source/portable/GCC/ARM_CM4F/port.o
                0x00000000200033f0                pxPortInitialiseStack
 .text.prvTaskExitError
                0x0000000020003458       0x58 ./Middlewares/Third_Party/FreeRTOS/Source/portable/GCC/ARM_CM4F/port.o
 .text.SVC_Handler
                0x00000000200034b0       0x28 ./Middlewares/Third_Party/FreeRTOS/Source/portable/GCC/ARM_CM4F/port.o
                0x00000000200034b0                SVC_Handler
 .text.prvPortStartFirstTask
                0x00000000200034d8       0x28 ./Middlewares/Third_Party/FreeRTOS/Source/portable/GCC/ARM_CM4F/port.o
 .text.xPortStartScheduler
                0x0000000020003500      0x144 ./Middlewares/Third_Party/FreeRTOS/Source/portable/GCC/ARM_CM4F/port.o
                0x0000000020003500                xPortStartScheduler
 .text.vPortEnterCritical
                0x0000000020003644       0x60 ./Middlewares/Third_Party/FreeRTOS/Source/portable/GCC/ARM_CM4F/port.o
                0x0000000020003644                vPortEnterCritical
 .text.vPortExitCritical
                0x00000000200036a4       0x54 ./Middlewares/Third_Party/FreeRTOS/Source/portable/GCC/ARM_CM4F/port.o
                0x00000000200036a4                vPortExitCritical
 *fill*         0x00000000200036f8        0x8 
 .text.PendSV_Handler
                0x0000000020003700       0x68 ./Middlewares/Third_Party/FreeRTOS/Source/portable/GCC/ARM_CM4F/port.o
                0x0000000020003700                PendSV_Handler
 .text.xPortSysTickHandler
                0x0000000020003768       0x44 ./Middlewares/Third_Party/FreeRTOS/Source/portable/GCC/ARM_CM4F/port.o
                0x0000000020003768                xPortSysTickHandler
 .text.vPortSetupTimerInterrupt
                0x00000000200037ac       0x48 ./Middlewares/Third_Party/FreeRTOS/Source/portable/GCC/ARM_CM4F/port.o
                0x00000000200037ac                vPortSetupTimerInterrupt
 .text.vPortEnableVFP
                0x00000000200037f4       0x14 ./Middlewares/Third_Party/FreeRTOS/Source/portable/GCC/ARM_CM4F/port.o
 .text.vPortValidateInterruptPriority
                0x0000000020003808       0x80 ./Middlewares/Third_Party/FreeRTOS/Source/portable/GCC/ARM_CM4F/port.o
                0x0000000020003808                vPortValidateInterruptPriority
 .text.pvPortMalloc
                0x0000000020003888      0x198 ./Middlewares/Third_Party/FreeRTOS/Source/portable/MemMang/heap_4.o
                0x0000000020003888                pvPortMalloc
 .text.vPortFree
                0x0000000020003a20       0xc4 ./Middlewares/Third_Party/FreeRTOS/Source/portable/MemMang/heap_4.o
                0x0000000020003a20                vPortFree
 .text.prvHeapInit
                0x0000000020003ae4       0xc4 ./Middlewares/Third_Party/FreeRTOS/Source/portable/MemMang/heap_4.o
 .text.prvInsertBlockIntoFreeList
                0x0000000020003ba8       0xb4 ./Middlewares/Third_Party/FreeRTOS/Source/portable/MemMang/heap_4.o
 .text.LL_GPIO_SetOutputPin
                0x0000000020003c5c       0x1c ./Src/ll_spi_ili9341.o
 .text.LL_GPIO_ResetOutputPin
                0x0000000020003c78       0x1e ./Src/ll_spi_ili9341.o
 .text.LL_SPI_IsActiveFlag_RXNE
                0x0000000020003c96       0x26 ./Src/ll_spi_ili9341.o
 .text.LL_SPI_IsActiveFlag_TXE
                0x0000000020003cbc       0x26 ./Src/ll_spi_ili9341.o
 .text.LL_SPI_DMA_GetRegAddr
                0x0000000020003ce2       0x18 ./Src/ll_spi_ili9341.o
 .text.LL_SPI_ReceiveData8
                0x0000000020003cfa       0x1c ./Src/ll_spi_ili9341.o
 .text.LL_SPI_TransmitData8
                0x0000000020003d16       0x24 ./Src/ll_spi_ili9341.o
 *fill*         0x0000000020003d3a        0x2 
 .text.LL_DMA_EnableStream
                0x0000000020003d3c       0x40 ./Src/ll_spi_ili9341.o
 .text.LL_DMA_DisableStream
                0x0000000020003d7c       0x40 ./Src/ll_spi_ili9341.o
 .text.LL_DMA_GetDataTransferDirection
                0x0000000020003dbc       0x30 ./Src/ll_spi_ili9341.o
 .text.LL_DMA_SetDataLength
                0x0000000020003dec       0x48 ./Src/ll_spi_ili9341.o
 .text.LL_DMA_ConfigAddresses
                0x0000000020003e34       0x78 ./Src/ll_spi_ili9341.o
 .text.TFTDisplay_ILI9341_Initialization
                0x0000000020003eac       0xac ./Src/ll_spi_ili9341.o
                0x0000000020003eac                TFTDisplay_ILI9341_Initialization
 .text.TFTDisplay_ILI9341_FillRect
                0x0000000020003f58      0x15c ./Src/ll_spi_ili9341.o
                0x0000000020003f58                TFTDisplay_ILI9341_FillRect
 .text.TFTDisplay_ILI9341_DrawPixel
                0x00000000200040b4       0x80 ./Src/ll_spi_ili9341.o
                0x00000000200040b4                TFTDisplay_ILI9341_DrawPixel
 .text.TFTDisplay_ILI9341_DrawLine
                0x0000000020004134      0x120 ./Src/ll_spi_ili9341.o
                0x0000000020004134                TFTDisplay_ILI9341_DrawLine
 .text.TFTDisplay_ILI9341_DrawClearRect
                0x0000000020004254       0x6e ./Src/ll_spi_ili9341.o
                0x0000000020004254                TFTDisplay_ILI9341_DrawClearRect
 .text.TFTDisplay_ILI9341_DrawCircle
                0x00000000200042c2      0x158 ./Src/ll_spi_ili9341.o
                0x00000000200042c2                TFTDisplay_ILI9341_DrawCircle
 *fill*         0x000000002000441a        0x2 
 .text.TFTDisplay_ILI9341_DrawChar
                0x000000002000441c      0x1f0 ./Src/ll_spi_ili9341.o
                0x000000002000441c                TFTDisplay_ILI9341_DrawChar
 .text.TFTDisplay_ILI9341_SetRotation
                0x000000002000460c       0xb0 ./Src/ll_spi_ili9341.o
                0x000000002000460c                TFTDisplay_ILI9341_SetRotation
 .text.tftDisplay_ILI9341_SendCommand
                0x00000000200046bc       0x9c ./Src/ll_spi_ili9341.o
 .text.tftDisplay_ILI9341_SendData
                0x0000000020004758       0x64 ./Src/ll_spi_ili9341.o
 .text.tftDisplay_ILI9341_SendSingleData
                0x00000000200047bc       0x98 ./Src/ll_spi_ili9341.o
 .text.tftDisplay_ILI9341_WriteMultipleData
                0x0000000020004854       0xa0 ./Src/ll_spi_ili9341.o
 .text.tftDisplay_ILI9341_Reset
                0x00000000200048f4       0x28 ./Src/ll_spi_ili9341.o
 .text.tftDisplay_ILI9341_FontsInitialization
                0x000000002000491c       0x78 ./Src/ll_spi_ili9341.o
 .text.tftDisplay_ILI9341_SetAddrWindow
                0x0000000020004994       0xa0 ./Src/ll_spi_ili9341.o
 .text.tftDisplay_ILI9341_Init_PowerControl_A
                0x0000000020004a34       0x3c ./Src/ll_spi_ili9341.o
 .text.tftDisplay_ILI9341_Init_PowerControl_B
                0x0000000020004a70       0x30 ./Src/ll_spi_ili9341.o
 .text.tftDisplay_ILI9341_Init_DriverTimingControl_A
                0x0000000020004aa0       0x30 ./Src/ll_spi_ili9341.o
 .text.tftDisplay_ILI9341_Init_DriverTimingControl_B
                0x0000000020004ad0       0x28 ./Src/ll_spi_ili9341.o
 .text.tftDisplay_ILI9341_Init_PowerSequenceControl
                0x0000000020004af8       0x34 ./Src/ll_spi_ili9341.o
 .text.tftDisplay_ILI9341_Init_PumpRatioControl
                0x0000000020004b2c       0x20 ./Src/ll_spi_ili9341.o
 .text.tftDisplay_ILI9341_Init_PowerControlVRH
                0x0000000020004b4c       0x20 ./Src/ll_spi_ili9341.o
 .text.tftDisplay_ILI9341_Init_PowerControlSAP
                0x0000000020004b6c       0x20 ./Src/ll_spi_ili9341.o
 .text.tftDisplay_ILI9341_Init_VCOMControl_1
                0x0000000020004b8c       0x28 ./Src/ll_spi_ili9341.o
 .text.tftDisplay_ILI9341_Init_VCOMControl_2
                0x0000000020004bb4       0x20 ./Src/ll_spi_ili9341.o
 .text.tftDisplay_ILI9341_Init_MemmoryAccessControl
                0x0000000020004bd4       0x20 ./Src/ll_spi_ili9341.o
 .text.tftDisplay_ILI9341_Init_PixelFormatSet
                0x0000000020004bf4       0x20 ./Src/ll_spi_ili9341.o
 .text.tftDisplay_ILI9341_Init_FrameRationControl
                0x0000000020004c14       0x28 ./Src/ll_spi_ili9341.o
 .text.tftDisplay_ILI9341_Init_DisplayFunctionControl
                0x0000000020004c3c       0x20 ./Src/ll_spi_ili9341.o
 .text.tftDisplay_ILI9341_Init_GammaSet
                0x0000000020004c5c       0x20 ./Src/ll_spi_ili9341.o
 .text.tftDisplay_ILI9341_Init_PositiveGammaCorection
                0x0000000020004c7c       0x78 ./Src/ll_spi_ili9341.o
 .text.tftDisplay_ILI9341_Init_NegativeGammaCorection
                0x0000000020004cf4       0x78 ./Src/ll_spi_ili9341.o
 .text.__NVIC_SetPriorityGrouping
                0x0000000020004d6c       0x48 ./Src/main.o
 .text.__NVIC_GetPriorityGrouping
                0x0000000020004db4       0x1c ./Src/main.o
 .text.__NVIC_EnableIRQ
                0x0000000020004dd0       0x3c ./Src/main.o
 .text.__NVIC_SetPriority
                0x0000000020004e0c       0x54 ./Src/main.o
 .text.NVIC_EncodePriority
                0x0000000020004e60       0x66 ./Src/main.o
 *fill*         0x0000000020004ec6        0x2 
 .text.LL_DMA_DisableStream
                0x0000000020004ec8       0x40 ./Src/main.o
 .text.LL_DMA_SetDataTransferDirection
                0x0000000020004f08       0x48 ./Src/main.o
 .text.LL_DMA_SetMode
                0x0000000020004f50       0x48 ./Src/main.o
 .text.LL_DMA_SetPeriphIncMode
                0x0000000020004f98       0x48 ./Src/main.o
 .text.LL_DMA_SetMemoryIncMode
                0x0000000020004fe0       0x48 ./Src/main.o
 .text.LL_DMA_SetPeriphSize
                0x0000000020005028       0x48 ./Src/main.o
 .text.LL_DMA_SetMemorySize
                0x0000000020005070       0x48 ./Src/main.o
 .text.LL_DMA_SetStreamPriorityLevel
                0x00000000200050b8       0x48 ./Src/main.o
 .text.LL_DMA_SetChannelSelection
                0x0000000020005100       0x48 ./Src/main.o
 .text.LL_DMA_DisableFifoMode
                0x0000000020005148       0x40 ./Src/main.o
 .text.LL_DMA_ClearFlag_TC4
                0x0000000020005188       0x1a ./Src/main.o
 .text.LL_DMA_ClearFlag_TE4
                0x00000000200051a2       0x1a ./Src/main.o
 .text.LL_DMA_EnableIT_TE
                0x00000000200051bc       0x40 ./Src/main.o
 .text.LL_DMA_EnableIT_TC
                0x00000000200051fc       0x40 ./Src/main.o
 .text.LL_RCC_HSE_Enable
                0x000000002000523c       0x20 ./Src/main.o
 .text.LL_RCC_HSE_IsReady
                0x000000002000525c       0x28 ./Src/main.o
 .text.LL_RCC_SetSysClkSource
                0x0000000020005284       0x28 ./Src/main.o
 .text.LL_RCC_GetSysClkSource
                0x00000000200052ac       0x1c ./Src/main.o
 .text.LL_RCC_SetAHBPrescaler
                0x00000000200052c8       0x28 ./Src/main.o
 .text.LL_RCC_SetAPB1Prescaler
                0x00000000200052f0       0x28 ./Src/main.o
 .text.LL_RCC_SetAPB2Prescaler
                0x0000000020005318       0x28 ./Src/main.o
 .text.LL_RCC_SetTIMPrescaler
                0x0000000020005340       0x2c ./Src/main.o
 .text.LL_RCC_PLL_Enable
                0x000000002000536c       0x20 ./Src/main.o
 .text.LL_RCC_PLL_IsReady
                0x000000002000538c       0x28 ./Src/main.o
 .text.LL_RCC_PLL_ConfigDomain_SYS
                0x00000000200053b4       0x4c ./Src/main.o
 .text.LL_RCC_PLL_ConfigDomain_48M
                0x0000000020005400       0x40 ./Src/main.o
 .text.LL_AHB1_GRP1_EnableClock
                0x0000000020005440       0x30 ./Src/main.o
 .text.LL_AHB2_GRP1_EnableClock
                0x0000000020005470       0x30 ./Src/main.o
 .text.LL_APB1_GRP1_EnableClock
                0x00000000200054a0       0x30 ./Src/main.o
 .text.LL_APB2_GRP1_EnableClock
                0x00000000200054d0       0x30 ./Src/main.o
 .text.LL_FLASH_SetLatency
                0x0000000020005500       0x28 ./Src/main.o
 .text.LL_FLASH_GetLatency
                0x0000000020005528       0x1c ./Src/main.o
 .text.LL_PWR_EnableOverDriveMode
                0x0000000020005544       0x20 ./Src/main.o
 .text.LL_PWR_SetRegulVoltageScaling
                0x0000000020005564       0x28 ./Src/main.o
 .text.LL_RNG_Enable
                0x000000002000558c       0x20 ./Src/main.o
 .text.LL_SPI_Enable
                0x00000000200055ac       0x20 ./Src/main.o
 .text.LL_SPI_SetStandard
                0x00000000200055cc       0x26 ./Src/main.o
 .text.LL_SPI_EnableDMAReq_TX
                0x00000000200055f2       0x20 ./Src/main.o
 .text.LL_GPIO_SetOutputPin
                0x0000000020005612       0x1c ./Src/main.o
 .text.LL_GPIO_ResetOutputPin
                0x000000002000562e       0x1e ./Src/main.o
 .text.LL_GPIO_TogglePin
                0x000000002000564c       0x32 ./Src/main.o
 *fill*         0x000000002000567e        0x2 
 .text.main     0x0000000020005680      0x140 ./Src/main.o
                0x0000000020005680                main
 .text.SystemClock_Config
                0x00000000200057c0       0xa4 ./Src/main.o
                0x00000000200057c0                SystemClock_Config
 .text.MX_RNG_Init
                0x0000000020005864       0x18 ./Src/main.o
 .text.MX_SPI5_Init
                0x000000002000587c      0x108 ./Src/main.o
 .text.MX_DMA_Init
                0x0000000020005984       0x30 ./Src/main.o
 .text.MX_GPIO_Init
                0x00000000200059b4       0xe4 ./Src/main.o
 .text.DMA1_Stream4_TransferComplete
                0x0000000020005a98       0x44 ./Src/main.o
                0x0000000020005a98                DMA1_Stream4_TransferComplete
 .text.StartLCDTask
                0x0000000020005adc      0x100 ./Src/main.o
                0x0000000020005adc                StartLCDTask
 .text.StartTaskLED1
                0x0000000020005bdc       0x30 ./Src/main.o
                0x0000000020005bdc                StartTaskLED1
 .text.StartTaskLED2
                0x0000000020005c0c       0x30 ./Src/main.o
                0x0000000020005c0c                StartTaskLED2
 .text.Reg_task_init
                0x0000000020005c3c       0x10 ./Src/main.o
                0x0000000020005c3c                Reg_task_init
 .text.LL_DMA_IsActiveFlag_TC4
                0x0000000020005c4c       0x26 ./Src/stm32f4xx_it.o
 .text.LL_DMA_IsActiveFlag_TE4
                0x0000000020005c72       0x26 ./Src/stm32f4xx_it.o
 .text.LL_DMA_ClearFlag_TE4
                0x0000000020005c98       0x1a ./Src/stm32f4xx_it.o
 .text.NMI_Handler
                0x0000000020005cb2        0xe ./Src/stm32f4xx_it.o
                0x0000000020005cb2                NMI_Handler
 .text.HardFault_Handler
                0x0000000020005cc0        0x6 ./Src/stm32f4xx_it.o
                0x0000000020005cc0                HardFault_Handler
 .text.MemManage_Handler
                0x0000000020005cc6        0x6 ./Src/stm32f4xx_it.o
                0x0000000020005cc6                MemManage_Handler
 .text.BusFault_Handler
                0x0000000020005ccc        0x6 ./Src/stm32f4xx_it.o
                0x0000000020005ccc                BusFault_Handler
 .text.UsageFault_Handler
                0x0000000020005cd2        0x6 ./Src/stm32f4xx_it.o
                0x0000000020005cd2                UsageFault_Handler
 .text.DebugMon_Handler
                0x0000000020005cd8        0xe ./Src/stm32f4xx_it.o
                0x0000000020005cd8                DebugMon_Handler
 .text.SysTick_Handler
                0x0000000020005ce6       0x16 ./Src/stm32f4xx_it.o
                0x0000000020005ce6                SysTick_Handler
 .text.DMA2_Stream4_IRQHandler
                0x0000000020005cfc       0x30 ./Src/stm32f4xx_it.o
                0x0000000020005cfc                DMA2_Stream4_IRQHandler
 .text.SystemInit
                0x0000000020005d2c       0x2c ./Src/system_stm32f4xx.o
                0x0000000020005d2c                SystemInit
 .text.Reset_Handler
                0x0000000020005d58       0x50 ./Startup/startup_stm32f429zitx.o
                0x0000000020005d58                Reset_Handler
 .text.Default_Handler
                0x0000000020005da8        0x2 ./Startup/startup_stm32f429zitx.o
                0x0000000020005da8                RTC_Alarm_IRQHandler
                0x0000000020005da8                HASH_RNG_IRQHandler
                0x0000000020005da8                EXTI2_IRQHandler
                0x0000000020005da8                TIM8_CC_IRQHandler
                0x0000000020005da8                UART8_IRQHandler
                0x0000000020005da8                SPI4_IRQHandler
                0x0000000020005da8                TIM1_CC_IRQHandler
                0x0000000020005da8                DMA2_Stream5_IRQHandler
                0x0000000020005da8                DMA1_Stream5_IRQHandler
                0x0000000020005da8                PVD_IRQHandler
                0x0000000020005da8                SDIO_IRQHandler
                0x0000000020005da8                TAMP_STAMP_IRQHandler
                0x0000000020005da8                CAN2_RX1_IRQHandler
                0x0000000020005da8                EXTI3_IRQHandler
                0x0000000020005da8                TIM8_TRG_COM_TIM14_IRQHandler
                0x0000000020005da8                TIM1_UP_TIM10_IRQHandler
                0x0000000020005da8                TIM8_UP_TIM13_IRQHandler
                0x0000000020005da8                I2C3_ER_IRQHandler
                0x0000000020005da8                EXTI0_IRQHandler
                0x0000000020005da8                I2C2_EV_IRQHandler
                0x0000000020005da8                DMA1_Stream2_IRQHandler
                0x0000000020005da8                CAN1_RX0_IRQHandler
                0x0000000020005da8                FPU_IRQHandler
                0x0000000020005da8                OTG_HS_WKUP_IRQHandler
                0x0000000020005da8                LTDC_ER_IRQHandler
                0x0000000020005da8                CAN2_SCE_IRQHandler
                0x0000000020005da8                DMA2_Stream2_IRQHandler
                0x0000000020005da8                SPI1_IRQHandler
                0x0000000020005da8                TIM6_DAC_IRQHandler
                0x0000000020005da8                TIM1_BRK_TIM9_IRQHandler
                0x0000000020005da8                DCMI_IRQHandler
                0x0000000020005da8                CAN2_RX0_IRQHandler
                0x0000000020005da8                DMA2_Stream3_IRQHandler
                0x0000000020005da8                USART6_IRQHandler
                0x0000000020005da8                USART3_IRQHandler
                0x0000000020005da8                CAN1_RX1_IRQHandler
                0x0000000020005da8                UART5_IRQHandler
                0x0000000020005da8                DMA2_Stream0_IRQHandler
                0x0000000020005da8                TIM4_IRQHandler
                0x0000000020005da8                I2C1_EV_IRQHandler
                0x0000000020005da8                DMA1_Stream6_IRQHandler
                0x0000000020005da8                DMA1_Stream1_IRQHandler
                0x0000000020005da8                UART4_IRQHandler
                0x0000000020005da8                TIM3_IRQHandler
                0x0000000020005da8                RCC_IRQHandler
                0x0000000020005da8                TIM8_BRK_TIM12_IRQHandler
                0x0000000020005da8                Default_Handler
                0x0000000020005da8                EXTI15_10_IRQHandler
                0x0000000020005da8                ADC_IRQHandler
                0x0000000020005da8                DMA1_Stream7_IRQHandler
                0x0000000020005da8                SPI5_IRQHandler
                0x0000000020005da8                TIM7_IRQHandler
                0x0000000020005da8                CAN2_TX_IRQHandler
                0x0000000020005da8                TIM5_IRQHandler
                0x0000000020005da8                DMA2_Stream7_IRQHandler
                0x0000000020005da8                I2C3_EV_IRQHandler
                0x0000000020005da8                EXTI9_5_IRQHandler
                0x0000000020005da8                RTC_WKUP_IRQHandler
                0x0000000020005da8                LTDC_IRQHandler
                0x0000000020005da8                ETH_WKUP_IRQHandler
                0x0000000020005da8                SPI2_IRQHandler
                0x0000000020005da8                OTG_HS_EP1_IN_IRQHandler
                0x0000000020005da8                DMA1_Stream0_IRQHandler
                0x0000000020005da8                CAN1_TX_IRQHandler
                0x0000000020005da8                EXTI4_IRQHandler
                0x0000000020005da8                ETH_IRQHandler
                0x0000000020005da8                OTG_HS_EP1_OUT_IRQHandler
                0x0000000020005da8                WWDG_IRQHandler
                0x0000000020005da8                SPI6_IRQHandler
                0x0000000020005da8                TIM2_IRQHandler
                0x0000000020005da8                OTG_FS_WKUP_IRQHandler
                0x0000000020005da8                TIM1_TRG_COM_TIM11_IRQHandler
                0x0000000020005da8                OTG_HS_IRQHandler
                0x0000000020005da8                DMA2D_IRQHandler
                0x0000000020005da8                EXTI1_IRQHandler
                0x0000000020005da8                UART7_IRQHandler
                0x0000000020005da8                USART2_IRQHandler
                0x0000000020005da8                I2C2_ER_IRQHandler
                0x0000000020005da8                DMA2_Stream1_IRQHandler
                0x0000000020005da8                CAN1_SCE_IRQHandler
                0x0000000020005da8                FLASH_IRQHandler
                0x0000000020005da8                USART1_IRQHandler
                0x0000000020005da8                OTG_FS_IRQHandler
                0x0000000020005da8                SPI3_IRQHandler
                0x0000000020005da8                DMA1_Stream4_IRQHandler
                0x0000000020005da8                I2C1_ER_IRQHandler
                0x0000000020005da8                FMC_IRQHandler
                0x0000000020005da8                DMA2_Stream6_IRQHandler
                0x0000000020005da8                SAI1_IRQHandler
                0x0000000020005da8                DMA1_Stream3_IRQHandler
 *fill*         0x0000000020005daa        0x2 
 .text.__libc_init_array
                0x0000000020005dac       0x48 c:/st/stm32cubeide_1.9.0/stm32cubeide/plugins/com.st.stm32cube.ide.mcu.externaltools.gnu-tools-for-stm32.10.3-2021.10.win32_1.0.0.202111181127/tools/bin/../lib/gcc/arm-none-eabi/10.3.1/../../../../arm-none-eabi/lib/thumb/v7e-m+fp/hard\libc_nano.a(lib_a-init.o)
                0x0000000020005dac                __libc_init_array
 .text.__retarget_lock_acquire_recursive
                0x0000000020005df4        0x2 c:/st/stm32cubeide_1.9.0/stm32cubeide/plugins/com.st.stm32cube.ide.mcu.externaltools.gnu-tools-for-stm32.10.3-2021.10.win32_1.0.0.202111181127/tools/bin/../lib/gcc/arm-none-eabi/10.3.1/../../../../arm-none-eabi/lib/thumb/v7e-m+fp/hard\libc_nano.a(lib_a-lock.o)
                0x0000000020005df4                __retarget_lock_acquire_recursive
 .text.__retarget_lock_release_recursive
                0x0000000020005df6        0x2 c:/st/stm32cubeide_1.9.0/stm32cubeide/plugins/com.st.stm32cube.ide.mcu.externaltools.gnu-tools-for-stm32.10.3-2021.10.win32_1.0.0.202111181127/tools/bin/../lib/gcc/arm-none-eabi/10.3.1/../../../../arm-none-eabi/lib/thumb/v7e-m+fp/hard\libc_nano.a(lib_a-lock.o)
                0x0000000020005df6                __retarget_lock_release_recursive
 .text.memcpy   0x0000000020005df8       0x1c c:/st/stm32cubeide_1.9.0/stm32cubeide/plugins/com.st.stm32cube.ide.mcu.externaltools.gnu-tools-for-stm32.10.3-2021.10.win32_1.0.0.202111181127/tools/bin/../lib/gcc/arm-none-eabi/10.3.1/../../../../arm-none-eabi/lib/thumb/v7e-m+fp/hard\libc_nano.a(lib_a-memcpy-stub.o)
                0x0000000020005df8                memcpy
 .text.memset   0x0000000020005e14       0x10 c:/st/stm32cubeide_1.9.0/stm32cubeide/plugins/com.st.stm32cube.ide.mcu.externaltools.gnu-tools-for-stm32.10.3-2021.10.win32_1.0.0.202111181127/tools/bin/../lib/gcc/arm-none-eabi/10.3.1/../../../../arm-none-eabi/lib/thumb/v7e-m+fp/hard\libc_nano.a(lib_a-memset.o)
                0x0000000020005e14                memset
 .text.cleanup_glue
                0x0000000020005e24       0x1a c:/st/stm32cubeide_1.9.0/stm32cubeide/plugins/com.st.stm32cube.ide.mcu.externaltools.gnu-tools-for-stm32.10.3-2021.10.win32_1.0.0.202111181127/tools/bin/../lib/gcc/arm-none-eabi/10.3.1/../../../../arm-none-eabi/lib/thumb/v7e-m+fp/hard\libc_nano.a(lib_a-reent.o)
                0x0000000020005e24                cleanup_glue
 *fill*         0x0000000020005e3e        0x2 
 .text._reclaim_reent
                0x0000000020005e40       0xb8 c:/st/stm32cubeide_1.9.0/stm32cubeide/plugins/com.st.stm32cube.ide.mcu.externaltools.gnu-tools-for-stm32.10.3-2021.10.win32_1.0.0.202111181127/tools/bin/../lib/gcc/arm-none-eabi/10.3.1/../../../../arm-none-eabi/lib/thumb/v7e-m+fp/hard\libc_nano.a(lib_a-reent.o)
                0x0000000020005e40                _reclaim_reent
 .text.__malloc_lock
                0x0000000020005ef8        0xc c:/st/stm32cubeide_1.9.0/stm32cubeide/plugins/com.st.stm32cube.ide.mcu.externaltools.gnu-tools-for-stm32.10.3-2021.10.win32_1.0.0.202111181127/tools/bin/../lib/gcc/arm-none-eabi/10.3.1/../../../../arm-none-eabi/lib/thumb/v7e-m+fp/hard\libc_nano.a(lib_a-mlock.o)
                0x0000000020005ef8                __malloc_lock
 .text.__malloc_unlock
                0x0000000020005f04        0xc c:/st/stm32cubeide_1.9.0/stm32cubeide/plugins/com.st.stm32cube.ide.mcu.externaltools.gnu-tools-for-stm32.10.3-2021.10.win32_1.0.0.202111181127/tools/bin/../lib/gcc/arm-none-eabi/10.3.1/../../../../arm-none-eabi/lib/thumb/v7e-m+fp/hard\libc_nano.a(lib_a-mlock.o)
                0x0000000020005f04                __malloc_unlock
 .text._free_r  0x0000000020005f10       0x98 c:/st/stm32cubeide_1.9.0/stm32cubeide/plugins/com.st.stm32cube.ide.mcu.externaltools.gnu-tools-for-stm32.10.3-2021.10.win32_1.0.0.202111181127/tools/bin/../lib/gcc/arm-none-eabi/10.3.1/../../../../arm-none-eabi/lib/thumb/v7e-m+fp/hard\libc_nano.a(lib_a-nano-freer.o)
                0x0000000020005f10                _free_r
 *(.glue_7)
 .glue_7        0x0000000020005fa8        0x0 linker stubs
 *(.glue_7t)
 .glue_7t       0x0000000020005fa8        0x0 linker stubs
 *(.eh_frame)
 .eh_frame      0x0000000020005fa8        0x0 c:/st/stm32cubeide_1.9.0/stm32cubeide/plugins/com.st.stm32cube.ide.mcu.externaltools.gnu-tools-for-stm32.10.3-2021.10.win32_1.0.0.202111181127/tools/bin/../lib/gcc/arm-none-eabi/10.3.1/thumb/v7e-m+fp/hard/crtbegin.o
 *(.init)
 .init          0x0000000020005fa8        0x4 c:/st/stm32cubeide_1.9.0/stm32cubeide/plugins/com.st.stm32cube.ide.mcu.externaltools.gnu-tools-for-stm32.10.3-2021.10.win32_1.0.0.202111181127/tools/bin/../lib/gcc/arm-none-eabi/10.3.1/thumb/v7e-m+fp/hard/crti.o
                0x0000000020005fa8                _init
 .init          0x0000000020005fac        0x8 c:/st/stm32cubeide_1.9.0/stm32cubeide/plugins/com.st.stm32cube.ide.mcu.externaltools.gnu-tools-for-stm32.10.3-2021.10.win32_1.0.0.202111181127/tools/bin/../lib/gcc/arm-none-eabi/10.3.1/thumb/v7e-m+fp/hard/crtn.o
 *(.fini)
 .fini          0x0000000020005fb4        0x4 c:/st/stm32cubeide_1.9.0/stm32cubeide/plugins/com.st.stm32cube.ide.mcu.externaltools.gnu-tools-for-stm32.10.3-2021.10.win32_1.0.0.202111181127/tools/bin/../lib/gcc/arm-none-eabi/10.3.1/thumb/v7e-m+fp/hard/crti.o
                0x0000000020005fb4                _fini
 .fini          0x0000000020005fb8        0x8 c:/st/stm32cubeide_1.9.0/stm32cubeide/plugins/com.st.stm32cube.ide.mcu.externaltools.gnu-tools-for-stm32.10.3-2021.10.win32_1.0.0.202111181127/tools/bin/../lib/gcc/arm-none-eabi/10.3.1/thumb/v7e-m+fp/hard/crtn.o
                0x0000000020005fc0                . = ALIGN (0x4)
                0x0000000020005fc0                _etext = .

.vfp11_veneer   0x0000000020005fc0        0x0
 .vfp11_veneer  0x0000000020005fc0        0x0 linker stubs

.v4_bx          0x0000000020005fc0        0x0
 .v4_bx         0x0000000020005fc0        0x0 linker stubs

.iplt           0x0000000020005fc0        0x0
 .iplt          0x0000000020005fc0        0x0 c:/st/stm32cubeide_1.9.0/stm32cubeide/plugins/com.st.stm32cube.ide.mcu.externaltools.gnu-tools-for-stm32.10.3-2021.10.win32_1.0.0.202111181127/tools/bin/../lib/gcc/arm-none-eabi/10.3.1/thumb/v7e-m+fp/hard/crtbegin.o

.rodata         0x0000000020005fc0     0x3e40
                0x0000000020005fc0                . = ALIGN (0x4)
 *(.rodata)
 .rodata        0x0000000020005fc0        0x5 ./Middlewares/Third_Party/FreeRTOS/Source/tasks.o
 *fill*         0x0000000020005fc5        0x3 
 .rodata        0x0000000020005fc8        0xd ./Middlewares/Third_Party/FreeRTOS/Source/timers.o
 *fill*         0x0000000020005fd5        0x3 
 .rodata        0x0000000020005fd8       0x3c ./Src/main.o
 *(.rodata*)
 .rodata.STREAM_OFFSET_TAB
                0x0000000020006014        0x8 ./Src/ll_spi_ili9341.o
 .rodata.Font24_Table
                0x000000002000601c     0x1ab8 ./Src/ll_spi_ili9341.o
                0x000000002000601c                Font24_Table
 .rodata.Font20_Table
                0x0000000020007ad4      0xed8 ./Src/ll_spi_ili9341.o
                0x0000000020007ad4                Font20_Table
 .rodata.Font16_Table
                0x00000000200089ac      0xbe0 ./Src/ll_spi_ili9341.o
                0x00000000200089ac                Font16_Table
 .rodata.Font12_Table
                0x000000002000958c      0x474 ./Src/ll_spi_ili9341.o
                0x000000002000958c                Font12_Table
 .rodata.Font8_Table
                0x0000000020009a00      0x2f8 ./Src/ll_spi_ili9341.o
                0x0000000020009a00                Font8_Table
 .rodata.STREAM_OFFSET_TAB
                0x0000000020009cf8        0x8 ./Src/main.o
 .rodata.LCD_Task_attributes
                0x0000000020009d00       0x24 ./Src/main.o
                0x0000000020009d00                LCD_Task_attributes
 .rodata.LED1_task_attributes
                0x0000000020009d24       0x24 ./Src/main.o
                0x0000000020009d24                LED1_task_attributes
 .rodata.LED2_tack_attributes
                0x0000000020009d48       0x24 ./Src/main.o
                0x0000000020009d48                LED2_tack_attributes
 .rodata.Reg_task_attributes
                0x0000000020009d6c       0x24 ./Src/main.o
                0x0000000020009d6c                Reg_task_attributes
 .rodata.BinarySem01_attributes
                0x0000000020009d90       0x10 ./Src/main.o
                0x0000000020009d90                BinarySem01_attributes
 .rodata.__sf_fake_stderr
                0x0000000020009da0       0x20 c:/st/stm32cubeide_1.9.0/stm32cubeide/plugins/com.st.stm32cube.ide.mcu.externaltools.gnu-tools-for-stm32.10.3-2021.10.win32_1.0.0.202111181127/tools/bin/../lib/gcc/arm-none-eabi/10.3.1/../../../../arm-none-eabi/lib/thumb/v7e-m+fp/hard\libc_nano.a(lib_a-findfp.o)
                0x0000000020009da0                __sf_fake_stderr
 .rodata.__sf_fake_stdin
                0x0000000020009dc0       0x20 c:/st/stm32cubeide_1.9.0/stm32cubeide/plugins/com.st.stm32cube.ide.mcu.externaltools.gnu-tools-for-stm32.10.3-2021.10.win32_1.0.0.202111181127/tools/bin/../lib/gcc/arm-none-eabi/10.3.1/../../../../arm-none-eabi/lib/thumb/v7e-m+fp/hard\libc_nano.a(lib_a-findfp.o)
                0x0000000020009dc0                __sf_fake_stdin
 .rodata.__sf_fake_stdout
                0x0000000020009de0       0x20 c:/st/stm32cubeide_1.9.0/stm32cubeide/plugins/com.st.stm32cube.ide.mcu.externaltools.gnu-tools-for-stm32.10.3-2021.10.win32_1.0.0.202111181127/tools/bin/../lib/gcc/arm-none-eabi/10.3.1/../../../../arm-none-eabi/lib/thumb/v7e-m+fp/hard\libc_nano.a(lib_a-findfp.o)
                0x0000000020009de0                __sf_fake_stdout
                0x0000000020009e00                . = ALIGN (0x4)

.rel.dyn        0x0000000020009e00        0x0
 .rel.iplt      0x0000000020009e00        0x0 c:/st/stm32cubeide_1.9.0/stm32cubeide/plugins/com.st.stm32cube.ide.mcu.externaltools.gnu-tools-for-stm32.10.3-2021.10.win32_1.0.0.202111181127/tools/bin/../lib/gcc/arm-none-eabi/10.3.1/thumb/v7e-m+fp/hard/crtbegin.o

.ARM.extab      0x0000000020009e00        0x0
                0x0000000020009e00                . = ALIGN (0x4)
 *(.ARM.extab* .gnu.linkonce.armextab.*)
                0x0000000020009e00                . = ALIGN (0x4)

.ARM            0x0000000020009e00        0x0
                0x0000000020009e00                . = ALIGN (0x4)
                0x0000000020009e00                __exidx_start = .
 *(.ARM.exidx*)
                0x0000000020009e00                __exidx_end = .
                0x0000000020009e00                . = ALIGN (0x4)

.preinit_array  0x0000000020009e00        0x0
                0x0000000020009e00                . = ALIGN (0x4)
                0x0000000020009e00                PROVIDE (__preinit_array_start = .)
 *(.preinit_array*)
                0x0000000020009e00                PROVIDE (__preinit_array_end = .)
                0x0000000020009e00                . = ALIGN (0x4)

.init_array     0x0000000020009e00        0x4
                0x0000000020009e00                . = ALIGN (0x4)
                0x0000000020009e00                PROVIDE (__init_array_start = .)
 *(SORT_BY_NAME(.init_array.*))
 *(.init_array*)
 .init_array    0x0000000020009e00        0x4 c:/st/stm32cubeide_1.9.0/stm32cubeide/plugins/com.st.stm32cube.ide.mcu.externaltools.gnu-tools-for-stm32.10.3-2021.10.win32_1.0.0.202111181127/tools/bin/../lib/gcc/arm-none-eabi/10.3.1/thumb/v7e-m+fp/hard/crtbegin.o
                0x0000000020009e04                PROVIDE (__init_array_end = .)
                0x0000000020009e04                . = ALIGN (0x4)

.fini_array     0x0000000020009e04        0x4
                0x0000000020009e04                . = ALIGN (0x4)
                [!provide]                        PROVIDE (__fini_array_start = .)
 *(SORT_BY_NAME(.fini_array.*))
 *(.fini_array*)
 .fini_array    0x0000000020009e04        0x4 c:/st/stm32cubeide_1.9.0/stm32cubeide/plugins/com.st.stm32cube.ide.mcu.externaltools.gnu-tools-for-stm32.10.3-2021.10.win32_1.0.0.202111181127/tools/bin/../lib/gcc/arm-none-eabi/10.3.1/thumb/v7e-m+fp/hard/crtbegin.o
                [!provide]                        PROVIDE (__fini_array_end = .)
                0x0000000020009e08                . = ALIGN (0x4)
                0x0000000020009e08                _sidata = LOADADDR (.data)

.data           0x0000000020009e08       0xbc
                0x0000000020009e08                . = ALIGN (0x4)
                0x0000000020009e08                _sdata = .
 *(.data)
 *(.data*)
 .data.uxCriticalNesting
                0x0000000020009e08        0x4 ./Middlewares/Third_Party/FreeRTOS/Source/portable/GCC/ARM_CM4F/port.o
 .data.Font24   0x0000000020009e0c        0x8 ./Src/ll_spi_ili9341.o
                0x0000000020009e0c                Font24
 .data.Font20   0x0000000020009e14        0x8 ./Src/ll_spi_ili9341.o
                0x0000000020009e14                Font20
 .data.Font16   0x0000000020009e1c        0x8 ./Src/ll_spi_ili9341.o
                0x0000000020009e1c                Font16
 .data.Font12   0x0000000020009e24        0x8 ./Src/ll_spi_ili9341.o
                0x0000000020009e24                Font12
 .data.Font8    0x0000000020009e2c        0x8 ./Src/ll_spi_ili9341.o
                0x0000000020009e2c                Font8
 .data.DmaSpiCnt
                0x0000000020009e34        0x1 ./Src/main.o
                0x0000000020009e34                DmaSpiCnt
 *fill*         0x0000000020009e35        0x3 
 .data.napis    0x0000000020009e38       0x19 ./Src/main.o
                0x0000000020009e38                napis
 *fill*         0x0000000020009e51        0x3 
 .data.dl_n     0x0000000020009e54        0x4 ./Src/main.o
                0x0000000020009e54                dl_n
 .data.ny       0x0000000020009e58        0x4 ./Src/main.o
                0x0000000020009e58                ny
 .data.SystemCoreClock
                0x0000000020009e5c        0x4 ./Src/system_stm32f4xx.o
                0x0000000020009e5c                SystemCoreClock
 .data._impure_ptr
                0x0000000020009e60        0x4 c:/st/stm32cubeide_1.9.0/stm32cubeide/plugins/com.st.stm32cube.ide.mcu.externaltools.gnu-tools-for-stm32.10.3-2021.10.win32_1.0.0.202111181127/tools/bin/../lib/gcc/arm-none-eabi/10.3.1/../../../../arm-none-eabi/lib/thumb/v7e-m+fp/hard\libc_nano.a(lib_a-impure.o)
                0x0000000020009e60                _impure_ptr
 .data.impure_data
                0x0000000020009e64       0x60 c:/st/stm32cubeide_1.9.0/stm32cubeide/plugins/com.st.stm32cube.ide.mcu.externaltools.gnu-tools-for-stm32.10.3-2021.10.win32_1.0.0.202111181127/tools/bin/../lib/gcc/arm-none-eabi/10.3.1/../../../../arm-none-eabi/lib/thumb/v7e-m+fp/hard\libc_nano.a(lib_a-impure.o)
                0x0000000020009ec4                . = ALIGN (0x4)
                0x0000000020009ec4                _edata = .

.igot.plt       0x0000000020009ec4        0x0
 .igot.plt      0x0000000020009ec4        0x0 c:/st/stm32cubeide_1.9.0/stm32cubeide/plugins/com.st.stm32cube.ide.mcu.externaltools.gnu-tools-for-stm32.10.3-2021.10.win32_1.0.0.202111181127/tools/bin/../lib/gcc/arm-none-eabi/10.3.1/thumb/v7e-m+fp/hard/crtbegin.o
                0x0000000020009ec4                . = ALIGN (0x4)

.bss            0x0000000020009ec4    0x14a5c
                0x0000000020009ec4                _sbss = .
                0x0000000020009ec4                __bss_start__ = _sbss
 *(.bss)
 .bss           0x0000000020009ec4       0x1c c:/st/stm32cubeide_1.9.0/stm32cubeide/plugins/com.st.stm32cube.ide.mcu.externaltools.gnu-tools-for-stm32.10.3-2021.10.win32_1.0.0.202111181127/tools/bin/../lib/gcc/arm-none-eabi/10.3.1/thumb/v7e-m+fp/hard/crtbegin.o
 *(.bss*)
 .bss.KernelState
                0x0000000020009ee0        0x4 ./Middlewares/Third_Party/FreeRTOS/Source/CMSIS_RTOS_V2/cmsis_os2.o
 .bss.Idle_TCB.3
                0x0000000020009ee4       0xbc ./Middlewares/Third_Party/FreeRTOS/Source/CMSIS_RTOS_V2/cmsis_os2.o
 .bss.Idle_Stack.2
                0x0000000020009fa0      0x200 ./Middlewares/Third_Party/FreeRTOS/Source/CMSIS_RTOS_V2/cmsis_os2.o
 .bss.Timer_TCB.1
                0x000000002000a1a0       0xbc ./Middlewares/Third_Party/FreeRTOS/Source/CMSIS_RTOS_V2/cmsis_os2.o
 .bss.Timer_Stack.0
                0x000000002000a25c      0x400 ./Middlewares/Third_Party/FreeRTOS/Source/CMSIS_RTOS_V2/cmsis_os2.o
 .bss.xQueueRegistry
                0x000000002000a65c       0x40 ./Middlewares/Third_Party/FreeRTOS/Source/queue.o
                0x000000002000a65c                xQueueRegistry
 .bss.pxCurrentTCB
                0x000000002000a69c        0x4 ./Middlewares/Third_Party/FreeRTOS/Source/tasks.o
                0x000000002000a69c                pxCurrentTCB
 .bss.pxReadyTasksLists
                0x000000002000a6a0      0x460 ./Middlewares/Third_Party/FreeRTOS/Source/tasks.o
 .bss.xDelayedTaskList1
                0x000000002000ab00       0x14 ./Middlewares/Third_Party/FreeRTOS/Source/tasks.o
 .bss.xDelayedTaskList2
                0x000000002000ab14       0x14 ./Middlewares/Third_Party/FreeRTOS/Source/tasks.o
 .bss.pxDelayedTaskList
                0x000000002000ab28        0x4 ./Middlewares/Third_Party/FreeRTOS/Source/tasks.o
 .bss.pxOverflowDelayedTaskList
                0x000000002000ab2c        0x4 ./Middlewares/Third_Party/FreeRTOS/Source/tasks.o
 .bss.xPendingReadyList
                0x000000002000ab30       0x14 ./Middlewares/Third_Party/FreeRTOS/Source/tasks.o
 .bss.xTasksWaitingTermination
                0x000000002000ab44       0x14 ./Middlewares/Third_Party/FreeRTOS/Source/tasks.o
 .bss.uxDeletedTasksWaitingCleanUp
                0x000000002000ab58        0x4 ./Middlewares/Third_Party/FreeRTOS/Source/tasks.o
 .bss.xSuspendedTaskList
                0x000000002000ab5c       0x14 ./Middlewares/Third_Party/FreeRTOS/Source/tasks.o
 .bss.uxCurrentNumberOfTasks
                0x000000002000ab70        0x4 ./Middlewares/Third_Party/FreeRTOS/Source/tasks.o
 .bss.xTickCount
                0x000000002000ab74        0x4 ./Middlewares/Third_Party/FreeRTOS/Source/tasks.o
 .bss.uxTopReadyPriority
                0x000000002000ab78        0x4 ./Middlewares/Third_Party/FreeRTOS/Source/tasks.o
 .bss.xSchedulerRunning
                0x000000002000ab7c        0x4 ./Middlewares/Third_Party/FreeRTOS/Source/tasks.o
 .bss.xPendedTicks
                0x000000002000ab80        0x4 ./Middlewares/Third_Party/FreeRTOS/Source/tasks.o
 .bss.xYieldPending
                0x000000002000ab84        0x4 ./Middlewares/Third_Party/FreeRTOS/Source/tasks.o
 .bss.xNumOfOverflows
                0x000000002000ab88        0x4 ./Middlewares/Third_Party/FreeRTOS/Source/tasks.o
 .bss.uxTaskNumber
                0x000000002000ab8c        0x4 ./Middlewares/Third_Party/FreeRTOS/Source/tasks.o
 .bss.xNextTaskUnblockTime
                0x000000002000ab90        0x4 ./Middlewares/Third_Party/FreeRTOS/Source/tasks.o
 .bss.xIdleTaskHandle
                0x000000002000ab94        0x4 ./Middlewares/Third_Party/FreeRTOS/Source/tasks.o
 .bss.uxSchedulerSuspended
                0x000000002000ab98        0x4 ./Middlewares/Third_Party/FreeRTOS/Source/tasks.o
 .bss.xActiveTimerList1
                0x000000002000ab9c       0x14 ./Middlewares/Third_Party/FreeRTOS/Source/timers.o
 .bss.xActiveTimerList2
                0x000000002000abb0       0x14 ./Middlewares/Third_Party/FreeRTOS/Source/timers.o
 .bss.pxCurrentTimerList
                0x000000002000abc4        0x4 ./Middlewares/Third_Party/FreeRTOS/Source/timers.o
 .bss.pxOverflowTimerList
                0x000000002000abc8        0x4 ./Middlewares/Third_Party/FreeRTOS/Source/timers.o
 .bss.xTimerQueue
                0x000000002000abcc        0x4 ./Middlewares/Third_Party/FreeRTOS/Source/timers.o
 .bss.xTimerTaskHandle
                0x000000002000abd0        0x4 ./Middlewares/Third_Party/FreeRTOS/Source/timers.o
 .bss.xLastTime.2
                0x000000002000abd4        0x4 ./Middlewares/Third_Party/FreeRTOS/Source/timers.o
 .bss.ucStaticTimerQueueStorage.1
                0x000000002000abd8       0xa0 ./Middlewares/Third_Party/FreeRTOS/Source/timers.o
 .bss.xStaticTimerQueue.0
                0x000000002000ac78       0x50 ./Middlewares/Third_Party/FreeRTOS/Source/timers.o
 .bss.ucMaxSysCallPriority
                0x000000002000acc8        0x1 ./Middlewares/Third_Party/FreeRTOS/Source/portable/GCC/ARM_CM4F/port.o
 *fill*         0x000000002000acc9        0x3 
 .bss.ulMaxPRIGROUPValue
                0x000000002000accc        0x4 ./Middlewares/Third_Party/FreeRTOS/Source/portable/GCC/ARM_CM4F/port.o
 .bss.ucHeap    0x000000002000acd0     0x3c00 ./Middlewares/Third_Party/FreeRTOS/Source/portable/MemMang/heap_4.o
 .bss.xStart    0x000000002000e8d0        0x8 ./Middlewares/Third_Party/FreeRTOS/Source/portable/MemMang/heap_4.o
 .bss.pxEnd     0x000000002000e8d8        0x4 ./Middlewares/Third_Party/FreeRTOS/Source/portable/MemMang/heap_4.o
 .bss.xFreeBytesRemaining
                0x000000002000e8dc        0x4 ./Middlewares/Third_Party/FreeRTOS/Source/portable/MemMang/heap_4.o
 .bss.xMinimumEverFreeBytesRemaining
                0x000000002000e8e0        0x4 ./Middlewares/Third_Party/FreeRTOS/Source/portable/MemMang/heap_4.o
 .bss.xNumberOfSuccessfulAllocations
                0x000000002000e8e4        0x4 ./Middlewares/Third_Party/FreeRTOS/Source/portable/MemMang/heap_4.o
 .bss.xNumberOfSuccessfulFrees
                0x000000002000e8e8        0x4 ./Middlewares/Third_Party/FreeRTOS/Source/portable/MemMang/heap_4.o
 .bss.xBlockAllocatedBit
                0x000000002000e8ec        0x4 ./Middlewares/Third_Party/FreeRTOS/Source/portable/MemMang/heap_4.o
 .bss.TFTDisplay_ILI9341_WIDTH
                0x000000002000e8f0        0x2 ./Src/ll_spi_ili9341.o
                0x000000002000e8f0                TFTDisplay_ILI9341_WIDTH
 .bss.TFTDisplay_ILI9341_HEIGHT
                0x000000002000e8f2        0x2 ./Src/ll_spi_ili9341.o
                0x000000002000e8f2                TFTDisplay_ILI9341_HEIGHT
 .bss.DataBuffer
                0x000000002000e8f4    0x10000 ./Src/ll_spi_ili9341.o
                0x000000002000e8f4                DataBuffer
 .bss.lcdprop   0x000000002001e8f4        0x8 ./Src/ll_spi_ili9341.o
                0x000000002001e8f4                lcdprop
 .bss.LCD_TaskHandle
                0x000000002001e8fc        0x4 ./Src/main.o
                0x000000002001e8fc                LCD_TaskHandle
 .bss.LED1_taskHandle
                0x000000002001e900        0x4 ./Src/main.o
                0x000000002001e900                LED1_taskHandle
 .bss.LED2_tackHandle
                0x000000002001e904        0x4 ./Src/main.o
                0x000000002001e904                LED2_tackHandle
 .bss.Reg_taskHandle
                0x000000002001e908        0x4 ./Src/main.o
                0x000000002001e908                Reg_taskHandle
 .bss.BinarySem01Handle
                0x000000002001e90c        0x4 ./Src/main.o
                0x000000002001e90c                BinarySem01Handle
 .bss.ptr       0x000000002001e910        0x4 ./Src/main.o
                0x000000002001e910                ptr
 .bss.nx        0x000000002001e914        0x4 ./Src/main.o
                0x000000002001e914                nx
 .bss.__lock___malloc_recursive_mutex
                0x000000002001e918        0x1 c:/st/stm32cubeide_1.9.0/stm32cubeide/plugins/com.st.stm32cube.ide.mcu.externaltools.gnu-tools-for-stm32.10.3-2021.10.win32_1.0.0.202111181127/tools/bin/../lib/gcc/arm-none-eabi/10.3.1/../../../../arm-none-eabi/lib/thumb/v7e-m+fp/hard\libc_nano.a(lib_a-lock.o)
                0x000000002001e918                __lock___malloc_recursive_mutex
 *fill*         0x000000002001e919        0x3 
 .bss.__malloc_free_list
                0x000000002001e91c        0x4 c:/st/stm32cubeide_1.9.0/stm32cubeide/plugins/com.st.stm32cube.ide.mcu.externaltools.gnu-tools-for-stm32.10.3-2021.10.win32_1.0.0.202111181127/tools/bin/../lib/gcc/arm-none-eabi/10.3.1/../../../../arm-none-eabi/lib/thumb/v7e-m+fp/hard\libc_nano.a(lib_a-nano-mallocr.o)
                0x000000002001e91c                __malloc_free_list
 *(COMMON)
                0x000000002001e920                . = ALIGN (0x4)
                0x000000002001e920                _ebss = .
                0x000000002001e920                __bss_end__ = _ebss

._user_heap_stack
                0x000000002001e920      0x600
                0x000000002001e920                . = ALIGN (0x8)
                0x000000002001e920                PROVIDE (end = .)
                [!provide]                        PROVIDE (_end = .)
                0x000000002001eb20                . = (. + _Min_Heap_Size)
 *fill*         0x000000002001e920      0x200 
                0x000000002001ef20                . = (. + _Min_Stack_Size)
 *fill*         0x000000002001eb20      0x400 
                0x000000002001ef20                . = ALIGN (0x8)

/DISCARD/
 libc.a(*)
 libm.a(*)
 libgcc.a(*)

.ARM.attributes
                0x0000000000000000       0x30
 *(.ARM.attributes)
 .ARM.attributes
                0x0000000000000000       0x1e c:/st/stm32cubeide_1.9.0/stm32cubeide/plugins/com.st.stm32cube.ide.mcu.externaltools.gnu-tools-for-stm32.10.3-2021.10.win32_1.0.0.202111181127/tools/bin/../lib/gcc/arm-none-eabi/10.3.1/thumb/v7e-m+fp/hard/crti.o
 .ARM.attributes
                0x000000000000001e       0x34 c:/st/stm32cubeide_1.9.0/stm32cubeide/plugins/com.st.stm32cube.ide.mcu.externaltools.gnu-tools-for-stm32.10.3-2021.10.win32_1.0.0.202111181127/tools/bin/../lib/gcc/arm-none-eabi/10.3.1/thumb/v7e-m+fp/hard/crtbegin.o
 .ARM.attributes
                0x0000000000000052       0x34 ./Drivers/STM32F4xx_HAL_Driver/Src/stm32f4xx_ll_gpio.o
 .ARM.attributes
                0x0000000000000086       0x34 ./Drivers/STM32F4xx_HAL_Driver/Src/stm32f4xx_ll_spi.o
 .ARM.attributes
                0x00000000000000ba       0x34 ./Drivers/STM32F4xx_HAL_Driver/Src/stm32f4xx_ll_utils.o
 .ARM.attributes
                0x00000000000000ee       0x34 ./Middlewares/Third_Party/FreeRTOS/Source/CMSIS_RTOS_V2/cmsis_os2.o
 .ARM.attributes
                0x0000000000000122       0x34 ./Middlewares/Third_Party/FreeRTOS/Source/list.o
 .ARM.attributes
                0x0000000000000156       0x34 ./Middlewares/Third_Party/FreeRTOS/Source/queue.o
 .ARM.attributes
                0x000000000000018a       0x34 ./Middlewares/Third_Party/FreeRTOS/Source/tasks.o
 .ARM.attributes
                0x00000000000001be       0x34 ./Middlewares/Third_Party/FreeRTOS/Source/timers.o
 .ARM.attributes
                0x00000000000001f2       0x34 ./Middlewares/Third_Party/FreeRTOS/Source/portable/GCC/ARM_CM4F/port.o
 .ARM.attributes
                0x0000000000000226       0x34 ./Middlewares/Third_Party/FreeRTOS/Source/portable/MemMang/heap_4.o
 .ARM.attributes
                0x000000000000025a       0x34 ./Src/ll_spi_ili9341.o
 .ARM.attributes
                0x000000000000028e       0x34 ./Src/main.o
 .ARM.attributes
                0x00000000000002c2       0x34 ./Src/stm32f4xx_it.o
 .ARM.attributes
                0x00000000000002f6       0x34 ./Src/system_stm32f4xx.o
 .ARM.attributes
                0x000000000000032a       0x21 ./Startup/startup_stm32f429zitx.o
 .ARM.attributes
                0x000000000000034b       0x34 c:/st/stm32cubeide_1.9.0/stm32cubeide/plugins/com.st.stm32cube.ide.mcu.externaltools.gnu-tools-for-stm32.10.3-2021.10.win32_1.0.0.202111181127/tools/bin/../lib/gcc/arm-none-eabi/10.3.1/../../../../arm-none-eabi/lib/thumb/v7e-m+fp/hard\libc_nano.a(lib_a-findfp.o)
 .ARM.attributes
                0x000000000000037f       0x34 c:/st/stm32cubeide_1.9.0/stm32cubeide/plugins/com.st.stm32cube.ide.mcu.externaltools.gnu-tools-for-stm32.10.3-2021.10.win32_1.0.0.202111181127/tools/bin/../lib/gcc/arm-none-eabi/10.3.1/../../../../arm-none-eabi/lib/thumb/v7e-m+fp/hard\libc_nano.a(lib_a-impure.o)
 .ARM.attributes
                0x00000000000003b3       0x34 c:/st/stm32cubeide_1.9.0/stm32cubeide/plugins/com.st.stm32cube.ide.mcu.externaltools.gnu-tools-for-stm32.10.3-2021.10.win32_1.0.0.202111181127/tools/bin/../lib/gcc/arm-none-eabi/10.3.1/../../../../arm-none-eabi/lib/thumb/v7e-m+fp/hard\libc_nano.a(lib_a-init.o)
 .ARM.attributes
                0x00000000000003e7       0x34 c:/st/stm32cubeide_1.9.0/stm32cubeide/plugins/com.st.stm32cube.ide.mcu.externaltools.gnu-tools-for-stm32.10.3-2021.10.win32_1.0.0.202111181127/tools/bin/../lib/gcc/arm-none-eabi/10.3.1/../../../../arm-none-eabi/lib/thumb/v7e-m+fp/hard\libc_nano.a(lib_a-lock.o)
 .ARM.attributes
                0x000000000000041b       0x34 c:/st/stm32cubeide_1.9.0/stm32cubeide/plugins/com.st.stm32cube.ide.mcu.externaltools.gnu-tools-for-stm32.10.3-2021.10.win32_1.0.0.202111181127/tools/bin/../lib/gcc/arm-none-eabi/10.3.1/../../../../arm-none-eabi/lib/thumb/v7e-m+fp/hard\libc_nano.a(lib_a-memcpy-stub.o)
 .ARM.attributes
                0x000000000000044f       0x34 c:/st/stm32cubeide_1.9.0/stm32cubeide/plugins/com.st.stm32cube.ide.mcu.externaltools.gnu-tools-for-stm32.10.3-2021.10.win32_1.0.0.202111181127/tools/bin/../lib/gcc/arm-none-eabi/10.3.1/../../../../arm-none-eabi/lib/thumb/v7e-m+fp/hard\libc_nano.a(lib_a-memset.o)
 .ARM.attributes
                0x0000000000000483       0x34 c:/st/stm32cubeide_1.9.0/stm32cubeide/plugins/com.st.stm32cube.ide.mcu.externaltools.gnu-tools-for-stm32.10.3-2021.10.win32_1.0.0.202111181127/tools/bin/../lib/gcc/arm-none-eabi/10.3.1/../../../../arm-none-eabi/lib/thumb/v7e-m+fp/hard\libc_nano.a(lib_a-nano-mallocr.o)
 .ARM.attributes
                0x00000000000004b7       0x34 c:/st/stm32cubeide_1.9.0/stm32cubeide/plugins/com.st.stm32cube.ide.mcu.externaltools.gnu-tools-for-stm32.10.3-2021.10.win32_1.0.0.202111181127/tools/bin/../lib/gcc/arm-none-eabi/10.3.1/../../../../arm-none-eabi/lib/thumb/v7e-m+fp/hard\libc_nano.a(lib_a-reent.o)
 .ARM.attributes
                0x00000000000004eb       0x34 c:/st/stm32cubeide_1.9.0/stm32cubeide/plugins/com.st.stm32cube.ide.mcu.externaltools.gnu-tools-for-stm32.10.3-2021.10.win32_1.0.0.202111181127/tools/bin/../lib/gcc/arm-none-eabi/10.3.1/../../../../arm-none-eabi/lib/thumb/v7e-m+fp/hard\libc_nano.a(lib_a-mlock.o)
 .ARM.attributes
                0x000000000000051f       0x34 c:/st/stm32cubeide_1.9.0/stm32cubeide/plugins/com.st.stm32cube.ide.mcu.externaltools.gnu-tools-for-stm32.10.3-2021.10.win32_1.0.0.202111181127/tools/bin/../lib/gcc/arm-none-eabi/10.3.1/../../../../arm-none-eabi/lib/thumb/v7e-m+fp/hard\libc_nano.a(lib_a-nano-freer.o)
 .ARM.attributes
                0x0000000000000553       0x1e c:/st/stm32cubeide_1.9.0/stm32cubeide/plugins/com.st.stm32cube.ide.mcu.externaltools.gnu-tools-for-stm32.10.3-2021.10.win32_1.0.0.202111181127/tools/bin/../lib/gcc/arm-none-eabi/10.3.1/thumb/v7e-m+fp/hard/crtn.o
OUTPUT(Bazowy_STM32_LCD_SPI_ILI9341.elf elf32-littlearm)
LOAD linker stubs
LOAD c:/st/stm32cubeide_1.9.0/stm32cubeide/plugins/com.st.stm32cube.ide.mcu.externaltools.gnu-tools-for-stm32.10.3-2021.10.win32_1.0.0.202111181127/tools/bin/../lib/gcc/arm-none-eabi/10.3.1/../../../../arm-none-eabi/lib/thumb/v7e-m+fp/hard\libc.a
LOAD c:/st/stm32cubeide_1.9.0/stm32cubeide/plugins/com.st.stm32cube.ide.mcu.externaltools.gnu-tools-for-stm32.10.3-2021.10.win32_1.0.0.202111181127/tools/bin/../lib/gcc/arm-none-eabi/10.3.1/../../../../arm-none-eabi/lib/thumb/v7e-m+fp/hard\libm.a
LOAD c:/st/stm32cubeide_1.9.0/stm32cubeide/plugins/com.st.stm32cube.ide.mcu.externaltools.gnu-tools-for-stm32.10.3-2021.10.win32_1.0.0.202111181127/tools/bin/../lib/gcc/arm-none-eabi/10.3.1/thumb/v7e-m+fp/hard\libgcc.a

.debug_info     0x0000000000000000    0x10506
 .debug_info    0x0000000000000000      0x85d ./Drivers/STM32F4xx_HAL_Driver/Src/stm32f4xx_ll_gpio.o
 .debug_info    0x000000000000085d      0x821 ./Drivers/STM32F4xx_HAL_Driver/Src/stm32f4xx_ll_spi.o
 .debug_info    0x000000000000107e      0x99d ./Drivers/STM32F4xx_HAL_Driver/Src/stm32f4xx_ll_utils.o
 .debug_info    0x0000000000001a1b     0x435d ./Middlewares/Third_Party/FreeRTOS/Source/CMSIS_RTOS_V2/cmsis_os2.o
 .debug_info    0x0000000000005d78      0x2d1 ./Middlewares/Third_Party/FreeRTOS/Source/list.o
 .debug_info    0x0000000000006049     0x1cbf ./Middlewares/Third_Party/FreeRTOS/Source/queue.o
 .debug_info    0x0000000000007d08     0x2b40 ./Middlewares/Third_Party/FreeRTOS/Source/tasks.o
 .debug_info    0x000000000000a848     0x1c89 ./Middlewares/Third_Party/FreeRTOS/Source/timers.o
 .debug_info    0x000000000000c4d1      0x507 ./Middlewares/Third_Party/FreeRTOS/Source/portable/GCC/ARM_CM4F/port.o
 .debug_info    0x000000000000c9d8      0x50b ./Middlewares/Third_Party/FreeRTOS/Source/portable/MemMang/heap_4.o
 .debug_info    0x000000000000cee3      0xfe4 ./Src/ll_spi_ili9341.o
 .debug_info    0x000000000000dec7     0x1e2d ./Src/main.o
 .debug_info    0x000000000000fcf4      0x2b8 ./Src/stm32f4xx_it.o
 .debug_info    0x000000000000ffac      0x538 ./Src/system_stm32f4xx.o
 .debug_info    0x00000000000104e4       0x22 ./Startup/startup_stm32f429zitx.o

.debug_abbrev   0x0000000000000000     0x2511
 .debug_abbrev  0x0000000000000000      0x20e ./Drivers/STM32F4xx_HAL_Driver/Src/stm32f4xx_ll_gpio.o
 .debug_abbrev  0x000000000000020e      0x20d ./Drivers/STM32F4xx_HAL_Driver/Src/stm32f4xx_ll_spi.o
 .debug_abbrev  0x000000000000041b      0x22a ./Drivers/STM32F4xx_HAL_Driver/Src/stm32f4xx_ll_utils.o
 .debug_abbrev  0x0000000000000645      0x50f ./Middlewares/Third_Party/FreeRTOS/Source/CMSIS_RTOS_V2/cmsis_os2.o
 .debug_abbrev  0x0000000000000b54       0xf2 ./Middlewares/Third_Party/FreeRTOS/Source/list.o
 .debug_abbrev  0x0000000000000c46      0x3a1 ./Middlewares/Third_Party/FreeRTOS/Source/queue.o
 .debug_abbrev  0x0000000000000fe7      0x3f3 ./Middlewares/Third_Party/FreeRTOS/Source/tasks.o
 .debug_abbrev  0x00000000000013da      0x360 ./Middlewares/Third_Party/FreeRTOS/Source/timers.o
 .debug_abbrev  0x000000000000173a      0x259 ./Middlewares/Third_Party/FreeRTOS/Source/portable/GCC/ARM_CM4F/port.o
 .debug_abbrev  0x0000000000001993      0x212 ./Middlewares/Third_Party/FreeRTOS/Source/portable/MemMang/heap_4.o
 .debug_abbrev  0x0000000000001ba5      0x2ea ./Src/ll_spi_ili9341.o
 .debug_abbrev  0x0000000000001e8f      0x3a6 ./Src/main.o
 .debug_abbrev  0x0000000000002235      0x1b4 ./Src/stm32f4xx_it.o
 .debug_abbrev  0x00000000000023e9      0x116 ./Src/system_stm32f4xx.o
 .debug_abbrev  0x00000000000024ff       0x12 ./Startup/startup_stm32f429zitx.o

.debug_aranges  0x0000000000000000      0xe60
 .debug_aranges
                0x0000000000000000       0x70 ./Drivers/STM32F4xx_HAL_Driver/Src/stm32f4xx_ll_gpio.o
 .debug_aranges
                0x0000000000000070       0x90 ./Drivers/STM32F4xx_HAL_Driver/Src/stm32f4xx_ll_spi.o
 .debug_aranges
                0x0000000000000100      0x100 ./Drivers/STM32F4xx_HAL_Driver/Src/stm32f4xx_ll_utils.o
 .debug_aranges
                0x0000000000000200      0x2a8 ./Middlewares/Third_Party/FreeRTOS/Source/CMSIS_RTOS_V2/cmsis_os2.o
 .debug_aranges
                0x00000000000004a8       0x40 ./Middlewares/Third_Party/FreeRTOS/Source/list.o
 .debug_aranges
                0x00000000000004e8      0x158 ./Middlewares/Third_Party/FreeRTOS/Source/queue.o
 .debug_aranges
                0x0000000000000640      0x208 ./Middlewares/Third_Party/FreeRTOS/Source/tasks.o
 .debug_aranges
                0x0000000000000848       0xf0 ./Middlewares/Third_Party/FreeRTOS/Source/timers.o
 .debug_aranges
                0x0000000000000938       0x80 ./Middlewares/Third_Party/FreeRTOS/Source/portable/GCC/ARM_CM4F/port.o
 .debug_aranges
                0x00000000000009b8       0x58 ./Middlewares/Third_Party/FreeRTOS/Source/portable/MemMang/heap_4.o
 .debug_aranges
                0x0000000000000a10      0x1a0 ./Src/ll_spi_ili9341.o
 .debug_aranges
                0x0000000000000bb0      0x1f0 ./Src/main.o
 .debug_aranges
                0x0000000000000da0       0x70 ./Src/stm32f4xx_it.o
 .debug_aranges
                0x0000000000000e10       0x28 ./Src/system_stm32f4xx.o
 .debug_aranges
                0x0000000000000e38       0x28 ./Startup/startup_stm32f429zitx.o

.debug_ranges   0x0000000000000000      0xd78
 .debug_ranges  0x0000000000000000       0x60 ./Drivers/STM32F4xx_HAL_Driver/Src/stm32f4xx_ll_gpio.o
 .debug_ranges  0x0000000000000060       0x80 ./Drivers/STM32F4xx_HAL_Driver/Src/stm32f4xx_ll_spi.o
 .debug_ranges  0x00000000000000e0       0xf0 ./Drivers/STM32F4xx_HAL_Driver/Src/stm32f4xx_ll_utils.o
 .debug_ranges  0x00000000000001d0      0x298 ./Middlewares/Third_Party/FreeRTOS/Source/CMSIS_RTOS_V2/cmsis_os2.o
 .debug_ranges  0x0000000000000468       0x30 ./Middlewares/Third_Party/FreeRTOS/Source/list.o
 .debug_ranges  0x0000000000000498      0x148 ./Middlewares/Third_Party/FreeRTOS/Source/queue.o
 .debug_ranges  0x00000000000005e0      0x1f8 ./Middlewares/Third_Party/FreeRTOS/Source/tasks.o
 .debug_ranges  0x00000000000007d8       0xe0 ./Middlewares/Third_Party/FreeRTOS/Source/timers.o
 .debug_ranges  0x00000000000008b8       0x70 ./Middlewares/Third_Party/FreeRTOS/Source/portable/GCC/ARM_CM4F/port.o
 .debug_ranges  0x0000000000000928       0x48 ./Middlewares/Third_Party/FreeRTOS/Source/portable/MemMang/heap_4.o
 .debug_ranges  0x0000000000000970      0x190 ./Src/ll_spi_ili9341.o
 .debug_ranges  0x0000000000000b00      0x1e0 ./Src/main.o
 .debug_ranges  0x0000000000000ce0       0x60 ./Src/stm32f4xx_it.o
 .debug_ranges  0x0000000000000d40       0x18 ./Src/system_stm32f4xx.o
 .debug_ranges  0x0000000000000d58       0x20 ./Startup/startup_stm32f429zitx.o

.debug_macro    0x0000000000000000     0x5520
 .debug_macro   0x0000000000000000      0x110 ./Drivers/STM32F4xx_HAL_Driver/Src/stm32f4xx_ll_gpio.o
 .debug_macro   0x0000000000000110      0x143 ./Drivers/STM32F4xx_HAL_Driver/Src/stm32f4xx_ll_gpio.o
 .debug_macro   0x0000000000000253      0x17d ./Drivers/STM32F4xx_HAL_Driver/Src/stm32f4xx_ll_spi.o
 .debug_macro   0x00000000000003d0      0x235 ./Drivers/STM32F4xx_HAL_Driver/Src/stm32f4xx_ll_spi.o
 .debug_macro   0x0000000000000605      0xc74 ./Drivers/STM32F4xx_HAL_Driver/Src/stm32f4xx_ll_spi.o
 .debug_macro   0x0000000000001279      0x1cc ./Drivers/STM32F4xx_HAL_Driver/Src/stm32f4xx_ll_utils.o
 .debug_macro   0x0000000000001445       0x5b ./Drivers/STM32F4xx_HAL_Driver/Src/stm32f4xx_ll_utils.o
 .debug_macro   0x00000000000014a0      0x22a ./Drivers/STM32F4xx_HAL_Driver/Src/stm32f4xx_ll_utils.o
 .debug_macro   0x00000000000016ca       0xc8 ./Drivers/STM32F4xx_HAL_Driver/Src/stm32f4xx_ll_utils.o
 .debug_macro   0x0000000000001792      0x2dc ./Middlewares/Third_Party/FreeRTOS/Source/CMSIS_RTOS_V2/cmsis_os2.o
 .debug_macro   0x0000000000001a6e       0x4c ./Middlewares/Third_Party/FreeRTOS/Source/CMSIS_RTOS_V2/cmsis_os2.o
 .debug_macro   0x0000000000001aba       0x1e ./Middlewares/Third_Party/FreeRTOS/Source/CMSIS_RTOS_V2/cmsis_os2.o
 .debug_macro   0x0000000000001ad8       0x94 ./Middlewares/Third_Party/FreeRTOS/Source/CMSIS_RTOS_V2/cmsis_os2.o
 .debug_macro   0x0000000000001b6c       0x3c ./Middlewares/Third_Party/FreeRTOS/Source/CMSIS_RTOS_V2/cmsis_os2.o
 .debug_macro   0x0000000000001ba8       0x34 ./Middlewares/Third_Party/FreeRTOS/Source/CMSIS_RTOS_V2/cmsis_os2.o
 .debug_macro   0x0000000000001bdc      0x174 ./Middlewares/Third_Party/FreeRTOS/Source/CMSIS_RTOS_V2/cmsis_os2.o
 .debug_macro   0x0000000000001d50       0x16 ./Middlewares/Third_Party/FreeRTOS/Source/CMSIS_RTOS_V2/cmsis_os2.o
 .debug_macro   0x0000000000001d66       0x43 ./Middlewares/Third_Party/FreeRTOS/Source/CMSIS_RTOS_V2/cmsis_os2.o
 .debug_macro   0x0000000000001da9       0x57 ./Middlewares/Third_Party/FreeRTOS/Source/CMSIS_RTOS_V2/cmsis_os2.o
 .debug_macro   0x0000000000001e00       0x34 ./Middlewares/Third_Party/FreeRTOS/Source/CMSIS_RTOS_V2/cmsis_os2.o
 .debug_macro   0x0000000000001e34       0x10 ./Middlewares/Third_Party/FreeRTOS/Source/CMSIS_RTOS_V2/cmsis_os2.o
 .debug_macro   0x0000000000001e44       0x58 ./Middlewares/Third_Party/FreeRTOS/Source/CMSIS_RTOS_V2/cmsis_os2.o
 .debug_macro   0x0000000000001e9c       0x71 ./Middlewares/Third_Party/FreeRTOS/Source/CMSIS_RTOS_V2/cmsis_os2.o
 .debug_macro   0x0000000000001f0d       0x1c ./Middlewares/Third_Party/FreeRTOS/Source/CMSIS_RTOS_V2/cmsis_os2.o
 .debug_macro   0x0000000000001f29      0x12a ./Middlewares/Third_Party/FreeRTOS/Source/CMSIS_RTOS_V2/cmsis_os2.o
 .debug_macro   0x0000000000002053      0x341 ./Middlewares/Third_Party/FreeRTOS/Source/CMSIS_RTOS_V2/cmsis_os2.o
 .debug_macro   0x0000000000002394       0x10 ./Middlewares/Third_Party/FreeRTOS/Source/CMSIS_RTOS_V2/cmsis_os2.o
 .debug_macro   0x00000000000023a4       0x35 ./Middlewares/Third_Party/FreeRTOS/Source/CMSIS_RTOS_V2/cmsis_os2.o
 .debug_macro   0x00000000000023d9       0x20 ./Middlewares/Third_Party/FreeRTOS/Source/CMSIS_RTOS_V2/cmsis_os2.o
 .debug_macro   0x00000000000023f9       0x10 ./Middlewares/Third_Party/FreeRTOS/Source/CMSIS_RTOS_V2/cmsis_os2.o
 .debug_macro   0x0000000000002409       0x74 ./Middlewares/Third_Party/FreeRTOS/Source/CMSIS_RTOS_V2/cmsis_os2.o
 .debug_macro   0x000000000000247d       0xd3 ./Middlewares/Third_Party/FreeRTOS/Source/CMSIS_RTOS_V2/cmsis_os2.o
 .debug_macro   0x0000000000002550      0x170 ./Middlewares/Third_Party/FreeRTOS/Source/CMSIS_RTOS_V2/cmsis_os2.o
 .debug_macro   0x00000000000026c0      0x15a ./Middlewares/Third_Party/FreeRTOS/Source/CMSIS_RTOS_V2/cmsis_os2.o
 .debug_macro   0x000000000000281a       0xc9 ./Middlewares/Third_Party/FreeRTOS/Source/CMSIS_RTOS_V2/cmsis_os2.o
 .debug_macro   0x00000000000028e3       0x1c ./Middlewares/Third_Party/FreeRTOS/Source/CMSIS_RTOS_V2/cmsis_os2.o
 .debug_macro   0x00000000000028ff       0x26 ./Middlewares/Third_Party/FreeRTOS/Source/CMSIS_RTOS_V2/cmsis_os2.o
 .debug_macro   0x0000000000002925       0x16 ./Middlewares/Third_Party/FreeRTOS/Source/CMSIS_RTOS_V2/cmsis_os2.o
 .debug_macro   0x000000000000293b      0x4bf ./Middlewares/Third_Party/FreeRTOS/Source/CMSIS_RTOS_V2/cmsis_os2.o
 .debug_macro   0x0000000000002dfa       0xb5 ./Middlewares/Third_Party/FreeRTOS/Source/CMSIS_RTOS_V2/cmsis_os2.o
 .debug_macro   0x0000000000002eaf       0xaa ./Middlewares/Third_Party/FreeRTOS/Source/CMSIS_RTOS_V2/cmsis_os2.o
 .debug_macro   0x0000000000002f59       0x91 ./Middlewares/Third_Party/FreeRTOS/Source/CMSIS_RTOS_V2/cmsis_os2.o
 .debug_macro   0x0000000000002fea       0x8d ./Middlewares/Third_Party/FreeRTOS/Source/CMSIS_RTOS_V2/cmsis_os2.o
 .debug_macro   0x0000000000003077       0x9a ./Middlewares/Third_Party/FreeRTOS/Source/CMSIS_RTOS_V2/cmsis_os2.o
 .debug_macro   0x0000000000003111       0x22 ./Middlewares/Third_Party/FreeRTOS/Source/CMSIS_RTOS_V2/cmsis_os2.o
 .debug_macro   0x0000000000003133      0x199 ./Middlewares/Third_Party/FreeRTOS/Source/list.o
 .debug_macro   0x00000000000032cc      0x228 ./Middlewares/Third_Party/FreeRTOS/Source/queue.o
 .debug_macro   0x00000000000034f4       0x16 ./Middlewares/Third_Party/FreeRTOS/Source/queue.o
 .debug_macro   0x000000000000350a       0x87 ./Middlewares/Third_Party/FreeRTOS/Source/queue.o
 .debug_macro   0x0000000000003591      0x291 ./Middlewares/Third_Party/FreeRTOS/Source/tasks.o
 .debug_macro   0x0000000000003822       0x10 ./Middlewares/Third_Party/FreeRTOS/Source/tasks.o
 .debug_macro   0x0000000000003832      0x1ee ./Middlewares/Third_Party/FreeRTOS/Source/timers.o
 .debug_macro   0x0000000000003a20       0x97 ./Middlewares/Third_Party/FreeRTOS/Source/timers.o
 .debug_macro   0x0000000000003ab7      0x233 ./Middlewares/Third_Party/FreeRTOS/Source/portable/GCC/ARM_CM4F/port.o
 .debug_macro   0x0000000000003cea      0x1c0 ./Middlewares/Third_Party/FreeRTOS/Source/portable/MemMang/heap_4.o
 .debug_macro   0x0000000000003eaa      0x2c5 ./Src/ll_spi_ili9341.o
 .debug_macro   0x000000000000416f      0x1e6 ./Src/ll_spi_ili9341.o
 .debug_macro   0x0000000000004355       0x16 ./Src/ll_spi_ili9341.o
 .debug_macro   0x000000000000436b       0x97 ./Src/ll_spi_ili9341.o
 .debug_macro   0x0000000000004402       0xfd ./Src/ll_spi_ili9341.o
 .debug_macro   0x00000000000044ff       0x10 ./Src/ll_spi_ili9341.o
 .debug_macro   0x000000000000450f       0x10 ./Src/ll_spi_ili9341.o
 .debug_macro   0x000000000000451f       0x1c ./Src/ll_spi_ili9341.o
 .debug_macro   0x000000000000453b       0x52 ./Src/ll_spi_ili9341.o
 .debug_macro   0x000000000000458d       0x22 ./Src/ll_spi_ili9341.o
 .debug_macro   0x00000000000045af       0x10 ./Src/ll_spi_ili9341.o
 .debug_macro   0x00000000000045bf       0x52 ./Src/ll_spi_ili9341.o
 .debug_macro   0x0000000000004611       0xd5 ./Src/ll_spi_ili9341.o
 .debug_macro   0x00000000000046e6       0x1c ./Src/ll_spi_ili9341.o
 .debug_macro   0x0000000000004702       0x3d ./Src/ll_spi_ili9341.o
 .debug_macro   0x000000000000473f       0x16 ./Src/ll_spi_ili9341.o
 .debug_macro   0x0000000000004755      0x145 ./Src/ll_spi_ili9341.o
 .debug_macro   0x000000000000489a       0x10 ./Src/ll_spi_ili9341.o
 .debug_macro   0x00000000000048aa      0x2e1 ./Src/ll_spi_ili9341.o
 .debug_macro   0x0000000000004b8b      0x398 ./Src/main.o
 .debug_macro   0x0000000000004f23      0x170 ./Src/main.o
 .debug_macro   0x0000000000005093       0x66 ./Src/main.o
 .debug_macro   0x00000000000050f9       0xdd ./Src/main.o
 .debug_macro   0x00000000000051d6       0x1c ./Src/main.o
 .debug_macro   0x00000000000051f2      0x25a ./Src/stm32f4xx_it.o
 .debug_macro   0x000000000000544c       0xd4 ./Src/system_stm32f4xx.o

.debug_line     0x0000000000000000     0xc624
 .debug_line    0x0000000000000000      0x762 ./Drivers/STM32F4xx_HAL_Driver/Src/stm32f4xx_ll_gpio.o
 .debug_line    0x0000000000000762      0x78c ./Drivers/STM32F4xx_HAL_Driver/Src/stm32f4xx_ll_spi.o
 .debug_line    0x0000000000000eee      0xa00 ./Drivers/STM32F4xx_HAL_Driver/Src/stm32f4xx_ll_utils.o
 .debug_line    0x00000000000018ee     0x2155 ./Middlewares/Third_Party/FreeRTOS/Source/CMSIS_RTOS_V2/cmsis_os2.o
 .debug_line    0x0000000000003a43      0x6fe ./Middlewares/Third_Party/FreeRTOS/Source/list.o
 .debug_line    0x0000000000004141     0x16c8 ./Middlewares/Third_Party/FreeRTOS/Source/queue.o
 .debug_line    0x0000000000005809     0x1da6 ./Middlewares/Third_Party/FreeRTOS/Source/tasks.o
 .debug_line    0x00000000000075af      0xd5e ./Middlewares/Third_Party/FreeRTOS/Source/timers.o
 .debug_line    0x000000000000830d      0x8c5 ./Middlewares/Third_Party/FreeRTOS/Source/portable/GCC/ARM_CM4F/port.o
 .debug_line    0x0000000000008bd2      0x928 ./Middlewares/Third_Party/FreeRTOS/Source/portable/MemMang/heap_4.o
 .debug_line    0x00000000000094fa     0x1141 ./Src/ll_spi_ili9341.o
 .debug_line    0x000000000000a63b     0x11a6 ./Src/main.o
 .debug_line    0x000000000000b7e1      0x8df ./Src/stm32f4xx_it.o
 .debug_line    0x000000000000c0c0      0x4e4 ./Src/system_stm32f4xx.o
 .debug_line    0x000000000000c5a4       0x80 ./Startup/startup_stm32f429zitx.o

.debug_str      0x0000000000000000    0xb49d8
 .debug_str     0x0000000000000000    0x9501a ./Drivers/STM32F4xx_HAL_Driver/Src/stm32f4xx_ll_gpio.o
                                      0x951be (size before relaxing)
 .debug_str     0x000000000009501a     0x8efd ./Drivers/STM32F4xx_HAL_Driver/Src/stm32f4xx_ll_spi.o
                                      0x9d27f (size before relaxing)
 .debug_str     0x000000000009df17     0x3097 ./Drivers/STM32F4xx_HAL_Driver/Src/stm32f4xx_ll_utils.o
                                      0x9d8ee (size before relaxing)
 .debug_str     0x00000000000a0fae     0xae41 ./Middlewares/Third_Party/FreeRTOS/Source/CMSIS_RTOS_V2/cmsis_os2.o
                                      0x9e594 (size before relaxing)
 .debug_str     0x00000000000abdef      0x20f ./Middlewares/Third_Party/FreeRTOS/Source/list.o
                                       0xa798 (size before relaxing)
 .debug_str     0x00000000000abffe      0x892 ./Middlewares/Third_Party/FreeRTOS/Source/queue.o
                                       0xc2d8 (size before relaxing)
 .debug_str     0x00000000000ac890     0x10c6 ./Middlewares/Third_Party/FreeRTOS/Source/tasks.o
                                       0xd15b (size before relaxing)
 .debug_str     0x00000000000ad956      0x5af ./Middlewares/Third_Party/FreeRTOS/Source/timers.o
                                       0xcb68 (size before relaxing)
 .debug_str     0x00000000000adf05      0x797 ./Middlewares/Third_Party/FreeRTOS/Source/portable/GCC/ARM_CM4F/port.o
                                       0xa0b6 (size before relaxing)
 .debug_str     0x00000000000ae69c      0x324 ./Middlewares/Third_Party/FreeRTOS/Source/portable/MemMang/heap_4.o
                                       0xb0da (size before relaxing)
 .debug_str     0x00000000000ae9c0     0x3edc ./Src/ll_spi_ili9341.o
                                      0x9bc58 (size before relaxing)
 .debug_str     0x00000000000b289c     0x1fbd ./Src/main.o
                                      0xab98d (size before relaxing)
 .debug_str     0x00000000000b4859       0xd5 ./Src/stm32f4xx_it.o
                                      0xa66b9 (size before relaxing)
 .debug_str     0x00000000000b492e       0x79 ./Src/system_stm32f4xx.o
                                      0x935bc (size before relaxing)
 .debug_str     0x00000000000b49a7       0x31 ./Startup/startup_stm32f429zitx.o
                                         0x8a (size before relaxing)

.comment        0x0000000000000000       0x50
 .comment       0x0000000000000000       0x50 ./Drivers/STM32F4xx_HAL_Driver/Src/stm32f4xx_ll_gpio.o
                                         0x51 (size before relaxing)