Archive member included to satisfy reference by file (symbol)

c:/st/stm32cubeide_1.9.0/stm32cubeide/plugins/com.st.stm32cube.ide.mcu.externaltools.gnu-tools-for-stm32.10.3-2021.10.win32_1.0.0.202111181127/tools/bin/../lib/gcc/arm-none-eabi/10.3.1/../../../../arm-none-eabi/lib/thumb/v7e-m+fp/hard\libc_nano.a(lib_a-errno.o)
                              ./Src/syscalls.o (__errno)
c:/st/stm32cubeide_1.9.0/stm32cubeide/plugins/com.st.stm32cube.ide.mcu.externaltools.gnu-tools-for-stm32.10.3-2021.10.win32_1.0.0.202111181127/tools/bin/../lib/gcc/arm-none-eabi/10.3.1/../../../../arm-none-eabi/lib/thumb/v7e-m+fp/hard\libc_nano.a(lib_a-exit.o)
                              c:/st/stm32cubeide_1.9.0/stm32cubeide/plugins/com.st.stm32cube.ide.mcu.externaltools.gnu-tools-for-stm32.10.3-2021.10.win32_1.0.0.202111181127/tools/bin/../lib/gcc/arm-none-eabi/10.3.1/../../../../arm-none-eabi/lib/thumb/v7e-m+fp/hard/crt0.o (exit)
c:/st/stm32cubeide_1.9.0/stm32cubeide/plugins/com.st.stm32cube.ide.mcu.externaltools.gnu-tools-for-stm32.10.3-2021.10.win32_1.0.0.202111181127/tools/bin/../lib/gcc/arm-none-eabi/10.3.1/../../../../arm-none-eabi/lib/thumb/v7e-m+fp/hard\libc_nano.a(lib_a-findfp.o)
                              ./Middlewares/Third_Party/FreeRTOS/Source/tasks.o (__sf_fake_stderr)
c:/st/stm32cubeide_1.9.0/stm32cubeide/plugins/com.st.stm32cube.ide.mcu.externaltools.gnu-tools-for-stm32.10.3-2021.10.win32_1.0.0.202111181127/tools/bin/../lib/gcc/arm-none-eabi/10.3.1/../../../../arm-none-eabi/lib/thumb/v7e-m+fp/hard\libc_nano.a(lib_a-fwalk.o)
                              c:/st/stm32cubeide_1.9.0/stm32cubeide/plugins/com.st.stm32cube.ide.mcu.externaltools.gnu-tools-for-stm32.10.3-2021.10.win32_1.0.0.202111181127/tools/bin/../lib/gcc/arm-none-eabi/10.3.1/../../../../arm-none-eabi/lib/thumb/v7e-m+fp/hard\libc_nano.a(lib_a-findfp.o) (_fwalk)
c:/st/stm32cubeide_1.9.0/stm32cubeide/plugins/com.st.stm32cube.ide.mcu.externaltools.gnu-tools-for-stm32.10.3-2021.10.win32_1.0.0.202111181127/tools/bin/../lib/gcc/arm-none-eabi/10.3.1/../../../../arm-none-eabi/lib/thumb/v7e-m+fp/hard\libc_nano.a(lib_a-impure.o)
                              c:/st/stm32cubeide_1.9.0/stm32cubeide/plugins/com.st.stm32cube.ide.mcu.externaltools.gnu-tools-for-stm32.10.3-2021.10.win32_1.0.0.202111181127/tools/bin/../lib/gcc/arm-none-eabi/10.3.1/../../../../arm-none-eabi/lib/thumb/v7e-m+fp/hard\libc_nano.a(lib_a-exit.o) (_global_impure_ptr)
c:/st/stm32cubeide_1.9.0/stm32cubeide/plugins/com.st.stm32cube.ide.mcu.externaltools.gnu-tools-for-stm32.10.3-2021.10.win32_1.0.0.202111181127/tools/bin/../lib/gcc/arm-none-eabi/10.3.1/../../../../arm-none-eabi/lib/thumb/v7e-m+fp/hard\libc_nano.a(lib_a-init.o)
                              c:/st/stm32cubeide_1.9.0/stm32cubeide/plugins/com.st.stm32cube.ide.mcu.externaltools.gnu-tools-for-stm32.10.3-2021.10.win32_1.0.0.202111181127/tools/bin/../lib/gcc/arm-none-eabi/10.3.1/../../../../arm-none-eabi/lib/thumb/v7e-m+fp/hard/crt0.o (__libc_init_array)
c:/st/stm32cubeide_1.9.0/stm32cubeide/plugins/com.st.stm32cube.ide.mcu.externaltools.gnu-tools-for-stm32.10.3-2021.10.win32_1.0.0.202111181127/tools/bin/../lib/gcc/arm-none-eabi/10.3.1/../../../../arm-none-eabi/lib/thumb/v7e-m+fp/hard\libc_nano.a(lib_a-lock.o)
                              c:/st/stm32cubeide_1.9.0/stm32cubeide/plugins/com.st.stm32cube.ide.mcu.externaltools.gnu-tools-for-stm32.10.3-2021.10.win32_1.0.0.202111181127/tools/bin/../lib/gcc/arm-none-eabi/10.3.1/../../../../arm-none-eabi/lib/thumb/v7e-m+fp/hard\libc_nano.a(lib_a-findfp.o) (__retarget_lock_init_recursive)
c:/st/stm32cubeide_1.9.0/stm32cubeide/plugins/com.st.stm32cube.ide.mcu.externaltools.gnu-tools-for-stm32.10.3-2021.10.win32_1.0.0.202111181127/tools/bin/../lib/gcc/arm-none-eabi/10.3.1/../../../../arm-none-eabi/lib/thumb/v7e-m+fp/hard\libc_nano.a(lib_a-memcpy-stub.o)
                              ./Middlewares/Third_Party/FreeRTOS/Source/CMSIS_RTOS_V2/cmsis_os2.o (memcpy)
c:/st/stm32cubeide_1.9.0/stm32cubeide/plugins/com.st.stm32cube.ide.mcu.externaltools.gnu-tools-for-stm32.10.3-2021.10.win32_1.0.0.202111181127/tools/bin/../lib/gcc/arm-none-eabi/10.3.1/../../../../arm-none-eabi/lib/thumb/v7e-m+fp/hard\libc_nano.a(lib_a-memset.o)
                              c:/st/stm32cubeide_1.9.0/stm32cubeide/plugins/com.st.stm32cube.ide.mcu.externaltools.gnu-tools-for-stm32.10.3-2021.10.win32_1.0.0.202111181127/tools/bin/../lib/gcc/arm-none-eabi/10.3.1/../../../../arm-none-eabi/lib/thumb/v7e-m+fp/hard/crt0.o (memset)
c:/st/stm32cubeide_1.9.0/stm32cubeide/plugins/com.st.stm32cube.ide.mcu.externaltools.gnu-tools-for-stm32.10.3-2021.10.win32_1.0.0.202111181127/tools/bin/../lib/gcc/arm-none-eabi/10.3.1/../../../../arm-none-eabi/lib/thumb/v7e-m+fp/hard\libc_nano.a(lib_a-nano-mallocr.o)
[...]
Memory Configuration

Name             Origin             Length             Attributes
CCMRAM           0x0000000010000000 0x0000000000010000 xrw
RAM              0x0000000020000000 0x0000000000030000 xrw
FLASH            0x0000000008000000 0x0000000000200000 xr
*default*        0x0000000000000000 0xffffffffffffffff

Linker script and memory map

LOAD c:/st/stm32cubeide_1.9.0/stm32cubeide/plugins/com.st.stm32cube.ide.mcu.externaltools.gnu-tools-for-stm32.10.3-2021.10.win32_1.0.0.202111181127/tools/bin/../lib/gcc/arm-none-eabi/10.3.1/thumb/v7e-m+fp/hard/crti.o
LOAD c:/st/stm32cubeide_1.9.0/stm32cubeide/plugins/com.st.stm32cube.ide.mcu.externaltools.gnu-tools-for-stm32.10.3-2021.10.win32_1.0.0.202111181127/tools/bin/../lib/gcc/arm-none-eabi/10.3.1/thumb/v7e-m+fp/hard/crtbegin.o
LOAD c:/st/stm32cubeide_1.9.0/stm32cubeide/plugins/com.st.stm32cube.ide.mcu.externaltools.gnu-tools-for-stm32.10.3-2021.10.win32_1.0.0.202111181127/tools/bin/../lib/gcc/arm-none-eabi/10.3.1/../../../../arm-none-eabi/lib/thumb/v7e-m+fp/hard/crt0.o
LOAD ./Drivers/STM32F4xx_HAL_Driver/Src/stm32f4xx_hal.o
LOAD ./Drivers/STM32F4xx_HAL_Driver/Src/stm32f4xx_hal_cortex.o
LOAD ./Drivers/STM32F4xx_HAL_Driver/Src/stm32f4xx_hal_dma.o
LOAD ./Drivers/STM32F4xx_HAL_Driver/Src/stm32f4xx_hal_dma_ex.o
LOAD ./Drivers/STM32F4xx_HAL_Driver/Src/stm32f4xx_hal_exti.o
LOAD ./Drivers/STM32F4xx_HAL_Driver/Src/stm32f4xx_hal_flash.o
LOAD ./Drivers/STM32F4xx_HAL_Driver/Src/stm32f4xx_hal_flash_ex.o
LOAD ./Drivers/STM32F4xx_HAL_Driver/Src/stm32f4xx_hal_flash_ramfunc.o
LOAD ./Drivers/STM32F4xx_HAL_Driver/Src/stm32f4xx_hal_gpio.o
LOAD ./Drivers/STM32F4xx_HAL_Driver/Src/stm32f4xx_hal_pwr.o
LOAD ./Drivers/STM32F4xx_HAL_Driver/Src/stm32f4xx_hal_pwr_ex.o
LOAD ./Drivers/STM32F4xx_HAL_Driver/Src/stm32f4xx_hal_rcc.o
LOAD ./Drivers/STM32F4xx_HAL_Driver/Src/stm32f4xx_hal_rcc_ex.o
LOAD ./Drivers/STM32F4xx_HAL_Driver/Src/stm32f4xx_hal_tim.o
LOAD ./Drivers/STM32F4xx_HAL_Driver/Src/stm32f4xx_hal_tim_ex.o
LOAD ./Drivers/STM32F4xx_HAL_Driver/Src/stm32f4xx_ll_dma.o
LOAD ./Drivers/STM32F4xx_HAL_Driver/Src/stm32f4xx_ll_exti.o
LOAD ./Drivers/STM32F4xx_HAL_Driver/Src/stm32f4xx_ll_gpio.o
LOAD ./Drivers/STM32F4xx_HAL_Driver/Src/stm32f4xx_ll_rcc.o
LOAD ./Drivers/STM32F4xx_HAL_Driver/Src/stm32f4xx_ll_rng.o
LOAD ./Drivers/STM32F4xx_HAL_Driver/Src/stm32f4xx_ll_spi.o
LOAD ./Drivers/STM32F4xx_HAL_Driver/Src/stm32f4xx_ll_utils.o
LOAD ./Middlewares/Third_Party/FreeRTOS/Source/CMSIS_RTOS_V2/cmsis_os2.o
LOAD ./Middlewares/Third_Party/FreeRTOS/Source/croutine.o
LOAD ./Middlewares/Third_Party/FreeRTOS/Source/event_groups.o
LOAD ./Middlewares/Third_Party/FreeRTOS/Source/list.o
LOAD ./Middlewares/Third_Party/FreeRTOS/Source/queue.o
LOAD ./Middlewares/Third_Party/FreeRTOS/Source/stream_buffer.o
LOAD ./Middlewares/Third_Party/FreeRTOS/Source/tasks.o
LOAD ./Middlewares/Third_Party/FreeRTOS/Source/timers.o
LOAD ./Middlewares/Third_Party/FreeRTOS/Source/portable/GCC/ARM_CM4F/port.o
LOAD ./Middlewares/Third_Party/FreeRTOS/Source/portable/MemMang/heap_4.o
LOAD ./Src/dma.o
LOAD ./Src/freertos.o
LOAD ./Src/gpio.o
LOAD ./Src/ll_spi_ili9341.o
LOAD ./Src/main.o
LOAD ./Src/myfunctions.o
LOAD ./Src/reg2.o
LOAD ./Src/rng.o
LOAD ./Src/spi.o
LOAD ./Src/stm32f4xx_hal_msp.o
LOAD ./Src/stm32f4xx_hal_timebase_tim.o
LOAD ./Src/stm32f4xx_it.o
LOAD ./Src/syscalls.o
LOAD ./Src/sysmem.o
LOAD ./Src/system_stm32f4xx.o
LOAD ./Startup/startup_stm32f429zitx.o
START GROUP
LOAD c:/st/stm32cubeide_1.9.0/stm32cubeide/plugins/com.st.stm32cube.ide.mcu.externaltools.gnu-tools-for-stm32.10.3-2021.10.win32_1.0.0.202111181127/tools/bin/../lib/gcc/arm-none-eabi/10.3.1/../../../../arm-none-eabi/lib/thumb/v7e-m+fp/hard\libc_nano.a
LOAD c:/st/stm32cubeide_1.9.0/stm32cubeide/plugins/com.st.stm32cube.ide.mcu.externaltools.gnu-tools-for-stm32.10.3-2021.10.win32_1.0.0.202111181127/tools/bin/../lib/gcc/arm-none-eabi/10.3.1/../../../../arm-none-eabi/lib/thumb/v7e-m+fp/hard\libm.a
END GROUP
START GROUP
LOAD c:/st/stm32cubeide_1.9.0/stm32cubeide/plugins/com.st.stm32cube.ide.mcu.externaltools.gnu-tools-for-stm32.10.3-2021.10.win32_1.0.0.202111181127/tools/bin/../lib/gcc/arm-none-eabi/10.3.1/thumb/v7e-m+fp/hard\libgcc.a
LOAD c:/st/stm32cubeide_1.9.0/stm32cubeide/plugins/com.st.stm32cube.ide.mcu.externaltools.gnu-tools-for-stm32.10.3-2021.10.win32_1.0.0.202111181127/tools/bin/../lib/gcc/arm-none-eabi/10.3.1/../../../../arm-none-eabi/lib/thumb/v7e-m+fp/hard\libc_nano.a
END GROUP
START GROUP
LOAD c:/st/stm32cubeide_1.9.0/stm32cubeide/plugins/com.st.stm32cube.ide.mcu.externaltools.gnu-tools-for-stm32.10.3-2021.10.win32_1.0.0.202111181127/tools/bin/../lib/gcc/arm-none-eabi/10.3.1/thumb/v7e-m+fp/hard\libgcc.a
LOAD c:/st/stm32cubeide_1.9.0/stm32cubeide/plugins/com.st.stm32cube.ide.mcu.externaltools.gnu-tools-for-stm32.10.3-2021.10.win32_1.0.0.202111181127/tools/bin/../lib/gcc/arm-none-eabi/10.3.1/../../../../arm-none-eabi/lib/thumb/v7e-m+fp/hard\libc_nano.a
LOAD c:/st/stm32cubeide_1.9.0/stm32cubeide/plugins/com.st.stm32cube.ide.mcu.externaltools.gnu-tools-for-stm32.10.3-2021.10.win32_1.0.0.202111181127/tools/bin/../lib/gcc/arm-none-eabi/10.3.1/../../../../arm-none-eabi/lib/thumb/v7e-m+fp/hard\libnosys.a
END GROUP
START GROUP
LOAD c:/st/stm32cubeide_1.9.0/stm32cubeide/plugins/com.st.stm32cube.ide.mcu.externaltools.gnu-tools-for-stm32.10.3-2021.10.win32_1.0.0.202111181127/tools/bin/../lib/gcc/arm-none-eabi/10.3.1/thumb/v7e-m+fp/hard\libgcc.a
LOAD c:/st/stm32cubeide_1.9.0/stm32cubeide/plugins/com.st.stm32cube.ide.mcu.externaltools.gnu-tools-for-stm32.10.3-2021.10.win32_1.0.0.202111181127/tools/bin/../lib/gcc/arm-none-eabi/10.3.1/../../../../arm-none-eabi/lib/thumb/v7e-m+fp/hard\libc_nano.a
LOAD c:/st/stm32cubeide_1.9.0/stm32cubeide/plugins/com.st.stm32cube.ide.mcu.externaltools.gnu-tools-for-stm32.10.3-2021.10.win32_1.0.0.202111181127/tools/bin/../lib/gcc/arm-none-eabi/10.3.1/../../../../arm-none-eabi/lib/thumb/v7e-m+fp/hard\libnosys.a
END GROUP
LOAD c:/st/stm32cubeide_1.9.0/stm32cubeide/plugins/com.st.stm32cube.ide.mcu.externaltools.gnu-tools-for-stm32.10.3-2021.10.win32_1.0.0.202111181127/tools/bin/../lib/gcc/arm-none-eabi/10.3.1/thumb/v7e-m+fp/hard/crtend.o
LOAD c:/st/stm32cubeide_1.9.0/stm32cubeide/plugins/com.st.stm32cube.ide.mcu.externaltools.gnu-tools-for-stm32.10.3-2021.10.win32_1.0.0.202111181127/tools/bin/../lib/gcc/arm-none-eabi/10.3.1/thumb/v7e-m+fp/hard/crtn.o
                0x0000000020030000                _estack = (ORIGIN (RAM) + LENGTH (RAM))
                0x0000000000000200                _Min_Heap_Size = 0x200
                0x0000000000000400                _Min_Stack_Size = 0x400

.isr_vector     0x0000000020000000      0x1ac
                0x0000000020000000                . = ALIGN (0x4)
 *(.isr_vector)
 .isr_vector    0x0000000020000000      0x1ac ./Startup/startup_stm32f429zitx.o
                0x0000000020000000                g_pfnVectors
                0x00000000200001ac                . = ALIGN (0x4)

.text           0x00000000200001b0     0x6bd8
                0x00000000200001b0                . = ALIGN (0x4)
 *(.text)
 .text          0x00000000200001b0       0x40 c:/st/stm32cubeide_1.9.0/stm32cubeide/plugins/com.st.stm32cube.ide.mcu.externaltools.gnu-tools-for-stm32.10.3-2021.10.win32_1.0.0.202111181127/tools/bin/../lib/gcc/arm-none-eabi/10.3.1/thumb/v7e-m+fp/hard/crtbegin.o
 *(.text*)
 .text.HAL_Init
                0x00000000200001f0       0x44 ./Drivers/STM32F4xx_HAL_Driver/Src/stm32f4xx_hal.o
                0x00000000200001f0                HAL_Init
 .text.HAL_IncTick
                0x0000000020000234       0x28 ./Drivers/STM32F4xx_HAL_Driver/Src/stm32f4xx_hal.o
                0x0000000020000234                HAL_IncTick
 .text.__NVIC_SetPriorityGrouping
                0x000000002000025c       0x48 ./Drivers/STM32F4xx_HAL_Driver/Src/stm32f4xx_hal_cortex.o
 .text.__NVIC_GetPriorityGrouping
                0x00000000200002a4       0x1c ./Drivers/STM32F4xx_HAL_Driver/Src/stm32f4xx_hal_cortex.o
 .text.__NVIC_EnableIRQ
                0x00000000200002c0       0x3c ./Drivers/STM32F4xx_HAL_Driver/Src/stm32f4xx_hal_cortex.o
 .text.__NVIC_SetPriority
                0x00000000200002fc       0x54 ./Drivers/STM32F4xx_HAL_Driver/Src/stm32f4xx_hal_cortex.o
 .text.NVIC_EncodePriority
                0x0000000020000350       0x66 ./Drivers/STM32F4xx_HAL_Driver/Src/stm32f4xx_hal_cortex.o
 .text.HAL_NVIC_SetPriorityGrouping
                0x00000000200003b6       0x16 ./Drivers/STM32F4xx_HAL_Driver/Src/stm32f4xx_hal_cortex.o
                0x00000000200003b6                HAL_NVIC_SetPriorityGrouping
 .text.HAL_NVIC_SetPriority
                0x00000000200003cc       0x38 ./Drivers/STM32F4xx_HAL_Driver/Src/stm32f4xx_hal_cortex.o
                0x00000000200003cc                HAL_NVIC_SetPriority
 .text.HAL_NVIC_EnableIRQ
                0x0000000020000404       0x1c ./Drivers/STM32F4xx_HAL_Driver/Src/stm32f4xx_hal_cortex.o
                0x0000000020000404                HAL_NVIC_EnableIRQ
 .text.HAL_RCC_GetHCLKFreq
                0x0000000020000420       0x18 ./Drivers/STM32F4xx_HAL_Driver/Src/stm32f4xx_hal_rcc.o
                0x0000000020000420                HAL_RCC_GetHCLKFreq
 .text.HAL_RCC_GetPCLK1Freq
                0x0000000020000438       0x28 ./Drivers/STM32F4xx_HAL_Driver/Src/stm32f4xx_hal_rcc.o
                0x0000000020000438                HAL_RCC_GetPCLK1Freq
 .text.HAL_RCC_GetClockConfig
                0x0000000020000460       0x64 ./Drivers/STM32F4xx_HAL_Driver/Src/stm32f4xx_hal_rcc.o
                0x0000000020000460                HAL_RCC_GetClockConfig
 .text.HAL_TIM_Base_Init
                0x00000000200004c4       0x9e ./Drivers/STM32F4xx_HAL_Driver/Src/stm32f4xx_hal_tim.o
                0x00000000200004c4                HAL_TIM_Base_Init
 .text.HAL_TIM_Base_MspInit
                0x0000000020000562       0x14 ./Drivers/STM32F4xx_HAL_Driver/Src/stm32f4xx_hal_tim.o
                0x0000000020000562                HAL_TIM_Base_MspInit
 *fill*         0x0000000020000576        0x2 
 .text.HAL_TIM_Base_Start_IT
                0x0000000020000578       0xe0 ./Drivers/STM32F4xx_HAL_Driver/Src/stm32f4xx_hal_tim.o
                0x0000000020000578                HAL_TIM_Base_Start_IT
 .text.HAL_TIM_IRQHandler
                0x0000000020000658      0x210 ./Drivers/STM32F4xx_HAL_Driver/Src/stm32f4xx_hal_tim.o
                0x0000000020000658                HAL_TIM_IRQHandler
 .text.HAL_TIM_OC_DelayElapsedCallback
                0x0000000020000868       0x14 ./Drivers/STM32F4xx_HAL_Driver/Src/stm32f4xx_hal_tim.o
                0x0000000020000868                HAL_TIM_OC_DelayElapsedCallback
 .text.HAL_TIM_IC_CaptureCallback
                0x000000002000087c       0x14 ./Drivers/STM32F4xx_HAL_Driver/Src/stm32f4xx_hal_tim.o
                0x000000002000087c                HAL_TIM_IC_CaptureCallback
 .text.HAL_TIM_PWM_PulseFinishedCallback
                0x0000000020000890       0x14 ./Drivers/STM32F4xx_HAL_Driver/Src/stm32f4xx_hal_tim.o
                0x0000000020000890                HAL_TIM_PWM_PulseFinishedCallback
 .text.HAL_TIM_TriggerCallback
                0x00000000200008a4       0x14 ./Drivers/STM32F4xx_HAL_Driver/Src/stm32f4xx_hal_tim.o
                0x00000000200008a4                HAL_TIM_TriggerCallback
 .text.TIM_Base_SetConfig
                0x00000000200008b8      0x140 ./Drivers/STM32F4xx_HAL_Driver/Src/stm32f4xx_hal_tim.o
                0x00000000200008b8                TIM_Base_SetConfig
 .text.HAL_TIMEx_CommutCallback
                0x00000000200009f8       0x14 ./Drivers/STM32F4xx_HAL_Driver/Src/stm32f4xx_hal_tim_ex.o
                0x00000000200009f8                HAL_TIMEx_CommutCallback
 .text.HAL_TIMEx_BreakCallback
                0x0000000020000a0c       0x14 ./Drivers/STM32F4xx_HAL_Driver/Src/stm32f4xx_hal_tim_ex.o
                0x0000000020000a0c                HAL_TIMEx_BreakCallback
 .text.LL_GPIO_SetPinMode
                0x0000000020000a20       0x5e ./Drivers/STM32F4xx_HAL_Driver/Src/stm32f4xx_ll_gpio.o
 .text.LL_GPIO_SetPinOutputType
                0x0000000020000a7e       0x30 ./Drivers/STM32F4xx_HAL_Driver/Src/stm32f4xx_ll_gpio.o
 .text.LL_GPIO_SetPinSpeed
                0x0000000020000aae       0x5e ./Drivers/STM32F4xx_HAL_Driver/Src/stm32f4xx_ll_gpio.o
 .text.LL_GPIO_SetPinPull
                0x0000000020000b0c       0x5e ./Drivers/STM32F4xx_HAL_Driver/Src/stm32f4xx_ll_gpio.o
 .text.LL_GPIO_SetAFPin_0_7
                0x0000000020000b6a       0x5e ./Drivers/STM32F4xx_HAL_Driver/Src/stm32f4xx_ll_gpio.o
 .text.LL_GPIO_SetAFPin_8_15
                0x0000000020000bc8       0x62 ./Drivers/STM32F4xx_HAL_Driver/Src/stm32f4xx_ll_gpio.o
 .text.LL_GPIO_Init
                0x0000000020000c2a       0xe6 ./Drivers/STM32F4xx_HAL_Driver/Src/stm32f4xx_ll_gpio.o
                0x0000000020000c2a                LL_GPIO_Init
 .text.LL_SPI_IsEnabled
                0x0000000020000d10       0x26 ./Drivers/STM32F4xx_HAL_Driver/Src/stm32f4xx_ll_spi.o
 .text.LL_SPI_SetCRCPolynomial
                0x0000000020000d36       0x20 ./Drivers/STM32F4xx_HAL_Driver/Src/stm32f4xx_ll_spi.o
 .text.LL_SPI_Init
                0x0000000020000d56       0xa4 ./Drivers/STM32F4xx_HAL_Driver/Src/stm32f4xx_ll_spi.o
                0x0000000020000d56                LL_SPI_Init
 *fill*         0x0000000020000dfa        0x2 
 .text.LL_mDelay
                0x0000000020000dfc       0x4c ./Drivers/STM32F4xx_HAL_Driver/Src/stm32f4xx_ll_utils.o
                0x0000000020000dfc                LL_mDelay
 .text.LL_SetSystemCoreClock
                0x0000000020000e48       0x20 ./Drivers/STM32F4xx_HAL_Driver/Src/stm32f4xx_ll_utils.o
                0x0000000020000e48                LL_SetSystemCoreClock
 .text.__NVIC_SetPriority
                0x0000000020000e68       0x54 ./Middlewares/Third_Party/FreeRTOS/Source/CMSIS_RTOS_V2/cmsis_os2.o
 .text.SysTick_Handler
                0x0000000020000ebc       0x20 ./Middlewares/Third_Party/FreeRTOS/Source/CMSIS_RTOS_V2/cmsis_os2.o
                0x0000000020000ebc                SysTick_Handler
 .text.SVC_Setup
                0x0000000020000edc       0x12 ./Middlewares/Third_Party/FreeRTOS/Source/CMSIS_RTOS_V2/cmsis_os2.o
 *fill*         0x0000000020000eee        0x2 
 .text.osKernelInitialize
                0x0000000020000ef0       0x48 ./Middlewares/Third_Party/FreeRTOS/Source/CMSIS_RTOS_V2/cmsis_os2.o
                0x0000000020000ef0                osKernelInitialize
 .text.osKernelStart
                0x0000000020000f38       0x4c ./Middlewares/Third_Party/FreeRTOS/Source/CMSIS_RTOS_V2/cmsis_os2.o
                0x0000000020000f38                osKernelStart
 .text.osThreadNew
                0x0000000020000f84      0x124 ./Middlewares/Third_Party/FreeRTOS/Source/CMSIS_RTOS_V2/cmsis_os2.o
                0x0000000020000f84                osThreadNew
 .text.osDelay  0x00000000200010a8       0x36 ./Middlewares/Third_Party/FreeRTOS/Source/CMSIS_RTOS_V2/cmsis_os2.o
                0x00000000200010a8                osDelay
 .text.osSemaphoreNew
                0x00000000200010de      0x112 ./Middlewares/Third_Party/FreeRTOS/Source/CMSIS_RTOS_V2/cmsis_os2.o
                0x00000000200010de                osSemaphoreNew
 .text.osSemaphoreAcquire
                0x00000000200011f0       0xa4 ./Middlewares/Third_Party/FreeRTOS/Source/CMSIS_RTOS_V2/cmsis_os2.o
                0x00000000200011f0                osSemaphoreAcquire
 .text.osSemaphoreRelease
                0x0000000020001294       0x88 ./Middlewares/Third_Party/FreeRTOS/Source/CMSIS_RTOS_V2/cmsis_os2.o
                0x0000000020001294                osSemaphoreRelease
 .text.vApplicationGetIdleTaskMemory
                0x000000002000131c       0x34 ./Middlewares/Third_Party/FreeRTOS/Source/CMSIS_RTOS_V2/cmsis_os2.o
                0x000000002000131c                vApplicationGetIdleTaskMemory
 .text.vApplicationGetTimerTaskMemory
                0x0000000020001350       0x34 ./Middlewares/Third_Party/FreeRTOS/Source/CMSIS_RTOS_V2/cmsis_os2.o
                0x0000000020001350                vApplicationGetTimerTaskMemory
 .text.vListInitialise
                0x0000000020001384       0x40 ./Middlewares/Third_Party/FreeRTOS/Source/list.o
                0x0000000020001384                vListInitialise
 .text.vListInitialiseItem
                0x00000000200013c4       0x1a ./Middlewares/Third_Party/FreeRTOS/Source/list.o
                0x00000000200013c4                vListInitialiseItem
 .text.vListInsertEnd
                0x00000000200013de       0x48 ./Middlewares/Third_Party/FreeRTOS/Source/list.o
                0x00000000200013de                vListInsertEnd
 .text.vListInsert
                0x0000000020001426       0x72 ./Middlewares/Third_Party/FreeRTOS/Source/list.o
                0x0000000020001426                vListInsert
 .text.uxListRemove
                0x0000000020001498       0x54 ./Middlewares/Third_Party/FreeRTOS/Source/list.o
                0x0000000020001498                uxListRemove
 .text.xQueueGenericReset
                0x00000000200014ec       0xd0 ./Middlewares/Third_Party/FreeRTOS/Source/queue.o
                0x00000000200014ec                xQueueGenericReset
 .text.xQueueGenericCreateStatic
                0x00000000200015bc       0xf0 ./Middlewares/Third_Party/FreeRTOS/Source/queue.o
                0x00000000200015bc                xQueueGenericCreateStatic
 .text.xQueueGenericCreate
                0x00000000200016ac       0x74 ./Middlewares/Third_Party/FreeRTOS/Source/queue.o
                0x00000000200016ac                xQueueGenericCreate
 .text.prvInitialiseNewQueue
                0x0000000020001720       0x46 ./Middlewares/Third_Party/FreeRTOS/Source/queue.o
 .text.xQueueCreateCountingSemaphoreStatic
                0x0000000020001766       0x6e ./Middlewares/Third_Party/FreeRTOS/Source/queue.o
                0x0000000020001766                xQueueCreateCountingSemaphoreStatic
 .text.xQueueCreateCountingSemaphore
                0x00000000200017d4       0x66 ./Middlewares/Third_Party/FreeRTOS/Source/queue.o
                0x00000000200017d4                xQueueCreateCountingSemaphore
 *fill*         0x000000002000183a        0x2 
 .text.xQueueGenericSend
                0x000000002000183c      0x1fc ./Middlewares/Third_Party/FreeRTOS/Source/queue.o
                0x000000002000183c                xQueueGenericSend
 .text.xQueueGenericSendFromISR
                0x0000000020001a38      0x136 ./Middlewares/Third_Party/FreeRTOS/Source/queue.o
                0x0000000020001a38                xQueueGenericSendFromISR
 .text.xQueueGiveFromISR
                0x0000000020001b6e      0x11a ./Middlewares/Third_Party/FreeRTOS/Source/queue.o
                0x0000000020001b6e                xQueueGiveFromISR
 .text.xQueueReceive
                0x0000000020001c88      0x1c0 ./Middlewares/Third_Party/FreeRTOS/Source/queue.o
                0x0000000020001c88                xQueueReceive
 .text.xQueueSemaphoreTake
                0x0000000020001e48      0x218 ./Middlewares/Third_Party/FreeRTOS/Source/queue.o
                0x0000000020001e48                xQueueSemaphoreTake
 .text.xQueueReceiveFromISR
                0x0000000020002060      0x100 ./Middlewares/Third_Party/FreeRTOS/Source/queue.o
                0x0000000020002060                xQueueReceiveFromISR
 .text.vQueueDelete
                0x0000000020002160       0x46 ./Middlewares/Third_Party/FreeRTOS/Source/queue.o
                0x0000000020002160                vQueueDelete
 .text.prvGetDisinheritPriorityAfterTimeout
                0x00000000200021a6       0x30 ./Middlewares/Third_Party/FreeRTOS/Source/queue.o
 .text.prvCopyDataToQueue
                0x00000000200021d6       0xd4 ./Middlewares/Third_Party/FreeRTOS/Source/queue.o
 .text.prvCopyDataFromQueue
                0x00000000200022aa       0x4c ./Middlewares/Third_Party/FreeRTOS/Source/queue.o
 .text.prvUnlockQueue
                0x00000000200022f6       0xa4 ./Middlewares/Third_Party/FreeRTOS/Source/queue.o
 .text.prvIsQueueEmpty
                0x000000002000239a       0x2c ./Middlewares/Third_Party/FreeRTOS/Source/queue.o
 .text.prvIsQueueFull
                0x00000000200023c6       0x30 ./Middlewares/Third_Party/FreeRTOS/Source/queue.o
 *fill*         0x00000000200023f6        0x2 
 .text.vQueueAddToRegistry
                0x00000000200023f8       0x54 ./Middlewares/Third_Party/FreeRTOS/Source/queue.o
                0x00000000200023f8                vQueueAddToRegistry
 .text.vQueueUnregisterQueue
                0x000000002000244c       0x54 ./Middlewares/Third_Party/FreeRTOS/Source/queue.o
                0x000000002000244c                vQueueUnregisterQueue
 .text.vQueueWaitForMessageRestricted
                0x00000000200024a0       0x68 ./Middlewares/Third_Party/FreeRTOS/Source/queue.o
                0x00000000200024a0                vQueueWaitForMessageRestricted
 .text.xTaskCreateStatic
                0x0000000020002508       0xba ./Middlewares/Third_Party/FreeRTOS/Source/tasks.o
                0x0000000020002508                xTaskCreateStatic
 .text.xTaskCreate
                0x00000000200025c2       0x8a ./Middlewares/Third_Party/FreeRTOS/Source/tasks.o
                0x00000000200025c2                xTaskCreate
 .text.prvInitialiseNewTask
                0x000000002000264c      0x14c ./Middlewares/Third_Party/FreeRTOS/Source/tasks.o
 .text.prvAddNewTaskToReadyList
                0x0000000020002798       0xe0 ./Middlewares/Third_Party/FreeRTOS/Source/tasks.o
 .text.vTaskDelay
                0x0000000020002878       0x68 ./Middlewares/Third_Party/FreeRTOS/Source/tasks.o
                0x0000000020002878                vTaskDelay
 .text.vTaskStartScheduler
                0x00000000200028e0       0xe0 ./Middlewares/Third_Party/FreeRTOS/Source/tasks.o
                0x00000000200028e0                vTaskStartScheduler
 .text.vTaskSuspendAll
                0x00000000200029c0       0x1c ./Middlewares/Third_Party/FreeRTOS/Source/tasks.o
                0x00000000200029c0                vTaskSuspendAll
 .text.xTaskResumeAll
                0x00000000200029dc      0x13c ./Middlewares/Third_Party/FreeRTOS/Source/tasks.o
                0x00000000200029dc                xTaskResumeAll
 .text.xTaskGetTickCount
                0x0000000020002b18       0x20 ./Middlewares/Third_Party/FreeRTOS/Source/tasks.o
                0x0000000020002b18                xTaskGetTickCount
 .text.xTaskIncrementTick
                0x0000000020002b38      0x174 ./Middlewares/Third_Party/FreeRTOS/Source/tasks.o
                0x0000000020002b38                xTaskIncrementTick
 .text.vTaskSwitchContext
                0x0000000020002cac       0xc8 ./Middlewares/Third_Party/FreeRTOS/Source/tasks.o
                0x0000000020002cac                vTaskSwitchContext
 .text.vTaskPlaceOnEventList
                0x0000000020002d74       0x48 ./Middlewares/Third_Party/FreeRTOS/Source/tasks.o
                0x0000000020002d74                vTaskPlaceOnEventList
 .text.vTaskPlaceOnEventListRestricted
                0x0000000020002dbc       0x58 ./Middlewares/Third_Party/FreeRTOS/Source/tasks.o
                0x0000000020002dbc                vTaskPlaceOnEventListRestricted
 .text.xTaskRemoveFromEventList
                0x0000000020002e14       0xc8 ./Middlewares/Third_Party/FreeRTOS/Source/tasks.o
                0x0000000020002e14                xTaskRemoveFromEventList
 .text.vTaskInternalSetTimeOutState
                0x0000000020002edc       0x2c ./Middlewares/Third_Party/FreeRTOS/Source/tasks.o
                0x0000000020002edc                vTaskInternalSetTimeOutState
 .text.xTaskCheckForTimeOut
                0x0000000020002f08       0xc4 ./Middlewares/Third_Party/FreeRTOS/Source/tasks.o
                0x0000000020002f08                xTaskCheckForTimeOut
 .text.vTaskMissedYield
                0x0000000020002fcc       0x18 ./Middlewares/Third_Party/FreeRTOS/Source/tasks.o
                0x0000000020002fcc                vTaskMissedYield
 .text.prvIdleTask
                0x0000000020002fe4       0x30 ./Middlewares/Third_Party/FreeRTOS/Source/tasks.o
 .text.prvInitialiseTaskLists
                0x0000000020003014       0x80 ./Middlewares/Third_Party/FreeRTOS/Source/tasks.o
 .text.prvCheckTasksWaitingTermination
                0x0000000020003094       0x5c ./Middlewares/Third_Party/FreeRTOS/Source/tasks.o
 .text.prvDeleteTCB
                0x00000000200030f0       0x68 ./Middlewares/Third_Party/FreeRTOS/Source/tasks.o
 .text.prvResetNextTaskUnblockTime
                0x0000000020003158       0x40 ./Middlewares/Third_Party/FreeRTOS/Source/tasks.o
 .text.xTaskGetSchedulerState
                0x0000000020003198       0x3c ./Middlewares/Third_Party/FreeRTOS/Source/tasks.o
                0x0000000020003198                xTaskGetSchedulerState
 .text.xTaskPriorityInherit
                0x00000000200031d4       0xd0 ./Middlewares/Third_Party/FreeRTOS/Source/tasks.o
                0x00000000200031d4                xTaskPriorityInherit
 .text.xTaskPriorityDisinherit
                0x00000000200032a4       0xdc ./Middlewares/Third_Party/FreeRTOS/Source/tasks.o
                0x00000000200032a4                xTaskPriorityDisinherit
 .text.vTaskPriorityDisinheritAfterTimeout
                0x0000000020003380      0x104 ./Middlewares/Third_Party/FreeRTOS/Source/tasks.o
                0x0000000020003380                vTaskPriorityDisinheritAfterTimeout
 .text.pvTaskIncrementMutexHeldCount
                0x0000000020003484       0x28 ./Middlewares/Third_Party/FreeRTOS/Source/tasks.o
                0x0000000020003484                pvTaskIncrementMutexHeldCount
 .text.prvAddCurrentTaskToDelayedList
                0x00000000200034ac       0xa8 ./Middlewares/Third_Party/FreeRTOS/Source/tasks.o
 .text.xTimerCreateTimerTask
                0x0000000020003554       0x90 ./Middlewares/Third_Party/FreeRTOS/Source/timers.o
                0x0000000020003554                xTimerCreateTimerTask
 .text.xTimerGenericCommand
                0x00000000200035e4       0x9c ./Middlewares/Third_Party/FreeRTOS/Source/timers.o
                0x00000000200035e4                xTimerGenericCommand
 .text.prvProcessExpiredTimer
                0x0000000020003680       0x98 ./Middlewares/Third_Party/FreeRTOS/Source/timers.o
 .text.prvTimerTask
                0x0000000020003718       0x24 ./Middlewares/Third_Party/FreeRTOS/Source/timers.o
 .text.prvProcessTimerOrBlockTask
                0x000000002000373c       0x9c ./Middlewares/Third_Party/FreeRTOS/Source/timers.o
 .text.prvGetNextExpireTime
                0x00000000200037d8       0x48 ./Middlewares/Third_Party/FreeRTOS/Source/timers.o
 .text.prvSampleTimeNow
                0x0000000020003820       0x40 ./Middlewares/Third_Party/FreeRTOS/Source/timers.o
 .text.prvInsertTimerInActiveList
                0x0000000020003860       0x84 ./Middlewares/Third_Party/FreeRTOS/Source/timers.o
 .text.prvProcessReceivedCommands
                0x00000000200038e4      0x1c4 ./Middlewares/Third_Party/FreeRTOS/Source/timers.o
 .text.prvSwitchTimerLists
                0x0000000020003aa8       0xc8 ./Middlewares/Third_Party/FreeRTOS/Source/timers.o
 .text.prvCheckForValidListAndQueue
                0x0000000020003b70       0x80 ./Middlewares/Third_Party/FreeRTOS/Source/timers.o
 .text.pxPortInitialiseStack
                0x0000000020003bf0       0x68 ./Middlewares/Third_Party/FreeRTOS/Source/portable/GCC/ARM_CM4F/port.o
                0x0000000020003bf0                pxPortInitialiseStack
 .text.prvTaskExitError
                0x0000000020003c58       0x58 ./Middlewares/Third_Party/FreeRTOS/Source/portable/GCC/ARM_CM4F/port.o
 .text.SVC_Handler
                0x0000000020003cb0       0x28 ./Middlewares/Third_Party/FreeRTOS/Source/portable/GCC/ARM_CM4F/port.o
                0x0000000020003cb0                SVC_Handler
 .text.prvPortStartFirstTask
                0x0000000020003cd8       0x28 ./Middlewares/Third_Party/FreeRTOS/Source/portable/GCC/ARM_CM4F/port.o
 .text.xPortStartScheduler
                0x0000000020003d00      0x144 ./Middlewares/Third_Party/FreeRTOS/Source/portable/GCC/ARM_CM4F/port.o
                0x0000000020003d00                xPortStartScheduler
 .text.vPortEnterCritical
                0x0000000020003e44       0x60 ./Middlewares/Third_Party/FreeRTOS/Source/portable/GCC/ARM_CM4F/port.o
                0x0000000020003e44                vPortEnterCritical
 .text.vPortExitCritical
                0x0000000020003ea4       0x54 ./Middlewares/Third_Party/FreeRTOS/Source/portable/GCC/ARM_CM4F/port.o
                0x0000000020003ea4                vPortExitCritical
 *fill*         0x0000000020003ef8        0x8 
 .text.PendSV_Handler
                0x0000000020003f00       0x68 ./Middlewares/Third_Party/FreeRTOS/Source/portable/GCC/ARM_CM4F/port.o
                0x0000000020003f00                PendSV_Handler
 .text.xPortSysTickHandler
                0x0000000020003f68       0x44 ./Middlewares/Third_Party/FreeRTOS/Source/portable/GCC/ARM_CM4F/port.o
                0x0000000020003f68                xPortSysTickHandler
 .text.vPortSetupTimerInterrupt
                0x0000000020003fac       0x48 ./Middlewares/Third_Party/FreeRTOS/Source/portable/GCC/ARM_CM4F/port.o
                0x0000000020003fac                vPortSetupTimerInterrupt
 .text.vPortEnableVFP
                0x0000000020003ff4       0x14 ./Middlewares/Third_Party/FreeRTOS/Source/portable/GCC/ARM_CM4F/port.o
 .text.vPortValidateInterruptPriority
                0x0000000020004008       0x80 ./Middlewares/Third_Party/FreeRTOS/Source/portable/GCC/ARM_CM4F/port.o
                0x0000000020004008                vPortValidateInterruptPriority
 .text.pvPortMalloc
                0x0000000020004088      0x198 ./Middlewares/Third_Party/FreeRTOS/Source/portable/MemMang/heap_4.o
                0x0000000020004088                pvPortMalloc
 .text.vPortFree
                0x0000000020004220       0xc4 ./Middlewares/Third_Party/FreeRTOS/Source/portable/MemMang/heap_4.o
                0x0000000020004220                vPortFree
 .text.prvHeapInit
                0x00000000200042e4       0xc4 ./Middlewares/Third_Party/FreeRTOS/Source/portable/MemMang/heap_4.o
 .text.prvInsertBlockIntoFreeList
                0x00000000200043a8       0xb4 ./Middlewares/Third_Party/FreeRTOS/Source/portable/MemMang/heap_4.o
 .text.__NVIC_GetPriorityGrouping
                0x000000002000445c       0x1c ./Src/dma.o
 .text.__NVIC_EnableIRQ
                0x0000000020004478       0x3c ./Src/dma.o
 .text.__NVIC_SetPriority
                0x00000000200044b4       0x54 ./Src/dma.o
 .text.NVIC_EncodePriority
                0x0000000020004508       0x66 ./Src/dma.o
 *fill*         0x000000002000456e        0x2 
 .text.LL_AHB1_GRP1_EnableClock
                0x0000000020004570       0x30 ./Src/dma.o
 .text.MX_DMA_Init
                0x00000000200045a0       0x30 ./Src/dma.o
                0x00000000200045a0                MX_DMA_Init
 .text.LL_GPIO_TogglePin
                0x00000000200045d0       0x32 ./Src/freertos.o
 *fill*         0x0000000020004602        0x2 
 .text.MX_FREERTOS_Init
                0x0000000020004604       0xac ./Src/freertos.o
                0x0000000020004604                MX_FREERTOS_Init
 .text.StartLCDTask
                0x00000000200046b0      0x114 ./Src/freertos.o
                0x00000000200046b0                StartLCDTask
 .text.StartTaskLED1
                0x00000000200047c4       0x30 ./Src/freertos.o
                0x00000000200047c4                StartTaskLED1
 .text.StartTaskLED2
                0x00000000200047f4       0x30 ./Src/freertos.o
                0x00000000200047f4                StartTaskLED2
 .text.Reg_task_init
                0x0000000020004824       0xd0 ./Src/freertos.o
                0x0000000020004824                Reg_task_init
 .text.StartRead_Peripheral
                0x00000000200048f4       0x10 ./Src/freertos.o
                0x00000000200048f4                StartRead_Peripheral
 .text.LL_AHB1_GRP1_EnableClock
                0x0000000020004904       0x30 ./Src/gpio.o
 .text.LL_GPIO_ResetOutputPin
                0x0000000020004934       0x1e ./Src/gpio.o
 *fill*         0x0000000020004952        0x2 
 .text.MX_GPIO_Init
                0x0000000020004954      0x140 ./Src/gpio.o
                0x0000000020004954                MX_GPIO_Init
 .text.LL_GPIO_SetOutputPin
                0x0000000020004a94       0x1c ./Src/ll_spi_ili9341.o
 .text.LL_GPIO_ResetOutputPin
                0x0000000020004ab0       0x1e ./Src/ll_spi_ili9341.o
 .text.LL_SPI_IsActiveFlag_RXNE
                0x0000000020004ace       0x26 ./Src/ll_spi_ili9341.o
 .text.LL_SPI_IsActiveFlag_TXE
                0x0000000020004af4       0x26 ./Src/ll_spi_ili9341.o
 .text.LL_SPI_DMA_GetRegAddr
                0x0000000020004b1a       0x18 ./Src/ll_spi_ili9341.o
 .text.LL_SPI_ReceiveData8
                0x0000000020004b32       0x1c ./Src/ll_spi_ili9341.o
 .text.LL_SPI_TransmitData8
                0x0000000020004b4e       0x24 ./Src/ll_spi_ili9341.o
 *fill*         0x0000000020004b72        0x2 
 .text.LL_DMA_EnableStream
                0x0000000020004b74       0x40 ./Src/ll_spi_ili9341.o
 .text.LL_DMA_DisableStream
                0x0000000020004bb4       0x40 ./Src/ll_spi_ili9341.o
 .text.LL_DMA_GetDataTransferDirection
                0x0000000020004bf4       0x30 ./Src/ll_spi_ili9341.o
 .text.LL_DMA_SetDataLength
                0x0000000020004c24       0x48 ./Src/ll_spi_ili9341.o
 .text.LL_DMA_ConfigAddresses
                0x0000000020004c6c       0x78 ./Src/ll_spi_ili9341.o
 .text.TFTDisplay_ILI9341_Initialization
                0x0000000020004ce4       0xac ./Src/ll_spi_ili9341.o
                0x0000000020004ce4                TFTDisplay_ILI9341_Initialization
 .text.TFTDisplay_ILI9341_FillRect
                0x0000000020004d90      0x15c ./Src/ll_spi_ili9341.o
                0x0000000020004d90                TFTDisplay_ILI9341_FillRect
 .text.TFTDisplay_ILI9341_FillScreen
                0x0000000020004eec       0x38 ./Src/ll_spi_ili9341.o
                0x0000000020004eec                TFTDisplay_ILI9341_FillScreen
 .text.TFTDisplay_ILI9341_DrawPixel
                0x0000000020004f24       0x80 ./Src/ll_spi_ili9341.o
                0x0000000020004f24                TFTDisplay_ILI9341_DrawPixel
 .text.TFTDisplay_ILI9341_DrawLine
                0x0000000020004fa4      0x120 ./Src/ll_spi_ili9341.o
                0x0000000020004fa4                TFTDisplay_ILI9341_DrawLine
 .text.TFTDisplay_ILI9341_DrawClearRect
                0x00000000200050c4       0x6e ./Src/ll_spi_ili9341.o
                0x00000000200050c4                TFTDisplay_ILI9341_DrawClearRect
 .text.TFTDisplay_ILI9341_DrawCircle
                0x0000000020005132      0x158 ./Src/ll_spi_ili9341.o
                0x0000000020005132                TFTDisplay_ILI9341_DrawCircle
 *fill*         0x000000002000528a        0x2 
 .text.TFTDisplay_ILI9341_DrawChar
                0x000000002000528c      0x1f0 ./Src/ll_spi_ili9341.o
                0x000000002000528c                TFTDisplay_ILI9341_DrawChar
 .text.TFTDisplay_ILI9341_SetRotation
                0x000000002000547c       0xb0 ./Src/ll_spi_ili9341.o
                0x000000002000547c                TFTDisplay_ILI9341_SetRotation
 .text.tftDisplay_ILI9341_SendCommand
                0x000000002000552c       0x9c ./Src/ll_spi_ili9341.o
 .text.tftDisplay_ILI9341_SendData
                0x00000000200055c8       0x64 ./Src/ll_spi_ili9341.o
 .text.tftDisplay_ILI9341_SendSingleData
                0x000000002000562c       0x98 ./Src/ll_spi_ili9341.o
 .text.tftDisplay_ILI9341_WriteMultipleData
                0x00000000200056c4       0xa0 ./Src/ll_spi_ili9341.o
 .text.tftDisplay_ILI9341_Reset
                0x0000000020005764       0x28 ./Src/ll_spi_ili9341.o
 .text.tftDisplay_ILI9341_FontsInitialization
                0x000000002000578c       0x78 ./Src/ll_spi_ili9341.o
 .text.tftDisplay_ILI9341_SetAddrWindow
                0x0000000020005804       0xa0 ./Src/ll_spi_ili9341.o
 .text.tftDisplay_ILI9341_Init_PowerControl_A
                0x00000000200058a4       0x3c ./Src/ll_spi_ili9341.o
 .text.tftDisplay_ILI9341_Init_PowerControl_B
                0x00000000200058e0       0x30 ./Src/ll_spi_ili9341.o
 .text.tftDisplay_ILI9341_Init_DriverTimingControl_A
                0x0000000020005910       0x30 ./Src/ll_spi_ili9341.o
 .text.tftDisplay_ILI9341_Init_DriverTimingControl_B
                0x0000000020005940       0x28 ./Src/ll_spi_ili9341.o
 .text.tftDisplay_ILI9341_Init_PowerSequenceControl
                0x0000000020005968       0x34 ./Src/ll_spi_ili9341.o
 .text.tftDisplay_ILI9341_Init_PumpRatioControl
                0x000000002000599c       0x20 ./Src/ll_spi_ili9341.o
 .text.tftDisplay_ILI9341_Init_PowerControlVRH
                0x00000000200059bc       0x20 ./Src/ll_spi_ili9341.o
 .text.tftDisplay_ILI9341_Init_PowerControlSAP
                0x00000000200059dc       0x20 ./Src/ll_spi_ili9341.o
 .text.tftDisplay_ILI9341_Init_VCOMControl_1
                0x00000000200059fc       0x28 ./Src/ll_spi_ili9341.o
 .text.tftDisplay_ILI9341_Init_VCOMControl_2
                0x0000000020005a24       0x20 ./Src/ll_spi_ili9341.o
 .text.tftDisplay_ILI9341_Init_MemmoryAccessControl
                0x0000000020005a44       0x20 ./Src/ll_spi_ili9341.o
 .text.tftDisplay_ILI9341_Init_PixelFormatSet
                0x0000000020005a64       0x20 ./Src/ll_spi_ili9341.o
 .text.tftDisplay_ILI9341_Init_FrameRationControl
                0x0000000020005a84       0x28 ./Src/ll_spi_ili9341.o
 .text.tftDisplay_ILI9341_Init_DisplayFunctionControl
                0x0000000020005aac       0x20 ./Src/ll_spi_ili9341.o
 .text.tftDisplay_ILI9341_Init_GammaSet
                0x0000000020005acc       0x20 ./Src/ll_spi_ili9341.o
 .text.tftDisplay_ILI9341_Init_PositiveGammaCorection
                0x0000000020005aec       0x78 ./Src/ll_spi_ili9341.o
 .text.tftDisplay_ILI9341_Init_NegativeGammaCorection
                0x0000000020005b64       0x78 ./Src/ll_spi_ili9341.o
 .text.LL_DMA_DisableStream
                0x0000000020005bdc       0x40 ./Src/main.o
 .text.LL_DMA_ClearFlag_TC4
                0x0000000020005c1c       0x1a ./Src/main.o
 .text.LL_DMA_ClearFlag_TE4
                0x0000000020005c36       0x1a ./Src/main.o
 .text.LL_DMA_EnableIT_TE
                0x0000000020005c50       0x40 ./Src/main.o
 .text.LL_DMA_EnableIT_TC
                0x0000000020005c90       0x40 ./Src/main.o
 .text.LL_RCC_HSE_Enable
                0x0000000020005cd0       0x20 ./Src/main.o
 .text.LL_RCC_HSE_IsReady
                0x0000000020005cf0       0x28 ./Src/main.o
 .text.LL_RCC_SetSysClkSource
                0x0000000020005d18       0x28 ./Src/main.o
 .text.LL_RCC_GetSysClkSource
                0x0000000020005d40       0x1c ./Src/main.o
 .text.LL_RCC_SetAHBPrescaler
                0x0000000020005d5c       0x28 ./Src/main.o
 .text.LL_RCC_SetAPB1Prescaler
                0x0000000020005d84       0x28 ./Src/main.o
 .text.LL_RCC_SetAPB2Prescaler
                0x0000000020005dac       0x28 ./Src/main.o
 .text.LL_RCC_SetTIMPrescaler
                0x0000000020005dd4       0x2c ./Src/main.o
 .text.LL_RCC_PLL_Enable
                0x0000000020005e00       0x20 ./Src/main.o
 .text.LL_RCC_PLL_IsReady
                0x0000000020005e20       0x28 ./Src/main.o
 .text.LL_RCC_PLL_ConfigDomain_SYS
                0x0000000020005e48       0x4c ./Src/main.o
 .text.LL_RCC_PLL_ConfigDomain_48M
                0x0000000020005e94       0x40 ./Src/main.o
 .text.LL_FLASH_SetLatency
                0x0000000020005ed4       0x28 ./Src/main.o
 .text.LL_FLASH_GetLatency
                0x0000000020005efc       0x1c ./Src/main.o
 .text.LL_PWR_EnableOverDriveMode
                0x0000000020005f18       0x20 ./Src/main.o
 .text.LL_PWR_SetRegulVoltageScaling
                0x0000000020005f38       0x28 ./Src/main.o
 .text.LL_SPI_Enable
                0x0000000020005f60       0x20 ./Src/main.o
 .text.LL_SPI_EnableDMAReq_TX
                0x0000000020005f80       0x20 ./Src/main.o
 .text.LL_GPIO_SetOutputPin
                0x0000000020005fa0       0x1c ./Src/main.o
 .text.main     0x0000000020005fbc       0x64 ./Src/main.o
                0x0000000020005fbc                main
 .text.SystemClock_Config
                0x0000000020006020       0xac ./Src/main.o
                0x0000000020006020                SystemClock_Config
 .text.DMA1_Stream4_TransferComplete
                0x00000000200060cc       0x44 ./Src/main.o
                0x00000000200060cc                DMA1_Stream4_TransferComplete
 .text.HAL_TIM_PeriodElapsedCallback
                0x0000000020006110       0x24 ./Src/main.o
                0x0000000020006110                HAL_TIM_PeriodElapsedCallback
 .text.Error_Handler
                0x0000000020006134        0xe ./Src/main.o
                0x0000000020006134                Error_Handler
 *fill*         0x0000000020006142        0x2 
 .text.Draw_info
                0x0000000020006144      0x168 ./Src/myfunctions.o
                0x0000000020006144                Draw_info
 .text.PID_s_init
                0x00000000200062ac       0x4c ./Src/reg2.o
                0x00000000200062ac                PID_s_init
 .text.Reg_s_step
                0x00000000200062f8       0xdc ./Src/reg2.o
                0x00000000200062f8                Reg_s_step
 .text.Inercja_s_init
                0x00000000200063d4       0x3a ./Src/reg2.o
                0x00000000200063d4                Inercja_s_init
 .text.Inercja_s_step
                0x000000002000640e       0x82 ./Src/reg2.o
                0x000000002000640e                Inercja_s_step
 .text.LL_AHB2_GRP1_EnableClock
                0x0000000020006490       0x30 ./Src/rng.o
 .text.LL_RNG_Enable
                0x00000000200064c0       0x20 ./Src/rng.o
 .text.MX_RNG_Init
                0x00000000200064e0       0x18 ./Src/rng.o
                0x00000000200064e0                MX_RNG_Init
 .text.LL_DMA_SetDataTransferDirection
                0x00000000200064f8       0x48 ./Src/spi.o
 .text.LL_DMA_SetMode
                0x0000000020006540       0x48 ./Src/spi.o
 .text.LL_DMA_SetPeriphIncMode
                0x0000000020006588       0x48 ./Src/spi.o
 .text.LL_DMA_SetMemoryIncMode
                0x00000000200065d0       0x48 ./Src/spi.o
 .text.LL_DMA_SetPeriphSize
                0x0000000020006618       0x48 ./Src/spi.o
 .text.LL_DMA_SetMemorySize
                0x0000000020006660       0x48 ./Src/spi.o
 .text.LL_DMA_SetStreamPriorityLevel
                0x00000000200066a8       0x48 ./Src/spi.o
 .text.LL_DMA_SetChannelSelection
                0x00000000200066f0       0x48 ./Src/spi.o
 .text.LL_DMA_DisableFifoMode
                0x0000000020006738       0x40 ./Src/spi.o
 .text.LL_AHB1_GRP1_EnableClock
                0x0000000020006778       0x30 ./Src/spi.o
 .text.LL_APB2_GRP1_EnableClock
                0x00000000200067a8       0x30 ./Src/spi.o
 .text.LL_SPI_SetStandard
                0x00000000200067d8       0x26 ./Src/spi.o
 *fill*         0x00000000200067fe        0x2 
 .text.MX_SPI5_Init
                0x0000000020006800      0x108 ./Src/spi.o
                0x0000000020006800                MX_SPI5_Init
 .text.HAL_MspInit
                0x0000000020006908       0x58 ./Src/stm32f4xx_hal_msp.o
                0x0000000020006908                HAL_MspInit
 .text.HAL_InitTick
                0x0000000020006960       0xb4 ./Src/stm32f4xx_hal_timebase_tim.o
                0x0000000020006960                HAL_InitTick
 .text.LL_DMA_IsActiveFlag_TC4
                0x0000000020006a14       0x26 ./Src/stm32f4xx_it.o
 .text.LL_DMA_IsActiveFlag_TE4
                0x0000000020006a3a       0x26 ./Src/stm32f4xx_it.o
 .text.LL_DMA_ClearFlag_TE4
                0x0000000020006a60       0x1a ./Src/stm32f4xx_it.o
 .text.NMI_Handler
                0x0000000020006a7a        0xe ./Src/stm32f4xx_it.o
                0x0000000020006a7a                NMI_Handler
 .text.HardFault_Handler
                0x0000000020006a88        0x6 ./Src/stm32f4xx_it.o
                0x0000000020006a88                HardFault_Handler
 .text.MemManage_Handler
                0x0000000020006a8e        0x6 ./Src/stm32f4xx_it.o
                0x0000000020006a8e                MemManage_Handler
 .text.BusFault_Handler
                0x0000000020006a94        0x6 ./Src/stm32f4xx_it.o
                0x0000000020006a94                BusFault_Handler
 .text.UsageFault_Handler
                0x0000000020006a9a        0x6 ./Src/stm32f4xx_it.o
                0x0000000020006a9a                UsageFault_Handler
 .text.DebugMon_Handler
                0x0000000020006aa0        0xe ./Src/stm32f4xx_it.o
                0x0000000020006aa0                DebugMon_Handler
 *fill*         0x0000000020006aae        0x2 
 .text.TIM6_DAC_IRQHandler
                0x0000000020006ab0       0x14 ./Src/stm32f4xx_it.o
                0x0000000020006ab0                TIM6_DAC_IRQHandler
 .text.DMA2_Stream4_IRQHandler
                0x0000000020006ac4       0x30 ./Src/stm32f4xx_it.o
                0x0000000020006ac4                DMA2_Stream4_IRQHandler
 .text.SystemInit
                0x0000000020006af4       0x2c ./Src/system_stm32f4xx.o
                0x0000000020006af4                SystemInit
 .text.Reset_Handler
                0x0000000020006b20       0x50 ./Startup/startup_stm32f429zitx.o
                0x0000000020006b20                Reset_Handler
 .text.Default_Handler
                0x0000000020006b70        0x2 ./Startup/startup_stm32f429zitx.o
                0x0000000020006b70                RTC_Alarm_IRQHandler
                0x0000000020006b70                HASH_RNG_IRQHandler
                0x0000000020006b70                EXTI2_IRQHandler
                0x0000000020006b70                TIM8_CC_IRQHandler
                0x0000000020006b70                UART8_IRQHandler
                0x0000000020006b70                SPI4_IRQHandler
                0x0000000020006b70                TIM1_CC_IRQHandler
                0x0000000020006b70                DMA2_Stream5_IRQHandler
                0x0000000020006b70                DMA1_Stream5_IRQHandler
                0x0000000020006b70                PVD_IRQHandler
                0x0000000020006b70                SDIO_IRQHandler
                0x0000000020006b70                TAMP_STAMP_IRQHandler
                0x0000000020006b70                CAN2_RX1_IRQHandler
                0x0000000020006b70                EXTI3_IRQHandler
                0x0000000020006b70                TIM8_TRG_COM_TIM14_IRQHandler
                0x0000000020006b70                TIM1_UP_TIM10_IRQHandler
                0x0000000020006b70                TIM8_UP_TIM13_IRQHandler
                0x0000000020006b70                I2C3_ER_IRQHandler
                0x0000000020006b70                EXTI0_IRQHandler
                0x0000000020006b70                I2C2_EV_IRQHandler
                0x0000000020006b70                DMA1_Stream2_IRQHandler
                0x0000000020006b70                CAN1_RX0_IRQHandler
                0x0000000020006b70                FPU_IRQHandler
                0x0000000020006b70                OTG_HS_WKUP_IRQHandler
                0x0000000020006b70                LTDC_ER_IRQHandler
                0x0000000020006b70                CAN2_SCE_IRQHandler
                0x0000000020006b70                DMA2_Stream2_IRQHandler
                0x0000000020006b70                SPI1_IRQHandler
                0x0000000020006b70                TIM1_BRK_TIM9_IRQHandler
                0x0000000020006b70                DCMI_IRQHandler
                0x0000000020006b70                CAN2_RX0_IRQHandler
                0x0000000020006b70                DMA2_Stream3_IRQHandler
                0x0000000020006b70                USART6_IRQHandler
                0x0000000020006b70                USART3_IRQHandler
                0x0000000020006b70                CAN1_RX1_IRQHandler
                0x0000000020006b70                UART5_IRQHandler
                0x0000000020006b70                DMA2_Stream0_IRQHandler
                0x0000000020006b70                TIM4_IRQHandler
                0x0000000020006b70                I2C1_EV_IRQHandler
                0x0000000020006b70                DMA1_Stream6_IRQHandler
                0x0000000020006b70                DMA1_Stream1_IRQHandler
                0x0000000020006b70                UART4_IRQHandler
                0x0000000020006b70                TIM3_IRQHandler
                0x0000000020006b70                RCC_IRQHandler
                0x0000000020006b70                TIM8_BRK_TIM12_IRQHandler
                0x0000000020006b70                Default_Handler
                0x0000000020006b70                EXTI15_10_IRQHandler
                0x0000000020006b70                ADC_IRQHandler
                0x0000000020006b70                DMA1_Stream7_IRQHandler
                0x0000000020006b70                SPI5_IRQHandler
                0x0000000020006b70                TIM7_IRQHandler
                0x0000000020006b70                CAN2_TX_IRQHandler
                0x0000000020006b70                TIM5_IRQHandler
                0x0000000020006b70                DMA2_Stream7_IRQHandler
                0x0000000020006b70                I2C3_EV_IRQHandler
                0x0000000020006b70                EXTI9_5_IRQHandler
                0x0000000020006b70                RTC_WKUP_IRQHandler
                0x0000000020006b70                LTDC_IRQHandler
                0x0000000020006b70                ETH_WKUP_IRQHandler
                0x0000000020006b70                SPI2_IRQHandler
                0x0000000020006b70                OTG_HS_EP1_IN_IRQHandler
                0x0000000020006b70                DMA1_Stream0_IRQHandler
                0x0000000020006b70                CAN1_TX_IRQHandler
                0x0000000020006b70                EXTI4_IRQHandler
                0x0000000020006b70                ETH_IRQHandler
                0x0000000020006b70                OTG_HS_EP1_OUT_IRQHandler
                0x0000000020006b70                WWDG_IRQHandler
                0x0000000020006b70                SPI6_IRQHandler
                0x0000000020006b70                TIM2_IRQHandler
                0x0000000020006b70                OTG_FS_WKUP_IRQHandler
                0x0000000020006b70                TIM1_TRG_COM_TIM11_IRQHandler
                0x0000000020006b70                OTG_HS_IRQHandler
                0x0000000020006b70                DMA2D_IRQHandler
                0x0000000020006b70                EXTI1_IRQHandler
                0x0000000020006b70                UART7_IRQHandler
                0x0000000020006b70                USART2_IRQHandler
                0x0000000020006b70                I2C2_ER_IRQHandler
                0x0000000020006b70                DMA2_Stream1_IRQHandler
                0x0000000020006b70                CAN1_SCE_IRQHandler
                0x0000000020006b70                FLASH_IRQHandler
                0x0000000020006b70                USART1_IRQHandler
                0x0000000020006b70                OTG_FS_IRQHandler
                0x0000000020006b70                SPI3_IRQHandler
                0x0000000020006b70                DMA1_Stream4_IRQHandler
                0x0000000020006b70                I2C1_ER_IRQHandler
                0x0000000020006b70                FMC_IRQHandler
                0x0000000020006b70                DMA2_Stream6_IRQHandler
                0x0000000020006b70                SAI1_IRQHandler
                0x0000000020006b70                DMA1_Stream3_IRQHandler
 *fill*         0x0000000020006b72        0x2 
 .text.__libc_init_array
                0x0000000020006b74       0x48 c:/st/stm32cubeide_1.9.0/stm32cubeide/plugins/com.st.stm32cube.ide.mcu.externaltools.gnu-tools-for-stm32.10.3-2021.10.win32_1.0.0.202111181127/tools/bin/../lib/gcc/arm-none-eabi/10.3.1/../../../../arm-none-eabi/lib/thumb/v7e-m+fp/hard\libc_nano.a(lib_a-init.o)
                0x0000000020006b74                __libc_init_array
 .text.__retarget_lock_acquire_recursive
                0x0000000020006bbc        0x2 c:/st/stm32cubeide_1.9.0/stm32cubeide/plugins/com.st.stm32cube.ide.mcu.externaltools.gnu-tools-for-stm32.10.3-2021.10.win32_1.0.0.202111181127/tools/bin/../lib/gcc/arm-none-eabi/10.3.1/../../../../arm-none-eabi/lib/thumb/v7e-m+fp/hard\libc_nano.a(lib_a-lock.o)
                0x0000000020006bbc                __retarget_lock_acquire_recursive
 .text.__retarget_lock_release_recursive
                0x0000000020006bbe        0x2 c:/st/stm32cubeide_1.9.0/stm32cubeide/plugins/com.st.stm32cube.ide.mcu.externaltools.gnu-tools-for-stm32.10.3-2021.10.win32_1.0.0.202111181127/tools/bin/../lib/gcc/arm-none-eabi/10.3.1/../../../../arm-none-eabi/lib/thumb/v7e-m+fp/hard\libc_nano.a(lib_a-lock.o)
                0x0000000020006bbe                __retarget_lock_release_recursive
 .text.memcpy   0x0000000020006bc0       0x1c c:/st/stm32cubeide_1.9.0/stm32cubeide/plugins/com.st.stm32cube.ide.mcu.externaltools.gnu-tools-for-stm32.10.3-2021.10.win32_1.0.0.202111181127/tools/bin/../lib/gcc/arm-none-eabi/10.3.1/../../../../arm-none-eabi/lib/thumb/v7e-m+fp/hard\libc_nano.a(lib_a-memcpy-stub.o)
                0x0000000020006bc0                memcpy
 .text.memset   0x0000000020006bdc       0x10 c:/st/stm32cubeide_1.9.0/stm32cubeide/plugins/com.st.stm32cube.ide.mcu.externaltools.gnu-tools-for-stm32.10.3-2021.10.win32_1.0.0.202111181127/tools/bin/../lib/gcc/arm-none-eabi/10.3.1/../../../../arm-none-eabi/lib/thumb/v7e-m+fp/hard\libc_nano.a(lib_a-memset.o)
                0x0000000020006bdc                memset
 .text.cleanup_glue
                0x0000000020006bec       0x1a c:/st/stm32cubeide_1.9.0/stm32cubeide/plugins/com.st.stm32cube.ide.mcu.externaltools.gnu-tools-for-stm32.10.3-2021.10.win32_1.0.0.202111181127/tools/bin/../lib/gcc/arm-none-eabi/10.3.1/../../../../arm-none-eabi/lib/thumb/v7e-m+fp/hard\libc_nano.a(lib_a-reent.o)
                0x0000000020006bec                cleanup_glue
 *fill*         0x0000000020006c06        0x2 
 .text._reclaim_reent
                0x0000000020006c08       0xb8 c:/st/stm32cubeide_1.9.0/stm32cubeide/plugins/com.st.stm32cube.ide.mcu.externaltools.gnu-tools-for-stm32.10.3-2021.10.win32_1.0.0.202111181127/tools/bin/../lib/gcc/arm-none-eabi/10.3.1/../../../../arm-none-eabi/lib/thumb/v7e-m+fp/hard\libc_nano.a(lib_a-reent.o)
                0x0000000020006c08                _reclaim_reent
 .text.__malloc_lock
                0x0000000020006cc0        0xc c:/st/stm32cubeide_1.9.0/stm32cubeide/plugins/com.st.stm32cube.ide.mcu.externaltools.gnu-tools-for-stm32.10.3-2021.10.win32_1.0.0.202111181127/tools/bin/../lib/gcc/arm-none-eabi/10.3.1/../../../../arm-none-eabi/lib/thumb/v7e-m+fp/hard\libc_nano.a(lib_a-mlock.o)
                0x0000000020006cc0                __malloc_lock
 .text.__malloc_unlock
                0x0000000020006ccc        0xc c:/st/stm32cubeide_1.9.0/stm32cubeide/plugins/com.st.stm32cube.ide.mcu.externaltools.gnu-tools-for-stm32.10.3-2021.10.win32_1.0.0.202111181127/tools/bin/../lib/gcc/arm-none-eabi/10.3.1/../../../../arm-none-eabi/lib/thumb/v7e-m+fp/hard\libc_nano.a(lib_a-mlock.o)
                0x0000000020006ccc                __malloc_unlock
 .text._free_r  0x0000000020006cd8       0x98 c:/st/stm32cubeide_1.9.0/stm32cubeide/plugins/com.st.stm32cube.ide.mcu.externaltools.gnu-tools-for-stm32.10.3-2021.10.win32_1.0.0.202111181127/tools/bin/../lib/gcc/arm-none-eabi/10.3.1/../../../../arm-none-eabi/lib/thumb/v7e-m+fp/hard\libc_nano.a(lib_a-nano-freer.o)
                0x0000000020006cd8                _free_r
 *(.glue_7)
 .glue_7        0x0000000020006d70        0x0 linker stubs
 *(.glue_7t)
 .glue_7t       0x0000000020006d70        0x0 linker stubs
 *(.eh_frame)
 .eh_frame      0x0000000020006d70        0x0 c:/st/stm32cubeide_1.9.0/stm32cubeide/plugins/com.st.stm32cube.ide.mcu.externaltools.gnu-tools-for-stm32.10.3-2021.10.win32_1.0.0.202111181127/tools/bin/../lib/gcc/arm-none-eabi/10.3.1/thumb/v7e-m+fp/hard/crtbegin.o
 *(.init)
 .init          0x0000000020006d70        0x4 c:/st/stm32cubeide_1.9.0/stm32cubeide/plugins/com.st.stm32cube.ide.mcu.externaltools.gnu-tools-for-stm32.10.3-2021.10.win32_1.0.0.202111181127/tools/bin/../lib/gcc/arm-none-eabi/10.3.1/thumb/v7e-m+fp/hard/crti.o
                0x0000000020006d70                _init
 .init          0x0000000020006d74        0x8 c:/st/stm32cubeide_1.9.0/stm32cubeide/plugins/com.st.stm32cube.ide.mcu.externaltools.gnu-tools-for-stm32.10.3-2021.10.win32_1.0.0.202111181127/tools/bin/../lib/gcc/arm-none-eabi/10.3.1/thumb/v7e-m+fp/hard/crtn.o
 *(.fini)
 .fini          0x0000000020006d7c        0x4 c:/st/stm32cubeide_1.9.0/stm32cubeide/plugins/com.st.stm32cube.ide.mcu.externaltools.gnu-tools-for-stm32.10.3-2021.10.win32_1.0.0.202111181127/tools/bin/../lib/gcc/arm-none-eabi/10.3.1/thumb/v7e-m+fp/hard/crti.o
                0x0000000020006d7c                _fini
 .fini          0x0000000020006d80        0x8 c:/st/stm32cubeide_1.9.0/stm32cubeide/plugins/com.st.stm32cube.ide.mcu.externaltools.gnu-tools-for-stm32.10.3-2021.10.win32_1.0.0.202111181127/tools/bin/../lib/gcc/arm-none-eabi/10.3.1/thumb/v7e-m+fp/hard/crtn.o
                0x0000000020006d88                . = ALIGN (0x4)
                0x0000000020006d88                _etext = .

.vfp11_veneer   0x0000000020006d88        0x0
 .vfp11_veneer  0x0000000020006d88        0x0 linker stubs

.v4_bx          0x0000000020006d88        0x0
 .v4_bx         0x0000000020006d88        0x0 linker stubs

.iplt           0x0000000020006d88        0x0
 .iplt          0x0000000020006d88        0x0 c:/st/stm32cubeide_1.9.0/stm32cubeide/plugins/com.st.stm32cube.ide.mcu.externaltools.gnu-tools-for-stm32.10.3-2021.10.win32_1.0.0.202111181127/tools/bin/../lib/gcc/arm-none-eabi/10.3.1/thumb/v7e-m+fp/hard/crtbegin.o

.rodata         0x0000000020006d88     0x3ea0
                0x0000000020006d88                . = ALIGN (0x4)
 *(.rodata)
 .rodata        0x0000000020006d88        0x5 ./Middlewares/Third_Party/FreeRTOS/Source/tasks.o
 *fill*         0x0000000020006d8d        0x3 
 .rodata        0x0000000020006d90        0xd ./Middlewares/Third_Party/FreeRTOS/Source/timers.o
 *fill*         0x0000000020006d9d        0x3 
 .rodata        0x0000000020006da0       0x4c ./Src/freertos.o
 .rodata        0x0000000020006dec       0x1a ./Src/myfunctions.o
 *(.rodata*)
 *fill*         0x0000000020006e06        0x2 
 .rodata.LCD_Task_attributes
                0x0000000020006e08       0x24 ./Src/freertos.o
                0x0000000020006e08                LCD_Task_attributes
 .rodata.LED1_task_attributes
                0x0000000020006e2c       0x24 ./Src/freertos.o
                0x0000000020006e2c                LED1_task_attributes
 .rodata.LED2_tack_attributes
                0x0000000020006e50       0x24 ./Src/freertos.o
                0x0000000020006e50                LED2_tack_attributes
 .rodata.Reg_task_attributes
                0x0000000020006e74       0x24 ./Src/freertos.o
                0x0000000020006e74                Reg_task_attributes
 .rodata.Read_Peripheral_attributes
                0x0000000020006e98       0x24 ./Src/freertos.o
                0x0000000020006e98                Read_Peripheral_attributes
 .rodata.BinarySem01_attributes
                0x0000000020006ebc       0x10 ./Src/freertos.o
                0x0000000020006ebc                BinarySem01_attributes
 .rodata.STREAM_OFFSET_TAB
                0x0000000020006ecc        0x8 ./Src/ll_spi_ili9341.o
 .rodata.Font24_Table
                0x0000000020006ed4     0x1ab8 ./Src/ll_spi_ili9341.o
                0x0000000020006ed4                Font24_Table
 .rodata.Font20_Table
                0x000000002000898c      0xed8 ./Src/ll_spi_ili9341.o
                0x000000002000898c                Font20_Table
 .rodata.Font16_Table
                0x0000000020009864      0xbe0 ./Src/ll_spi_ili9341.o
                0x0000000020009864                Font16_Table
 .rodata.Font12_Table
                0x000000002000a444      0x474 ./Src/ll_spi_ili9341.o
                0x000000002000a444                Font12_Table
 .rodata.Font8_Table
                0x000000002000a8b8      0x2f8 ./Src/ll_spi_ili9341.o
                0x000000002000a8b8                Font8_Table
 .rodata.STREAM_OFFSET_TAB
                0x000000002000abb0        0x8 ./Src/main.o
 .rodata.STREAM_OFFSET_TAB
                0x000000002000abb8        0x8 ./Src/spi.o
 .rodata.APBPrescTable
                0x000000002000abc0        0x8 ./Src/system_stm32f4xx.o
                0x000000002000abc0                APBPrescTable
 .rodata.__sf_fake_stderr
                0x000000002000abc8       0x20 c:/st/stm32cubeide_1.9.0/stm32cubeide/plugins/com.st.stm32cube.ide.mcu.externaltools.gnu-tools-for-stm32.10.3-2021.10.win32_1.0.0.202111181127/tools/bin/../lib/gcc/arm-none-eabi/10.3.1/../../../../arm-none-eabi/lib/thumb/v7e-m+fp/hard\libc_nano.a(lib_a-findfp.o)
                0x000000002000abc8                __sf_fake_stderr
 .rodata.__sf_fake_stdin
                0x000000002000abe8       0x20 c:/st/stm32cubeide_1.9.0/stm32cubeide/plugins/com.st.stm32cube.ide.mcu.externaltools.gnu-tools-for-stm32.10.3-2021.10.win32_1.0.0.202111181127/tools/bin/../lib/gcc/arm-none-eabi/10.3.1/../../../../arm-none-eabi/lib/thumb/v7e-m+fp/hard\libc_nano.a(lib_a-findfp.o)
                0x000000002000abe8                __sf_fake_stdin
 .rodata.__sf_fake_stdout
                0x000000002000ac08       0x20 c:/st/stm32cubeide_1.9.0/stm32cubeide/plugins/com.st.stm32cube.ide.mcu.externaltools.gnu-tools-for-stm32.10.3-2021.10.win32_1.0.0.202111181127/tools/bin/../lib/gcc/arm-none-eabi/10.3.1/../../../../arm-none-eabi/lib/thumb/v7e-m+fp/hard\libc_nano.a(lib_a-findfp.o)
                0x000000002000ac08                __sf_fake_stdout
                0x000000002000ac28                . = ALIGN (0x4)

.rel.dyn        0x000000002000ac28        0x0
 .rel.iplt      0x000000002000ac28        0x0 c:/st/stm32cubeide_1.9.0/stm32cubeide/plugins/com.st.stm32cube.ide.mcu.externaltools.gnu-tools-for-stm32.10.3-2021.10.win32_1.0.0.202111181127/tools/bin/../lib/gcc/arm-none-eabi/10.3.1/thumb/v7e-m+fp/hard/crtbegin.o

.ARM.extab      0x000000002000ac28        0x0
                0x000000002000ac28                . = ALIGN (0x4)
 *(.ARM.extab* .gnu.linkonce.armextab.*)
                0x000000002000ac28                . = ALIGN (0x4)

.ARM            0x000000002000ac28        0x0
                0x000000002000ac28                . = ALIGN (0x4)
                0x000000002000ac28                __exidx_start = .
 *(.ARM.exidx*)
                0x000000002000ac28                __exidx_end = .
                0x000000002000ac28                . = ALIGN (0x4)

.preinit_array  0x000000002000ac28        0x0
                0x000000002000ac28                . = ALIGN (0x4)
                0x000000002000ac28                PROVIDE (__preinit_array_start = .)
 *(.preinit_array*)
                0x000000002000ac28                PROVIDE (__preinit_array_end = .)
                0x000000002000ac28                . = ALIGN (0x4)

.init_array     0x000000002000ac28        0x4
                0x000000002000ac28                . = ALIGN (0x4)
                0x000000002000ac28                PROVIDE (__init_array_start = .)
 *(SORT_BY_NAME(.init_array.*))
 *(.init_array*)
 .init_array    0x000000002000ac28        0x4 c:/st/stm32cubeide_1.9.0/stm32cubeide/plugins/com.st.stm32cube.ide.mcu.externaltools.gnu-tools-for-stm32.10.3-2021.10.win32_1.0.0.202111181127/tools/bin/../lib/gcc/arm-none-eabi/10.3.1/thumb/v7e-m+fp/hard/crtbegin.o
                0x000000002000ac2c                PROVIDE (__init_array_end = .)
                0x000000002000ac2c                . = ALIGN (0x4)

.fini_array     0x000000002000ac2c        0x4
                0x000000002000ac2c                . = ALIGN (0x4)
                [!provide]                        PROVIDE (__fini_array_start = .)
 *(SORT_BY_NAME(.fini_array.*))
 *(.fini_array*)
 .fini_array    0x000000002000ac2c        0x4 c:/st/stm32cubeide_1.9.0/stm32cubeide/plugins/com.st.stm32cube.ide.mcu.externaltools.gnu-tools-for-stm32.10.3-2021.10.win32_1.0.0.202111181127/tools/bin/../lib/gcc/arm-none-eabi/10.3.1/thumb/v7e-m+fp/hard/crtbegin.o
                [!provide]                        PROVIDE (__fini_array_end = .)
                0x000000002000ac30                . = ALIGN (0x4)
                0x000000002000ac30                _sidata = LOADADDR (.data)

.data           0x000000002000ac30       0xa8
                0x000000002000ac30                . = ALIGN (0x4)
                0x000000002000ac30                _sdata = .
 *(.data)
 *(.data*)
 .data.uwTickFreq
                0x000000002000ac30        0x1 ./Drivers/STM32F4xx_HAL_Driver/Src/stm32f4xx_hal.o
                0x000000002000ac30                uwTickFreq
 *fill*         0x000000002000ac31        0x3 
 .data.uxCriticalNesting
                0x000000002000ac34        0x4 ./Middlewares/Third_Party/FreeRTOS/Source/portable/GCC/ARM_CM4F/port.o
 .data.tp       0x000000002000ac38        0x4 ./Src/freertos.o
                0x000000002000ac38                tp
 .data.DmaSpiCnt
                0x000000002000ac3c        0x1 ./Src/freertos.o
                0x000000002000ac3c                DmaSpiCnt
 *fill*         0x000000002000ac3d        0x3 
 .data.dl_n     0x000000002000ac40        0x4 ./Src/freertos.o
                0x000000002000ac40                dl_n
 .data.ny       0x000000002000ac44        0x4 ./Src/freertos.o
                0x000000002000ac44                ny
 .data.Font24   0x000000002000ac48        0x8 ./Src/ll_spi_ili9341.o
                0x000000002000ac48                Font24
 .data.Font20   0x000000002000ac50        0x8 ./Src/ll_spi_ili9341.o
                0x000000002000ac50                Font20
 .data.Font16   0x000000002000ac58        0x8 ./Src/ll_spi_ili9341.o
                0x000000002000ac58                Font16
 .data.Font12   0x000000002000ac60        0x8 ./Src/ll_spi_ili9341.o
                0x000000002000ac60                Font12
 .data.Font8    0x000000002000ac68        0x8 ./Src/ll_spi_ili9341.o
                0x000000002000ac68                Font8
 .data.SystemCoreClock
                0x000000002000ac70        0x4 ./Src/system_stm32f4xx.o
                0x000000002000ac70                SystemCoreClock
 .data._impure_ptr
                0x000000002000ac74        0x4 c:/st/stm32cubeide_1.9.0/stm32cubeide/plugins/com.st.stm32cube.ide.mcu.externaltools.gnu-tools-for-stm32.10.3-2021.10.win32_1.0.0.202111181127/tools/bin/../lib/gcc/arm-none-eabi/10.3.1/../../../../arm-none-eabi/lib/thumb/v7e-m+fp/hard\libc_nano.a(lib_a-impure.o)
                0x000000002000ac74                _impure_ptr
 .data.impure_data
                0x000000002000ac78       0x60 c:/st/stm32cubeide_1.9.0/stm32cubeide/plugins/com.st.stm32cube.ide.mcu.externaltools.gnu-tools-for-stm32.10.3-2021.10.win32_1.0.0.202111181127/tools/bin/../lib/gcc/arm-none-eabi/10.3.1/../../../../arm-none-eabi/lib/thumb/v7e-m+fp/hard\libc_nano.a(lib_a-impure.o)
                0x000000002000acd8                . = ALIGN (0x4)
                0x000000002000acd8                _edata = .

.igot.plt       0x000000002000acd8        0x0
 .igot.plt      0x000000002000acd8        0x0 c:/st/stm32cubeide_1.9.0/stm32cubeide/plugins/com.st.stm32cube.ide.mcu.externaltools.gnu-tools-for-stm32.10.3-2021.10.win32_1.0.0.202111181127/tools/bin/../lib/gcc/arm-none-eabi/10.3.1/thumb/v7e-m+fp/hard/crtbegin.o
                0x000000002000acd8                . = ALIGN (0x4)

.bss            0x000000002000acd8    0x14b00
                0x000000002000acd8                _sbss = .
                0x000000002000acd8                __bss_start__ = _sbss
 *(.bss)
 .bss           0x000000002000acd8       0x1c c:/st/stm32cubeide_1.9.0/stm32cubeide/plugins/com.st.stm32cube.ide.mcu.externaltools.gnu-tools-for-stm32.10.3-2021.10.win32_1.0.0.202111181127/tools/bin/../lib/gcc/arm-none-eabi/10.3.1/thumb/v7e-m+fp/hard/crtbegin.o
 *(.bss*)
 .bss.uwTick    0x000000002000acf4        0x4 ./Drivers/STM32F4xx_HAL_Driver/Src/stm32f4xx_hal.o
                0x000000002000acf4                uwTick
 .bss.KernelState
                0x000000002000acf8        0x4 ./Middlewares/Third_Party/FreeRTOS/Source/CMSIS_RTOS_V2/cmsis_os2.o
 .bss.Idle_TCB.3
                0x000000002000acfc       0xbc ./Middlewares/Third_Party/FreeRTOS/Source/CMSIS_RTOS_V2/cmsis_os2.o
 .bss.Idle_Stack.2
                0x000000002000adb8      0x200 ./Middlewares/Third_Party/FreeRTOS/Source/CMSIS_RTOS_V2/cmsis_os2.o
 .bss.Timer_TCB.1
                0x000000002000afb8       0xbc ./Middlewares/Third_Party/FreeRTOS/Source/CMSIS_RTOS_V2/cmsis_os2.o
 .bss.Timer_Stack.0
                0x000000002000b074      0x400 ./Middlewares/Third_Party/FreeRTOS/Source/CMSIS_RTOS_V2/cmsis_os2.o
 .bss.xQueueRegistry
                0x000000002000b474       0x40 ./Middlewares/Third_Party/FreeRTOS/Source/queue.o
                0x000000002000b474                xQueueRegistry
 .bss.pxCurrentTCB
                0x000000002000b4b4        0x4 ./Middlewares/Third_Party/FreeRTOS/Source/tasks.o
                0x000000002000b4b4                pxCurrentTCB
 .bss.pxReadyTasksLists
                0x000000002000b4b8      0x460 ./Middlewares/Third_Party/FreeRTOS/Source/tasks.o
 .bss.xDelayedTaskList1
                0x000000002000b918       0x14 ./Middlewares/Third_Party/FreeRTOS/Source/tasks.o
 .bss.xDelayedTaskList2
                0x000000002000b92c       0x14 ./Middlewares/Third_Party/FreeRTOS/Source/tasks.o
 .bss.pxDelayedTaskList
                0x000000002000b940        0x4 ./Middlewares/Third_Party/FreeRTOS/Source/tasks.o
 .bss.pxOverflowDelayedTaskList
                0x000000002000b944        0x4 ./Middlewares/Third_Party/FreeRTOS/Source/tasks.o
 .bss.xPendingReadyList
                0x000000002000b948       0x14 ./Middlewares/Third_Party/FreeRTOS/Source/tasks.o
 .bss.xTasksWaitingTermination
                0x000000002000b95c       0x14 ./Middlewares/Third_Party/FreeRTOS/Source/tasks.o
 .bss.uxDeletedTasksWaitingCleanUp
                0x000000002000b970        0x4 ./Middlewares/Third_Party/FreeRTOS/Source/tasks.o
 .bss.xSuspendedTaskList
                0x000000002000b974       0x14 ./Middlewares/Third_Party/FreeRTOS/Source/tasks.o
 .bss.uxCurrentNumberOfTasks
                0x000000002000b988        0x4 ./Middlewares/Third_Party/FreeRTOS/Source/tasks.o
 .bss.xTickCount
                0x000000002000b98c        0x4 ./Middlewares/Third_Party/FreeRTOS/Source/tasks.o
 .bss.uxTopReadyPriority
                0x000000002000b990        0x4 ./Middlewares/Third_Party/FreeRTOS/Source/tasks.o
 .bss.xSchedulerRunning
                0x000000002000b994        0x4 ./Middlewares/Third_Party/FreeRTOS/Source/tasks.o
 .bss.xPendedTicks
                0x000000002000b998        0x4 ./Middlewares/Third_Party/FreeRTOS/Source/tasks.o
 .bss.xYieldPending
                0x000000002000b99c        0x4 ./Middlewares/Third_Party/FreeRTOS/Source/tasks.o
 .bss.xNumOfOverflows
                0x000000002000b9a0        0x4 ./Middlewares/Third_Party/FreeRTOS/Source/tasks.o
 .bss.uxTaskNumber
                0x000000002000b9a4        0x4 ./Middlewares/Third_Party/FreeRTOS/Source/tasks.o
 .bss.xNextTaskUnblockTime
                0x000000002000b9a8        0x4 ./Middlewares/Third_Party/FreeRTOS/Source/tasks.o
 .bss.xIdleTaskHandle
                0x000000002000b9ac        0x4 ./Middlewares/Third_Party/FreeRTOS/Source/tasks.o
 .bss.uxSchedulerSuspended
                0x000000002000b9b0        0x4 ./Middlewares/Third_Party/FreeRTOS/Source/tasks.o
 .bss.xActiveTimerList1
                0x000000002000b9b4       0x14 ./Middlewares/Third_Party/FreeRTOS/Source/timers.o
 .bss.xActiveTimerList2
                0x000000002000b9c8       0x14 ./Middlewares/Third_Party/FreeRTOS/Source/timers.o
 .bss.pxCurrentTimerList
                0x000000002000b9dc        0x4 ./Middlewares/Third_Party/FreeRTOS/Source/timers.o
 .bss.pxOverflowTimerList
                0x000000002000b9e0        0x4 ./Middlewares/Third_Party/FreeRTOS/Source/timers.o
 .bss.xTimerQueue
                0x000000002000b9e4        0x4 ./Middlewares/Third_Party/FreeRTOS/Source/timers.o
 .bss.xTimerTaskHandle
                0x000000002000b9e8        0x4 ./Middlewares/Third_Party/FreeRTOS/Source/timers.o
 .bss.xLastTime.2
                0x000000002000b9ec        0x4 ./Middlewares/Third_Party/FreeRTOS/Source/timers.o
 .bss.ucStaticTimerQueueStorage.1
                0x000000002000b9f0       0xa0 ./Middlewares/Third_Party/FreeRTOS/Source/timers.o
 .bss.xStaticTimerQueue.0
                0x000000002000ba90       0x50 ./Middlewares/Third_Party/FreeRTOS/Source/timers.o
 .bss.ucMaxSysCallPriority
                0x000000002000bae0        0x1 ./Middlewares/Third_Party/FreeRTOS/Source/portable/GCC/ARM_CM4F/port.o
 *fill*         0x000000002000bae1        0x3 
 .bss.ulMaxPRIGROUPValue
                0x000000002000bae4        0x4 ./Middlewares/Third_Party/FreeRTOS/Source/portable/GCC/ARM_CM4F/port.o
 .bss.ucHeap    0x000000002000bae8     0x3c00 ./Middlewares/Third_Party/FreeRTOS/Source/portable/MemMang/heap_4.o
 .bss.xStart    0x000000002000f6e8        0x8 ./Middlewares/Third_Party/FreeRTOS/Source/portable/MemMang/heap_4.o
 .bss.pxEnd     0x000000002000f6f0        0x4 ./Middlewares/Third_Party/FreeRTOS/Source/portable/MemMang/heap_4.o
 .bss.xFreeBytesRemaining
                0x000000002000f6f4        0x4 ./Middlewares/Third_Party/FreeRTOS/Source/portable/MemMang/heap_4.o
 .bss.xMinimumEverFreeBytesRemaining
                0x000000002000f6f8        0x4 ./Middlewares/Third_Party/FreeRTOS/Source/portable/MemMang/heap_4.o
 .bss.xNumberOfSuccessfulAllocations
                0x000000002000f6fc        0x4 ./Middlewares/Third_Party/FreeRTOS/Source/portable/MemMang/heap_4.o
 .bss.xNumberOfSuccessfulFrees
                0x000000002000f700        0x4 ./Middlewares/Third_Party/FreeRTOS/Source/portable/MemMang/heap_4.o
 .bss.xBlockAllocatedBit
                0x000000002000f704        0x4 ./Middlewares/Third_Party/FreeRTOS/Source/portable/MemMang/heap_4.o
 .bss.pid       0x000000002000f708       0x24 ./Src/freertos.o
                0x000000002000f708                pid
 .bss.in3       0x000000002000f72c       0x18 ./Src/freertos.o
                0x000000002000f72c                in3
 .bss.in4       0x000000002000f744       0x18 ./Src/freertos.o
                0x000000002000f744                in4
 .bss.LCD_TaskHandle
                0x000000002000f75c        0x4 ./Src/freertos.o
                0x000000002000f75c                LCD_TaskHandle
 .bss.LED1_taskHandle
                0x000000002000f760        0x4 ./Src/freertos.o
                0x000000002000f760                LED1_taskHandle
 .bss.LED2_tackHandle
                0x000000002000f764        0x4 ./Src/freertos.o
                0x000000002000f764                LED2_tackHandle
 .bss.Reg_taskHandle
                0x000000002000f768        0x4 ./Src/freertos.o
                0x000000002000f768                Reg_taskHandle
 .bss.Read_PeripheralHandle
                0x000000002000f76c        0x4 ./Src/freertos.o
                0x000000002000f76c                Read_PeripheralHandle
 .bss.BinarySem01Handle
                0x000000002000f770        0x4 ./Src/freertos.o
                0x000000002000f770                BinarySem01Handle
 .bss.ptr       0x000000002000f774        0x4 ./Src/freertos.o
                0x000000002000f774                ptr
 .bss.nx        0x000000002000f778        0x4 ./Src/freertos.o
                0x000000002000f778                nx
 .bss.TFTDisplay_ILI9341_WIDTH
                0x000000002000f77c        0x2 ./Src/ll_spi_ili9341.o
                0x000000002000f77c                TFTDisplay_ILI9341_WIDTH
 .bss.TFTDisplay_ILI9341_HEIGHT
                0x000000002000f77e        0x2 ./Src/ll_spi_ili9341.o
                0x000000002000f77e                TFTDisplay_ILI9341_HEIGHT
 .bss.DataBuffer
                0x000000002000f780    0x10000 ./Src/ll_spi_ili9341.o
                0x000000002000f780                DataBuffer
 .bss.lcdprop   0x000000002001f780        0x8 ./Src/ll_spi_ili9341.o
                0x000000002001f780                lcdprop
 .bss.htim6     0x000000002001f788       0x48 ./Src/stm32f4xx_hal_timebase_tim.o
                0x000000002001f788                htim6
 .bss.__lock___malloc_recursive_mutex
                0x000000002001f7d0        0x1 c:/st/stm32cubeide_1.9.0/stm32cubeide/plugins/com.st.stm32cube.ide.mcu.externaltools.gnu-tools-for-stm32.10.3-2021.10.win32_1.0.0.202111181127/tools/bin/../lib/gcc/arm-none-eabi/10.3.1/../../../../arm-none-eabi/lib/thumb/v7e-m+fp/hard\libc_nano.a(lib_a-lock.o)
                0x000000002001f7d0                __lock___malloc_recursive_mutex
 *fill*         0x000000002001f7d1        0x3 
 .bss.__malloc_free_list
                0x000000002001f7d4        0x4 c:/st/stm32cubeide_1.9.0/stm32cubeide/plugins/com.st.stm32cube.ide.mcu.externaltools.gnu-tools-for-stm32.10.3-2021.10.win32_1.0.0.202111181127/tools/bin/../lib/gcc/arm-none-eabi/10.3.1/../../../../arm-none-eabi/lib/thumb/v7e-m+fp/hard\libc_nano.a(lib_a-nano-mallocr.o)
                0x000000002001f7d4                __malloc_free_list
 *(COMMON)
                0x000000002001f7d8                . = ALIGN (0x4)
                0x000000002001f7d8                _ebss = .
                0x000000002001f7d8                __bss_end__ = _ebss

._user_heap_stack
                0x000000002001f7d8      0x600
                0x000000002001f7d8                . = ALIGN (0x8)
                0x000000002001f7d8                PROVIDE (end = .)
                [!provide]                        PROVIDE (_end = .)
                0x000000002001f9d8                . = (. + _Min_Heap_Size)
 *fill*         0x000000002001f7d8      0x200 
                0x000000002001fdd8                . = (. + _Min_Stack_Size)
 *fill*         0x000000002001f9d8      0x400 
                0x000000002001fdd8                . = ALIGN (0x8)

/DISCARD/
 libc.a(*)
 libm.a(*)
 libgcc.a(*)

.ARM.attributes
                0x0000000000000000       0x30
 *(.ARM.attributes)
 .ARM.attributes
                0x0000000000000000       0x1e c:/st/stm32cubeide_1.9.0/stm32cubeide/plugins/com.st.stm32cube.ide.mcu.externaltools.gnu-tools-for-stm32.10.3-2021.10.win32_1.0.0.202111181127/tools/bin/../lib/gcc/arm-none-eabi/10.3.1/thumb/v7e-m+fp/hard/crti.o
 .ARM.attributes
                0x000000000000001e       0x34 c:/st/stm32cubeide_1.9.0/stm32cubeide/plugins/com.st.stm32cube.ide.mcu.externaltools.gnu-tools-for-stm32.10.3-2021.10.win32_1.0.0.202111181127/tools/bin/../lib/gcc/arm-none-eabi/10.3.1/thumb/v7e-m+fp/hard/crtbegin.o
 .ARM.attributes
                0x0000000000000052       0x34 ./Drivers/STM32F4xx_HAL_Driver/Src/stm32f4xx_hal.o
 .ARM.attributes
                0x0000000000000086       0x34 ./Drivers/STM32F4xx_HAL_Driver/Src/stm32f4xx_hal_cortex.o
 .ARM.attributes
                0x00000000000000ba       0x34 ./Drivers/STM32F4xx_HAL_Driver/Src/stm32f4xx_hal_rcc.o
 .ARM.attributes
                0x00000000000000ee       0x34 ./Drivers/STM32F4xx_HAL_Driver/Src/stm32f4xx_hal_tim.o
 .ARM.attributes
                0x0000000000000122       0x34 ./Drivers/STM32F4xx_HAL_Driver/Src/stm32f4xx_hal_tim_ex.o
 .ARM.attributes
                0x0000000000000156       0x34 ./Drivers/STM32F4xx_HAL_Driver/Src/stm32f4xx_ll_gpio.o
 .ARM.attributes
                0x000000000000018a       0x34 ./Drivers/STM32F4xx_HAL_Driver/Src/stm32f4xx_ll_spi.o
 .ARM.attributes
                0x00000000000001be       0x34 ./Drivers/STM32F4xx_HAL_Driver/Src/stm32f4xx_ll_utils.o
 .ARM.attributes
                0x00000000000001f2       0x34 ./Middlewares/Third_Party/FreeRTOS/Source/CMSIS_RTOS_V2/cmsis_os2.o
 .ARM.attributes
                0x0000000000000226       0x34 ./Middlewares/Third_Party/FreeRTOS/Source/list.o
 .ARM.attributes
                0x000000000000025a       0x34 ./Middlewares/Third_Party/FreeRTOS/Source/queue.o
 .ARM.attributes
                0x000000000000028e       0x34 ./Middlewares/Third_Party/FreeRTOS/Source/tasks.o
 .ARM.attributes
                0x00000000000002c2       0x34 ./Middlewares/Third_Party/FreeRTOS/Source/timers.o
 .ARM.attributes
                0x00000000000002f6       0x34 ./Middlewares/Third_Party/FreeRTOS/Source/portable/GCC/ARM_CM4F/port.o
 .ARM.attributes
                0x000000000000032a       0x34 ./Middlewares/Third_Party/FreeRTOS/Source/portable/MemMang/heap_4.o
 .ARM.attributes
                0x000000000000035e       0x34 ./Src/dma.o
 .ARM.attributes
                0x0000000000000392       0x34 ./Src/freertos.o
 .ARM.attributes
                0x00000000000003c6       0x34 ./Src/gpio.o
 .ARM.attributes
                0x00000000000003fa       0x34 ./Src/ll_spi_ili9341.o
 .ARM.attributes
                0x000000000000042e       0x34 ./Src/main.o
 .ARM.attributes
                0x0000000000000462       0x34 ./Src/myfunctions.o
 .ARM.attributes
                0x0000000000000496       0x34 ./Src/reg2.o
 .ARM.attributes
                0x00000000000004ca       0x34 ./Src/rng.o
 .ARM.attributes
                0x00000000000004fe       0x34 ./Src/spi.o
 .ARM.attributes
                0x0000000000000532       0x34 ./Src/stm32f4xx_hal_msp.o
 .ARM.attributes
                0x0000000000000566       0x34 ./Src/stm32f4xx_hal_timebase_tim.o
 .ARM.attributes
                0x000000000000059a       0x34 ./Src/stm32f4xx_it.o
 .ARM.attributes
                0x00000000000005ce       0x34 ./Src/system_stm32f4xx.o
 .ARM.attributes
                0x0000000000000602       0x21 ./Startup/startup_stm32f429zitx.o
 .ARM.attributes
                0x0000000000000623       0x34 c:/st/stm32cubeide_1.9.0/stm32cubeide/plugins/com.st.stm32cube.ide.mcu.externaltools.gnu-tools-for-stm32.10.3-2021.10.win32_1.0.0.202111181127/tools/bin/../lib/gcc/arm-none-eabi/10.3.1/../../../../arm-none-eabi/lib/thumb/v7e-m+fp/hard\libc_nano.a(lib_a-findfp.o)
 .ARM.attributes
                0x0000000000000657       0x34 c:/st/stm32cubeide_1.9.0/stm32cubeide/plugins/com.st.stm32cube.ide.mcu.externaltools.gnu-tools-for-stm32.10.3-2021.10.win32_1.0.0.202111181127/tools/bin/../lib/gcc/arm-none-eabi/10.3.1/../../../../arm-none-eabi/lib/thumb/v7e-m+fp/hard\libc_nano.a(lib_a-impure.o)
 .ARM.attributes
                0x000000000000068b       0x34 c:/st/stm32cubeide_1.9.0/stm32cubeide/plugins/com.st.stm32cube.ide.mcu.externaltools.gnu-tools-for-stm32.10.3-2021.10.win32_1.0.0.202111181127/tools/bin/../lib/gcc/arm-none-eabi/10.3.1/../../../../arm-none-eabi/lib/thumb/v7e-m+fp/hard\libc_nano.a(lib_a-init.o)
 .ARM.attributes
                0x00000000000006bf       0x34 c:/st/stm32cubeide_1.9.0/stm32cubeide/plugins/com.st.stm32cube.ide.mcu.externaltools.gnu-tools-for-stm32.10.3-2021.10.win32_1.0.0.202111181127/tools/bin/../lib/gcc/arm-none-eabi/10.3.1/../../../../arm-none-eabi/lib/thumb/v7e-m+fp/hard\libc_nano.a(lib_a-lock.o)
 .ARM.attributes
                0x00000000000006f3       0x34 c:/st/stm32cubeide_1.9.0/stm32cubeide/plugins/com.st.stm32cube.ide.mcu.externaltools.gnu-tools-for-stm32.10.3-2021.10.win32_1.0.0.202111181127/tools/bin/../lib/gcc/arm-none-eabi/10.3.1/../../../../arm-none-eabi/lib/thumb/v7e-m+fp/hard\libc_nano.a(lib_a-memcpy-stub.o)
 .ARM.attributes
                0x0000000000000727       0x34 c:/st/stm32cubeide_1.9.0/stm32cubeide/plugins/com.st.stm32cube.ide.mcu.externaltools.gnu-tools-for-stm32.10.3-2021.10.win32_1.0.0.202111181127/tools/bin/../lib/gcc/arm-none-eabi/10.3.1/../../../../arm-none-eabi/lib/thumb/v7e-m+fp/hard\libc_nano.a(lib_a-memset.o)
 .ARM.attributes
                0x000000000000075b       0x34 c:/st/stm32cubeide_1.9.0/stm32cubeide/plugins/com.st.stm32cube.ide.mcu.externaltools.gnu-tools-for-stm32.10.3-2021.10.win32_1.0.0.202111181127/tools/bin/../lib/gcc/arm-none-eabi/10.3.1/../../../../arm-none-eabi/lib/thumb/v7e-m+fp/hard\libc_nano.a(lib_a-nano-mallocr.o)
 .ARM.attributes
                0x000000000000078f       0x34 c:/st/stm32cubeide_1.9.0/stm32cubeide/plugins/com.st.stm32cube.ide.mcu.externaltools.gnu-tools-for-stm32.10.3-2021.10.win32_1.0.0.202111181127/tools/bin/../lib/gcc/arm-none-eabi/10.3.1/../../../../arm-none-eabi/lib/thumb/v7e-m+fp/hard\libc_nano.a(lib_a-reent.o)
 .ARM.attributes
                0x00000000000007c3       0x34 c:/st/stm32cubeide_1.9.0/stm32cubeide/plugins/com.st.stm32cube.ide.mcu.externaltools.gnu-tools-for-stm32.10.3-2021.10.win32_1.0.0.202111181127/tools/bin/../lib/gcc/arm-none-eabi/10.3.1/../../../../arm-none-eabi/lib/thumb/v7e-m+fp/hard\libc_nano.a(lib_a-mlock.o)
 .ARM.attributes
                0x00000000000007f7       0x34 c:/st/stm32cubeide_1.9.0/stm32cubeide/plugins/com.st.stm32cube.ide.mcu.externaltools.gnu-tools-for-stm32.10.3-2021.10.win32_1.0.0.202111181127/tools/bin/../lib/gcc/arm-none-eabi/10.3.1/../../../../arm-none-eabi/lib/thumb/v7e-m+fp/hard\libc_nano.a(lib_a-nano-freer.o)
 .ARM.attributes
                0x000000000000082b       0x1e c:/st/stm32cubeide_1.9.0/stm32cubeide/plugins/com.st.stm32cube.ide.mcu.externaltools.gnu-tools-for-stm32.10.3-2021.10.win32_1.0.0.202111181127/tools/bin/../lib/gcc/arm-none-eabi/10.3.1/thumb/v7e-m+fp/hard/crtn.o
OUTPUT(Bazowy_OSM_STM32.elf elf32-littlearm)
LOAD linker stubs
LOAD c:/st/stm32cubeide_1.9.0/stm32cubeide/plugins/com.st.stm32cube.ide.mcu.externaltools.gnu-tools-for-stm32.10.3-2021.10.win32_1.0.0.202111181127/tools/bin/../lib/gcc/arm-none-eabi/10.3.1/../../../../arm-none-eabi/lib/thumb/v7e-m+fp/hard\libc.a
LOAD c:/st/stm32cubeide_1.9.0/stm32cubeide/plugins/com.st.stm32cube.ide.mcu.externaltools.gnu-tools-for-stm32.10.3-2021.10.win32_1.0.0.202111181127/tools/bin/../lib/gcc/arm-none-eabi/10.3.1/../../../../arm-none-eabi/lib/thumb/v7e-m+fp/hard\libm.a
LOAD c:/st/stm32cubeide_1.9.0/stm32cubeide/plugins/com.st.stm32cube.ide.mcu.externaltools.gnu-tools-for-stm32.10.3-2021.10.win32_1.0.0.202111181127/tools/bin/../lib/gcc/arm-none-eabi/10.3.1/thumb/v7e-m+fp/hard\libgcc.a

.debug_info     0x0000000000000000    0x19d6a
 .debug_info    0x0000000000000000      0x9f4 ./Drivers/STM32F4xx_HAL_Driver/Src/stm32f4xx_hal.o
 .debug_info    0x00000000000009f4      0xe51 ./Drivers/STM32F4xx_HAL_Driver/Src/stm32f4xx_hal_cortex.o
 .debug_info    0x0000000000001845      0x982 ./Drivers/STM32F4xx_HAL_Driver/Src/stm32f4xx_hal_rcc.o
 .debug_info    0x00000000000021c7     0x2bbe ./Drivers/STM32F4xx_HAL_Driver/Src/stm32f4xx_hal_tim.o
 .debug_info    0x0000000000004d85     0x15e0 ./Drivers/STM32F4xx_HAL_Driver/Src/stm32f4xx_hal_tim_ex.o
 .debug_info    0x0000000000006365      0x864 ./Drivers/STM32F4xx_HAL_Driver/Src/stm32f4xx_ll_gpio.o
 .debug_info    0x0000000000006bc9      0x828 ./Drivers/STM32F4xx_HAL_Driver/Src/stm32f4xx_ll_spi.o
 .debug_info    0x00000000000073f1      0x9a4 ./Drivers/STM32F4xx_HAL_Driver/Src/stm32f4xx_ll_utils.o
 .debug_info    0x0000000000007d95     0x4377 ./Middlewares/Third_Party/FreeRTOS/Source/CMSIS_RTOS_V2/cmsis_os2.o
 .debug_info    0x000000000000c10c      0x2d1 ./Middlewares/Third_Party/FreeRTOS/Source/list.o
 .debug_info    0x000000000000c3dd     0x1cbf ./Middlewares/Third_Party/FreeRTOS/Source/queue.o
 .debug_info    0x000000000000e09c     0x2b40 ./Middlewares/Third_Party/FreeRTOS/Source/tasks.o
 .debug_info    0x0000000000010bdc     0x1c89 ./Middlewares/Third_Party/FreeRTOS/Source/timers.o
 .debug_info    0x0000000000012865      0x507 ./Middlewares/Third_Party/FreeRTOS/Source/portable/GCC/ARM_CM4F/port.o
 .debug_info    0x0000000000012d6c      0x50b ./Middlewares/Third_Party/FreeRTOS/Source/portable/MemMang/heap_4.o
 .debug_info    0x0000000000013277      0x98f ./Src/dma.o
 .debug_info    0x0000000000013c06      0xb63 ./Src/freertos.o
 .debug_info    0x0000000000014769      0x4d6 ./Src/gpio.o
 .debug_info    0x0000000000014c3f      0xfe4 ./Src/ll_spi_ili9341.o
 .debug_info    0x0000000000015c23     0x1057 ./Src/main.o
 .debug_info    0x0000000000016c7a      0x173 ./Src/myfunctions.o
 .debug_info    0x0000000000016ded      0x23e ./Src/reg2.o
 .debug_info    0x000000000001702b      0x397 ./Src/rng.o
 .debug_info    0x00000000000173c2      0x9ab ./Src/spi.o
 .debug_info    0x0000000000017d6d      0x5b3 ./Src/stm32f4xx_hal_msp.o
 .debug_info    0x0000000000018320      0xc73 ./Src/stm32f4xx_hal_timebase_tim.o
 .debug_info    0x0000000000018f93      0x876 ./Src/stm32f4xx_it.o
 .debug_info    0x0000000000019809      0x53f ./Src/system_stm32f4xx.o
 .debug_info    0x0000000000019d48       0x22 ./Startup/startup_stm32f429zitx.o

.debug_abbrev   0x0000000000000000     0x3e3a
 .debug_abbrev  0x0000000000000000      0x20d ./Drivers/STM32F4xx_HAL_Driver/Src/stm32f4xx_hal.o
 .debug_abbrev  0x000000000000020d      0x316 ./Drivers/STM32F4xx_HAL_Driver/Src/stm32f4xx_hal_cortex.o
 .debug_abbrev  0x0000000000000523      0x2aa ./Drivers/STM32F4xx_HAL_Driver/Src/stm32f4xx_hal_rcc.o
 .debug_abbrev  0x00000000000007cd      0x25d ./Drivers/STM32F4xx_HAL_Driver/Src/stm32f4xx_hal_tim.o
 .debug_abbrev  0x0000000000000a2a      0x265 ./Drivers/STM32F4xx_HAL_Driver/Src/stm32f4xx_hal_tim_ex.o
 .debug_abbrev  0x0000000000000c8f      0x20e ./Drivers/STM32F4xx_HAL_Driver/Src/stm32f4xx_ll_gpio.o
 .debug_abbrev  0x0000000000000e9d      0x20d ./Drivers/STM32F4xx_HAL_Driver/Src/stm32f4xx_ll_spi.o
 .debug_abbrev  0x00000000000010aa      0x22a ./Drivers/STM32F4xx_HAL_Driver/Src/stm32f4xx_ll_utils.o
 .debug_abbrev  0x00000000000012d4      0x529 ./Middlewares/Third_Party/FreeRTOS/Source/CMSIS_RTOS_V2/cmsis_os2.o
 .debug_abbrev  0x00000000000017fd       0xf2 ./Middlewares/Third_Party/FreeRTOS/Source/list.o
 .debug_abbrev  0x00000000000018ef      0x3a1 ./Middlewares/Third_Party/FreeRTOS/Source/queue.o
 .debug_abbrev  0x0000000000001c90      0x3f3 ./Middlewares/Third_Party/FreeRTOS/Source/tasks.o
 .debug_abbrev  0x0000000000002083      0x360 ./Middlewares/Third_Party/FreeRTOS/Source/timers.o
 .debug_abbrev  0x00000000000023e3      0x259 ./Middlewares/Third_Party/FreeRTOS/Source/portable/GCC/ARM_CM4F/port.o
 .debug_abbrev  0x000000000000263c      0x212 ./Middlewares/Third_Party/FreeRTOS/Source/portable/MemMang/heap_4.o
 .debug_abbrev  0x000000000000284e      0x198 ./Src/dma.o
 .debug_abbrev  0x00000000000029e6      0x280 ./Src/freertos.o
 .debug_abbrev  0x0000000000002c66      0x191 ./Src/gpio.o
 .debug_abbrev  0x0000000000002df7      0x2ea ./Src/ll_spi_ili9341.o
 .debug_abbrev  0x00000000000030e1      0x2ad ./Src/main.o
 .debug_abbrev  0x000000000000338e       0xd0 ./Src/myfunctions.o
 .debug_abbrev  0x000000000000345e       0xc3 ./Src/reg2.o
 .debug_abbrev  0x0000000000003521      0x135 ./Src/rng.o
 .debug_abbrev  0x0000000000003656      0x191 ./Src/spi.o
 .debug_abbrev  0x00000000000037e7      0x11c ./Src/stm32f4xx_hal_msp.o
 .debug_abbrev  0x0000000000003903      0x1d3 ./Src/stm32f4xx_hal_timebase_tim.o
 .debug_abbrev  0x0000000000003ad6      0x23c ./Src/stm32f4xx_it.o
 .debug_abbrev  0x0000000000003d12      0x116 ./Src/system_stm32f4xx.o
 .debug_abbrev  0x0000000000003e28       0x12 ./Startup/startup_stm32f429zitx.o

.debug_aranges  0x0000000000000000     0x1770
 .debug_aranges
                0x0000000000000000      0x100 ./Drivers/STM32F4xx_HAL_Driver/Src/stm32f4xx_hal.o
 .debug_aranges
                0x0000000000000100      0x118 ./Drivers/STM32F4xx_HAL_Driver/Src/stm32f4xx_hal_cortex.o
 .debug_aranges
                0x0000000000000218       0x88 ./Drivers/STM32F4xx_HAL_Driver/Src/stm32f4xx_hal_rcc.o
 .debug_aranges
                0x00000000000002a0      0x3d0 ./Drivers/STM32F4xx_HAL_Driver/Src/stm32f4xx_hal_tim.o
 .debug_aranges
                0x0000000000000670      0x168 ./Drivers/STM32F4xx_HAL_Driver/Src/stm32f4xx_hal_tim_ex.o
 .debug_aranges
                0x00000000000007d8       0x70 ./Drivers/STM32F4xx_HAL_Driver/Src/stm32f4xx_ll_gpio.o
 .debug_aranges
                0x0000000000000848       0x90 ./Drivers/STM32F4xx_HAL_Driver/Src/stm32f4xx_ll_spi.o
 .debug_aranges
                0x00000000000008d8      0x100 ./Drivers/STM32F4xx_HAL_Driver/Src/stm32f4xx_ll_utils.o
 .debug_aranges
                0x00000000000009d8      0x2b0 ./Middlewares/Third_Party/FreeRTOS/Source/CMSIS_RTOS_V2/cmsis_os2.o
 .debug_aranges
                0x0000000000000c88       0x40 ./Middlewares/Third_Party/FreeRTOS/Source/list.o
 .debug_aranges
                0x0000000000000cc8      0x158 ./Middlewares/Third_Party/FreeRTOS/Source/queue.o
 .debug_aranges
                0x0000000000000e20      0x208 ./Middlewares/Third_Party/FreeRTOS/Source/tasks.o
 .debug_aranges
                0x0000000000001028       0xf0 ./Middlewares/Third_Party/FreeRTOS/Source/timers.o
 .debug_aranges
                0x0000000000001118       0x80 ./Middlewares/Third_Party/FreeRTOS/Source/portable/GCC/ARM_CM4F/port.o
 .debug_aranges
                0x0000000000001198       0x58 ./Middlewares/Third_Party/FreeRTOS/Source/portable/MemMang/heap_4.o
 .debug_aranges
                0x00000000000011f0       0x48 ./Src/dma.o
 .debug_aranges
                0x0000000000001238       0x50 ./Src/freertos.o
 .debug_aranges
                0x0000000000001288       0x30 ./Src/gpio.o
 .debug_aranges
                0x00000000000012b8      0x1a0 ./Src/ll_spi_ili9341.o
 .debug_aranges