Archive member included to satisfy reference by file (symbol)

c:/st/stm32cubeide_1.9.0/stm32cubeide/plugins/com.st.stm32cube.ide.mcu.externaltools.gnu-tools-for-stm32.10.3-2021.10.win32_1.0.0.202111181127/tools/bin/../lib/gcc/arm-none-eabi/10.3.1/../../../../arm-none-eabi/lib/thumb/v7e-m+fp/hard\libc_nano.a(lib_a-errno.o)
                              ./Src/syscalls.o (__errno)
c:/st/stm32cubeide_1.9.0/stm32cubeide/plugins/com.st.stm32cube.ide.mcu.externaltools.gnu-tools-for-stm32.10.3-2021.10.win32_1.0.0.202111181127/tools/bin/../lib/gcc/arm-none-eabi/10.3.1/../../../../arm-none-eabi/lib/thumb/v7e-m+fp/hard\libc_nano.a(lib_a-exit.o)
                              c:/st/stm32cubeide_1.9.0/stm32cubeide/plugins/com.st.stm32cube.ide.mcu.externaltools.gnu-tools-for-stm32.10.3-2021.10.win32_1.0.0.202111181127/tools/bin/../lib/gcc/arm-none-eabi/10.3.1/../../../../arm-none-eabi/lib/thumb/v7e-m+fp/hard/crt0.o (exit)
c:/st/stm32cubeide_1.9.0/stm32cubeide/plugins/com.st.stm32cube.ide.mcu.externaltools.gnu-tools-for-stm32.10.3-2021.10.win32_1.0.0.202111181127/tools/bin/../lib/gcc/arm-none-eabi/10.3.1/../../../../arm-none-eabi/lib/thumb/v7e-m+fp/hard\libc_nano.a(lib_a-findfp.o)
                              ./Middlewares/Third_Party/FreeRTOS/Source/tasks.o (__sf_fake_stderr)
c:/st/stm32cubeide_1.9.0/stm32cubeide/plugins/com.st.stm32cube.ide.mcu.externaltools.gnu-tools-for-stm32.10.3-2021.10.win32_1.0.0.202111181127/tools/bin/../lib/gcc/arm-none-eabi/10.3.1/../../../../arm-none-eabi/lib/thumb/v7e-m+fp/hard\libc_nano.a(lib_a-fwalk.o)
                              c:/st/stm32cubeide_1.9.0/stm32cubeide/plugins/com.st.stm32cube.ide.mcu.externaltools.gnu-tools-for-stm32.10.3-2021.10.win32_1.0.0.202111181127/tools/bin/../lib/gcc/arm-none-eabi/10.3.1/../../../../arm-none-eabi/lib/thumb/v7e-m+fp/hard\libc_nano.a(lib_a-findfp.o) (_fwalk)
c:/st/stm32cubeide_1.9.0/stm32cubeide/plugins/com.st.stm32cube.ide.mcu.externaltools.gnu-tools-for-stm32.10.3-2021.10.win32_1.0.0.202111181127/tools/bin/../lib/gcc/arm-none-eabi/10.3.1/../../../../arm-none-eabi/lib/thumb/v7e-m+fp/hard\libc_nano.a(lib_a-impure.o)
                              c:/st/stm32cubeide_1.9.0/stm32cubeide/plugins/com.st.stm32cube.ide.mcu.externaltools.gnu-tools-for-stm32.10.3-2021.10.win32_1.0.0.202111181127/tools/bin/../lib/gcc/arm-none-eabi/10.3.1/../../../../arm-none-eabi/lib/thumb/v7e-m+fp/hard\libc_nano.a(lib_a-exit.o) (_global_impure_ptr)
c:/st/stm32cubeide_1.9.0/stm32cubeide/plugins/com.st.stm32cube.ide.mcu.externaltools.gnu-tools-for-stm32.10.3-2021.10.win32_1.0.0.202111181127/tools/bin/../lib/gcc/arm-none-eabi/10.3.1/../../../../arm-none-eabi/lib/thumb/v7e-m+fp/hard\libc_nano.a(lib_a-init.o)
                              c:/st/stm32cubeide_1.9.0/stm32cubeide/plugins/com.st.stm32cube.ide.mcu.externaltools.gnu-tools-for-stm32.10.3-2021.10.win32_1.0.0.202111181127/tools/bin/../lib/gcc/arm-none-eabi/10.3.1/../../../../arm-none-eabi/lib/thumb/v7e-m+fp/hard/crt0.o (__libc_init_array)
c:/st/stm32cubeide_1.9.0/stm32cubeide/plugins/com.st.stm32cube.ide.mcu.externaltools.gnu-tools-for-stm32.10.3-2021.10.win32_1.0.0.202111181127/tools/bin/../lib/gcc/arm-none-eabi/10.3.1/../../../../arm-none-eabi/lib/thumb/v7e-m+fp/hard\libc_nano.a(lib_a-lock.o)
                              c:/st/stm32cubeide_1.9.0/stm32cubeide/plugins/com.st.stm32cube.ide.mcu.externaltools.gnu-tools-for-stm32.10.3-2021.10.win32_1.0.0.202111181127/tools/bin/../lib/gcc/arm-none-eabi/10.3.1/../../../../arm-none-eabi/lib/thumb/v7e-m+fp/hard\libc_nano.a(lib_a-findfp.o) (__retarget_lock_init_recursive)
c:/st/stm32cubeide_1.9.0/stm32cubeide/plugins/com.st.stm32cube.ide.mcu.externaltools.gnu-tools-for-stm32.10.3-2021.10.win32_1.0.0.202111181127/tools/bin/../lib/gcc/arm-none-eabi/10.3.1/../../../../arm-none-eabi/lib/thumb/v7e-m+fp/hard\libc_nano.a(lib_a-memcpy-stub.o)
                              ./Middlewares/Third_Party/FreeRTOS/Source/CMSIS_RTOS_V2/cmsis_os2.o (memcpy)
c:/st/stm32cubeide_1.9.0/stm32cubeide/plugins/com.st.stm32cube.ide.mcu.externaltools.gnu-tools-for-stm32.10.3-2021.10.win32_1.0.0.202111181127/tools/bin/../lib/gcc/arm-none-eabi/10.3.1/../../../../arm-none-eabi/lib/thumb/v7e-m+fp/hard\libc_nano.a(lib_a-memset.o)
                              c:/st/stm32cubeide_1.9.0/stm32cubeide/plugins/com.st.stm32cube.ide.mcu.externaltools.gnu-tools-for-stm32.10.3-2021.10.win32_1.0.0.202111181127/tools/bin/../lib/gcc/arm-none-eabi/10.3.1/../../../../arm-none-eabi/lib/thumb/v7e-m+fp/hard/crt0.o (memset)
c:/st/stm32cubeide_1.9.0/stm32cubeide/plugins/com.st.stm32cube.ide.mcu.externaltools.gnu-tools-for-stm32.10.3-2021.10.win32_1.0.0.202111181127/tools/bin/../lib/gcc/arm-none-eabi/10.3.1/../../../../arm-none-eabi/lib/thumb/v7e-m+fp/hard\libc_nano.a(lib_a-nano-mallocr.o)
[...]
Memory Configuration

Name             Origin             Length             Attributes
CCMRAM           0x0000000010000000 0x0000000000010000 xrw
RAM              0x0000000020000000 0x0000000000030000 xrw
FLASH            0x0000000008000000 0x0000000000200000 xr
*default*        0x0000000000000000 0xffffffffffffffff

Linker script and memory map

LOAD c:/st/stm32cubeide_1.9.0/stm32cubeide/plugins/com.st.stm32cube.ide.mcu.externaltools.gnu-tools-for-stm32.10.3-2021.10.win32_1.0.0.202111181127/tools/bin/../lib/gcc/arm-none-eabi/10.3.1/thumb/v7e-m+fp/hard/crti.o
LOAD c:/st/stm32cubeide_1.9.0/stm32cubeide/plugins/com.st.stm32cube.ide.mcu.externaltools.gnu-tools-for-stm32.10.3-2021.10.win32_1.0.0.202111181127/tools/bin/../lib/gcc/arm-none-eabi/10.3.1/thumb/v7e-m+fp/hard/crtbegin.o
LOAD c:/st/stm32cubeide_1.9.0/stm32cubeide/plugins/com.st.stm32cube.ide.mcu.externaltools.gnu-tools-for-stm32.10.3-2021.10.win32_1.0.0.202111181127/tools/bin/../lib/gcc/arm-none-eabi/10.3.1/../../../../arm-none-eabi/lib/thumb/v7e-m+fp/hard/crt0.o
LOAD ./Drivers/STM32F4xx_HAL_Driver/Src/stm32f4xx_ll_dma.o
LOAD ./Drivers/STM32F4xx_HAL_Driver/Src/stm32f4xx_ll_exti.o
LOAD ./Drivers/STM32F4xx_HAL_Driver/Src/stm32f4xx_ll_gpio.o
LOAD ./Drivers/STM32F4xx_HAL_Driver/Src/stm32f4xx_ll_rcc.o
LOAD ./Drivers/STM32F4xx_HAL_Driver/Src/stm32f4xx_ll_rng.o
LOAD ./Drivers/STM32F4xx_HAL_Driver/Src/stm32f4xx_ll_spi.o
LOAD ./Drivers/STM32F4xx_HAL_Driver/Src/stm32f4xx_ll_utils.o
LOAD ./Middlewares/Third_Party/FreeRTOS/Source/CMSIS_RTOS_V2/cmsis_os2.o
LOAD ./Middlewares/Third_Party/FreeRTOS/Source/croutine.o
LOAD ./Middlewares/Third_Party/FreeRTOS/Source/event_groups.o
LOAD ./Middlewares/Third_Party/FreeRTOS/Source/list.o
LOAD ./Middlewares/Third_Party/FreeRTOS/Source/queue.o
LOAD ./Middlewares/Third_Party/FreeRTOS/Source/stream_buffer.o
LOAD ./Middlewares/Third_Party/FreeRTOS/Source/tasks.o
LOAD ./Middlewares/Third_Party/FreeRTOS/Source/timers.o
LOAD ./Middlewares/Third_Party/FreeRTOS/Source/portable/GCC/ARM_CM4F/port.o
LOAD ./Middlewares/Third_Party/FreeRTOS/Source/portable/MemMang/heap_4.o
LOAD ./Src/bitmaps.o
LOAD ./Src/freertos.o
LOAD ./Src/ll_spi_ili9341.o
LOAD ./Src/main.o
LOAD ./Src/myfunctions.o
LOAD ./Src/reg2.o
LOAD ./Src/stm32f4xx_it.o
LOAD ./Src/syscalls.o
LOAD ./Src/sysmem.o
LOAD ./Src/system_stm32f4xx.o
LOAD ./Startup/startup_stm32f429zitx.o
START GROUP
LOAD c:/st/stm32cubeide_1.9.0/stm32cubeide/plugins/com.st.stm32cube.ide.mcu.externaltools.gnu-tools-for-stm32.10.3-2021.10.win32_1.0.0.202111181127/tools/bin/../lib/gcc/arm-none-eabi/10.3.1/../../../../arm-none-eabi/lib/thumb/v7e-m+fp/hard\libc_nano.a
LOAD c:/st/stm32cubeide_1.9.0/stm32cubeide/plugins/com.st.stm32cube.ide.mcu.externaltools.gnu-tools-for-stm32.10.3-2021.10.win32_1.0.0.202111181127/tools/bin/../lib/gcc/arm-none-eabi/10.3.1/../../../../arm-none-eabi/lib/thumb/v7e-m+fp/hard\libm.a
END GROUP
START GROUP
LOAD c:/st/stm32cubeide_1.9.0/stm32cubeide/plugins/com.st.stm32cube.ide.mcu.externaltools.gnu-tools-for-stm32.10.3-2021.10.win32_1.0.0.202111181127/tools/bin/../lib/gcc/arm-none-eabi/10.3.1/thumb/v7e-m+fp/hard\libgcc.a
LOAD c:/st/stm32cubeide_1.9.0/stm32cubeide/plugins/com.st.stm32cube.ide.mcu.externaltools.gnu-tools-for-stm32.10.3-2021.10.win32_1.0.0.202111181127/tools/bin/../lib/gcc/arm-none-eabi/10.3.1/../../../../arm-none-eabi/lib/thumb/v7e-m+fp/hard\libc_nano.a
END GROUP
START GROUP
LOAD c:/st/stm32cubeide_1.9.0/stm32cubeide/plugins/com.st.stm32cube.ide.mcu.externaltools.gnu-tools-for-stm32.10.3-2021.10.win32_1.0.0.202111181127/tools/bin/../lib/gcc/arm-none-eabi/10.3.1/thumb/v7e-m+fp/hard\libgcc.a
LOAD c:/st/stm32cubeide_1.9.0/stm32cubeide/plugins/com.st.stm32cube.ide.mcu.externaltools.gnu-tools-for-stm32.10.3-2021.10.win32_1.0.0.202111181127/tools/bin/../lib/gcc/arm-none-eabi/10.3.1/../../../../arm-none-eabi/lib/thumb/v7e-m+fp/hard\libc_nano.a
LOAD c:/st/stm32cubeide_1.9.0/stm32cubeide/plugins/com.st.stm32cube.ide.mcu.externaltools.gnu-tools-for-stm32.10.3-2021.10.win32_1.0.0.202111181127/tools/bin/../lib/gcc/arm-none-eabi/10.3.1/../../../../arm-none-eabi/lib/thumb/v7e-m+fp/hard\libnosys.a
END GROUP
START GROUP
LOAD c:/st/stm32cubeide_1.9.0/stm32cubeide/plugins/com.st.stm32cube.ide.mcu.externaltools.gnu-tools-for-stm32.10.3-2021.10.win32_1.0.0.202111181127/tools/bin/../lib/gcc/arm-none-eabi/10.3.1/thumb/v7e-m+fp/hard\libgcc.a
LOAD c:/st/stm32cubeide_1.9.0/stm32cubeide/plugins/com.st.stm32cube.ide.mcu.externaltools.gnu-tools-for-stm32.10.3-2021.10.win32_1.0.0.202111181127/tools/bin/../lib/gcc/arm-none-eabi/10.3.1/../../../../arm-none-eabi/lib/thumb/v7e-m+fp/hard\libc_nano.a
LOAD c:/st/stm32cubeide_1.9.0/stm32cubeide/plugins/com.st.stm32cube.ide.mcu.externaltools.gnu-tools-for-stm32.10.3-2021.10.win32_1.0.0.202111181127/tools/bin/../lib/gcc/arm-none-eabi/10.3.1/../../../../arm-none-eabi/lib/thumb/v7e-m+fp/hard\libnosys.a
END GROUP
LOAD c:/st/stm32cubeide_1.9.0/stm32cubeide/plugins/com.st.stm32cube.ide.mcu.externaltools.gnu-tools-for-stm32.10.3-2021.10.win32_1.0.0.202111181127/tools/bin/../lib/gcc/arm-none-eabi/10.3.1/thumb/v7e-m+fp/hard/crtend.o
LOAD c:/st/stm32cubeide_1.9.0/stm32cubeide/plugins/com.st.stm32cube.ide.mcu.externaltools.gnu-tools-for-stm32.10.3-2021.10.win32_1.0.0.202111181127/tools/bin/../lib/gcc/arm-none-eabi/10.3.1/thumb/v7e-m+fp/hard/crtn.o
                0x0000000020030000                _estack = (ORIGIN (RAM) + LENGTH (RAM))
                0x0000000000000200                _Min_Heap_Size = 0x200
                0x0000000000000400                _Min_Stack_Size = 0x400

.isr_vector     0x0000000020000000      0x1ac
                0x0000000020000000                . = ALIGN (0x4)
 *(.isr_vector)
 .isr_vector    0x0000000020000000      0x1ac ./Startup/startup_stm32f429zitx.o
                0x0000000020000000                g_pfnVectors
                0x00000000200001ac                . = ALIGN (0x4)

.text           0x00000000200001b0     0x5c44
                0x00000000200001b0                . = ALIGN (0x4)
 *(.text)
 .text          0x00000000200001b0       0x40 c:/st/stm32cubeide_1.9.0/stm32cubeide/plugins/com.st.stm32cube.ide.mcu.externaltools.gnu-tools-for-stm32.10.3-2021.10.win32_1.0.0.202111181127/tools/bin/../lib/gcc/arm-none-eabi/10.3.1/thumb/v7e-m+fp/hard/crtbegin.o
 .text          0x00000000200001f0      0x378 c:/st/stm32cubeide_1.9.0/stm32cubeide/plugins/com.st.stm32cube.ide.mcu.externaltools.gnu-tools-for-stm32.10.3-2021.10.win32_1.0.0.202111181127/tools/bin/../lib/gcc/arm-none-eabi/10.3.1/thumb/v7e-m+fp/hard\libgcc.a(_arm_addsubdf3.o)
                0x00000000200001f0                __aeabi_drsub
                0x00000000200001f8                __aeabi_dsub
                0x00000000200001f8                __subdf3
                0x00000000200001fc                __aeabi_dadd
                0x00000000200001fc                __adddf3
                0x0000000020000474                __floatunsidf
                0x0000000020000474                __aeabi_ui2d
                0x0000000020000494                __floatsidf
                0x0000000020000494                __aeabi_i2d
                0x00000000200004b8                __aeabi_f2d
                0x00000000200004b8                __extendsfdf2
                0x00000000200004fc                __floatundidf
                0x00000000200004fc                __aeabi_ul2d
                0x000000002000050c                __floatdidf
                0x000000002000050c                __aeabi_l2d
 .text          0x0000000020000568       0xa0 c:/st/stm32cubeide_1.9.0/stm32cubeide/plugins/com.st.stm32cube.ide.mcu.externaltools.gnu-tools-for-stm32.10.3-2021.10.win32_1.0.0.202111181127/tools/bin/../lib/gcc/arm-none-eabi/10.3.1/thumb/v7e-m+fp/hard\libgcc.a(_arm_truncdfsf2.o)
                0x0000000020000568                __truncdfsf2
                0x0000000020000568                __aeabi_d2f
 *(.text*)
 .text.LL_GPIO_SetPinMode
                0x0000000020000608       0x5e ./Drivers/STM32F4xx_HAL_Driver/Src/stm32f4xx_ll_gpio.o
 .text.LL_GPIO_SetPinOutputType
                0x0000000020000666       0x30 ./Drivers/STM32F4xx_HAL_Driver/Src/stm32f4xx_ll_gpio.o
 .text.LL_GPIO_SetPinSpeed
                0x0000000020000696       0x5e ./Drivers/STM32F4xx_HAL_Driver/Src/stm32f4xx_ll_gpio.o
 .text.LL_GPIO_SetPinPull
                0x00000000200006f4       0x5e ./Drivers/STM32F4xx_HAL_Driver/Src/stm32f4xx_ll_gpio.o
 .text.LL_GPIO_SetAFPin_0_7
                0x0000000020000752       0x5e ./Drivers/STM32F4xx_HAL_Driver/Src/stm32f4xx_ll_gpio.o
 .text.LL_GPIO_SetAFPin_8_15
                0x00000000200007b0       0x62 ./Drivers/STM32F4xx_HAL_Driver/Src/stm32f4xx_ll_gpio.o
 .text.LL_GPIO_Init
                0x0000000020000812       0xe6 ./Drivers/STM32F4xx_HAL_Driver/Src/stm32f4xx_ll_gpio.o
                0x0000000020000812                LL_GPIO_Init
 .text.LL_SPI_IsEnabled
                0x00000000200008f8       0x26 ./Drivers/STM32F4xx_HAL_Driver/Src/stm32f4xx_ll_spi.o
 .text.LL_SPI_SetCRCPolynomial
                0x000000002000091e       0x20 ./Drivers/STM32F4xx_HAL_Driver/Src/stm32f4xx_ll_spi.o
 .text.LL_SPI_Init
                0x000000002000093e       0xa4 ./Drivers/STM32F4xx_HAL_Driver/Src/stm32f4xx_ll_spi.o
                0x000000002000093e                LL_SPI_Init
 *fill*         0x00000000200009e2        0x2 
 .text.LL_InitTick
                0x00000000200009e4       0x34 ./Drivers/STM32F4xx_HAL_Driver/Src/stm32f4xx_ll_utils.o
 .text.LL_Init1msTick
                0x0000000020000a18       0x1a ./Drivers/STM32F4xx_HAL_Driver/Src/stm32f4xx_ll_utils.o
                0x0000000020000a18                LL_Init1msTick
 *fill*         0x0000000020000a32        0x2 
 .text.LL_mDelay
                0x0000000020000a34       0x4c ./Drivers/STM32F4xx_HAL_Driver/Src/stm32f4xx_ll_utils.o
                0x0000000020000a34                LL_mDelay
 .text.LL_SetSystemCoreClock
                0x0000000020000a80       0x20 ./Drivers/STM32F4xx_HAL_Driver/Src/stm32f4xx_ll_utils.o
                0x0000000020000a80                LL_SetSystemCoreClock
 .text.__NVIC_SetPriority
                0x0000000020000aa0       0x54 ./Middlewares/Third_Party/FreeRTOS/Source/CMSIS_RTOS_V2/cmsis_os2.o
 .text.SVC_Setup
                0x0000000020000af4       0x12 ./Middlewares/Third_Party/FreeRTOS/Source/CMSIS_RTOS_V2/cmsis_os2.o
 *fill*         0x0000000020000b06        0x2 
 .text.osKernelInitialize
                0x0000000020000b08       0x48 ./Middlewares/Third_Party/FreeRTOS/Source/CMSIS_RTOS_V2/cmsis_os2.o
                0x0000000020000b08                osKernelInitialize
 .text.osKernelStart
                0x0000000020000b50       0x4c ./Middlewares/Third_Party/FreeRTOS/Source/CMSIS_RTOS_V2/cmsis_os2.o
                0x0000000020000b50                osKernelStart
 .text.osThreadNew
                0x0000000020000b9c      0x124 ./Middlewares/Third_Party/FreeRTOS/Source/CMSIS_RTOS_V2/cmsis_os2.o
                0x0000000020000b9c                osThreadNew
 .text.osDelay  0x0000000020000cc0       0x36 ./Middlewares/Third_Party/FreeRTOS/Source/CMSIS_RTOS_V2/cmsis_os2.o
                0x0000000020000cc0                osDelay
 .text.osSemaphoreNew
                0x0000000020000cf6      0x112 ./Middlewares/Third_Party/FreeRTOS/Source/CMSIS_RTOS_V2/cmsis_os2.o
                0x0000000020000cf6                osSemaphoreNew
 .text.vApplicationGetIdleTaskMemory
                0x0000000020000e08       0x34 ./Middlewares/Third_Party/FreeRTOS/Source/CMSIS_RTOS_V2/cmsis_os2.o
                0x0000000020000e08                vApplicationGetIdleTaskMemory
 .text.vApplicationGetTimerTaskMemory
                0x0000000020000e3c       0x34 ./Middlewares/Third_Party/FreeRTOS/Source/CMSIS_RTOS_V2/cmsis_os2.o
                0x0000000020000e3c                vApplicationGetTimerTaskMemory
 .text.vListInitialise
                0x0000000020000e70       0x40 ./Middlewares/Third_Party/FreeRTOS/Source/list.o
                0x0000000020000e70                vListInitialise
 .text.vListInitialiseItem
                0x0000000020000eb0       0x1a ./Middlewares/Third_Party/FreeRTOS/Source/list.o
                0x0000000020000eb0                vListInitialiseItem
 .text.vListInsertEnd
                0x0000000020000eca       0x48 ./Middlewares/Third_Party/FreeRTOS/Source/list.o
                0x0000000020000eca                vListInsertEnd
 .text.vListInsert
                0x0000000020000f12       0x72 ./Middlewares/Third_Party/FreeRTOS/Source/list.o
                0x0000000020000f12                vListInsert
 .text.uxListRemove
                0x0000000020000f84       0x54 ./Middlewares/Third_Party/FreeRTOS/Source/list.o
                0x0000000020000f84                uxListRemove
 .text.xQueueGenericReset
                0x0000000020000fd8       0xd0 ./Middlewares/Third_Party/FreeRTOS/Source/queue.o
                0x0000000020000fd8                xQueueGenericReset
 .text.xQueueGenericCreateStatic
                0x00000000200010a8       0xf0 ./Middlewares/Third_Party/FreeRTOS/Source/queue.o
                0x00000000200010a8                xQueueGenericCreateStatic
 .text.xQueueGenericCreate
                0x0000000020001198       0x74 ./Middlewares/Third_Party/FreeRTOS/Source/queue.o
                0x0000000020001198                xQueueGenericCreate
 .text.prvInitialiseNewQueue
                0x000000002000120c       0x46 ./Middlewares/Third_Party/FreeRTOS/Source/queue.o
 .text.xQueueCreateCountingSemaphoreStatic
                0x0000000020001252       0x6e ./Middlewares/Third_Party/FreeRTOS/Source/queue.o
                0x0000000020001252                xQueueCreateCountingSemaphoreStatic
 .text.xQueueCreateCountingSemaphore
                0x00000000200012c0       0x66 ./Middlewares/Third_Party/FreeRTOS/Source/queue.o
                0x00000000200012c0                xQueueCreateCountingSemaphore
 *fill*         0x0000000020001326        0x2 
 .text.xQueueGenericSend
                0x0000000020001328      0x1fc ./Middlewares/Third_Party/FreeRTOS/Source/queue.o
                0x0000000020001328                xQueueGenericSend
 .text.xQueueGenericSendFromISR
                0x0000000020001524      0x136 ./Middlewares/Third_Party/FreeRTOS/Source/queue.o
                0x0000000020001524                xQueueGenericSendFromISR
 *fill*         0x000000002000165a        0x2 
 .text.xQueueReceive
                0x000000002000165c      0x1c0 ./Middlewares/Third_Party/FreeRTOS/Source/queue.o
                0x000000002000165c                xQueueReceive
 .text.vQueueDelete
                0x000000002000181c       0x46 ./Middlewares/Third_Party/FreeRTOS/Source/queue.o
                0x000000002000181c                vQueueDelete
 .text.prvCopyDataToQueue
                0x0000000020001862       0xd4 ./Middlewares/Third_Party/FreeRTOS/Source/queue.o
 .text.prvCopyDataFromQueue
                0x0000000020001936       0x4c ./Middlewares/Third_Party/FreeRTOS/Source/queue.o
 .text.prvUnlockQueue
                0x0000000020001982       0xa4 ./Middlewares/Third_Party/FreeRTOS/Source/queue.o
 .text.prvIsQueueEmpty
                0x0000000020001a26       0x2c ./Middlewares/Third_Party/FreeRTOS/Source/queue.o
 .text.prvIsQueueFull
                0x0000000020001a52       0x30 ./Middlewares/Third_Party/FreeRTOS/Source/queue.o
 *fill*         0x0000000020001a82        0x2 
 .text.vQueueAddToRegistry
                0x0000000020001a84       0x54 ./Middlewares/Third_Party/FreeRTOS/Source/queue.o
                0x0000000020001a84                vQueueAddToRegistry
 .text.vQueueUnregisterQueue
                0x0000000020001ad8       0x54 ./Middlewares/Third_Party/FreeRTOS/Source/queue.o
                0x0000000020001ad8                vQueueUnregisterQueue
 .text.vQueueWaitForMessageRestricted
                0x0000000020001b2c       0x68 ./Middlewares/Third_Party/FreeRTOS/Source/queue.o
                0x0000000020001b2c                vQueueWaitForMessageRestricted
 .text.xTaskCreateStatic
                0x0000000020001b94       0xba ./Middlewares/Third_Party/FreeRTOS/Source/tasks.o
                0x0000000020001b94                xTaskCreateStatic
 .text.xTaskCreate
                0x0000000020001c4e       0x8a ./Middlewares/Third_Party/FreeRTOS/Source/tasks.o
                0x0000000020001c4e                xTaskCreate
 .text.prvInitialiseNewTask
                0x0000000020001cd8      0x14c ./Middlewares/Third_Party/FreeRTOS/Source/tasks.o
 .text.prvAddNewTaskToReadyList
                0x0000000020001e24       0xe0 ./Middlewares/Third_Party/FreeRTOS/Source/tasks.o
 .text.vTaskDelay
                0x0000000020001f04       0x68 ./Middlewares/Third_Party/FreeRTOS/Source/tasks.o
                0x0000000020001f04                vTaskDelay
 .text.vTaskStartScheduler
                0x0000000020001f6c       0xe0 ./Middlewares/Third_Party/FreeRTOS/Source/tasks.o
                0x0000000020001f6c                vTaskStartScheduler
 .text.vTaskSuspendAll
                0x000000002000204c       0x1c ./Middlewares/Third_Party/FreeRTOS/Source/tasks.o
                0x000000002000204c                vTaskSuspendAll
 .text.xTaskResumeAll
                0x0000000020002068      0x13c ./Middlewares/Third_Party/FreeRTOS/Source/tasks.o
                0x0000000020002068                xTaskResumeAll
 .text.xTaskGetTickCount
                0x00000000200021a4       0x20 ./Middlewares/Third_Party/FreeRTOS/Source/tasks.o
                0x00000000200021a4                xTaskGetTickCount
 .text.xTaskIncrementTick
                0x00000000200021c4      0x174 ./Middlewares/Third_Party/FreeRTOS/Source/tasks.o
                0x00000000200021c4                xTaskIncrementTick
 .text.vTaskSwitchContext
                0x0000000020002338       0xc8 ./Middlewares/Third_Party/FreeRTOS/Source/tasks.o
                0x0000000020002338                vTaskSwitchContext
 .text.vTaskPlaceOnEventList
                0x0000000020002400       0x48 ./Middlewares/Third_Party/FreeRTOS/Source/tasks.o
                0x0000000020002400                vTaskPlaceOnEventList
 .text.vTaskPlaceOnEventListRestricted
                0x0000000020002448       0x58 ./Middlewares/Third_Party/FreeRTOS/Source/tasks.o
                0x0000000020002448                vTaskPlaceOnEventListRestricted
 .text.xTaskRemoveFromEventList
                0x00000000200024a0       0xc8 ./Middlewares/Third_Party/FreeRTOS/Source/tasks.o
                0x00000000200024a0                xTaskRemoveFromEventList
 .text.vTaskInternalSetTimeOutState
                0x0000000020002568       0x2c ./Middlewares/Third_Party/FreeRTOS/Source/tasks.o
                0x0000000020002568                vTaskInternalSetTimeOutState
 .text.xTaskCheckForTimeOut
                0x0000000020002594       0xc4 ./Middlewares/Third_Party/FreeRTOS/Source/tasks.o
                0x0000000020002594                xTaskCheckForTimeOut
 .text.vTaskMissedYield
                0x0000000020002658       0x18 ./Middlewares/Third_Party/FreeRTOS/Source/tasks.o
                0x0000000020002658                vTaskMissedYield
 .text.prvIdleTask
                0x0000000020002670       0x30 ./Middlewares/Third_Party/FreeRTOS/Source/tasks.o
 .text.prvInitialiseTaskLists
                0x00000000200026a0       0x80 ./Middlewares/Third_Party/FreeRTOS/Source/tasks.o
 .text.prvCheckTasksWaitingTermination
                0x0000000020002720       0x5c ./Middlewares/Third_Party/FreeRTOS/Source/tasks.o
 .text.prvDeleteTCB
                0x000000002000277c       0x68 ./Middlewares/Third_Party/FreeRTOS/Source/tasks.o
 .text.prvResetNextTaskUnblockTime
                0x00000000200027e4       0x40 ./Middlewares/Third_Party/FreeRTOS/Source/tasks.o
 .text.xTaskGetSchedulerState
                0x0000000020002824       0x3c ./Middlewares/Third_Party/FreeRTOS/Source/tasks.o
                0x0000000020002824                xTaskGetSchedulerState
 .text.xTaskPriorityDisinherit
                0x0000000020002860       0xdc ./Middlewares/Third_Party/FreeRTOS/Source/tasks.o
                0x0000000020002860                xTaskPriorityDisinherit
 .text.prvAddCurrentTaskToDelayedList
                0x000000002000293c       0xa8 ./Middlewares/Third_Party/FreeRTOS/Source/tasks.o
 .text.xTimerCreateTimerTask
                0x00000000200029e4       0x90 ./Middlewares/Third_Party/FreeRTOS/Source/timers.o
                0x00000000200029e4                xTimerCreateTimerTask
 .text.xTimerGenericCommand
                0x0000000020002a74       0x9c ./Middlewares/Third_Party/FreeRTOS/Source/timers.o
                0x0000000020002a74                xTimerGenericCommand
 .text.prvProcessExpiredTimer
                0x0000000020002b10       0x98 ./Middlewares/Third_Party/FreeRTOS/Source/timers.o
 .text.prvTimerTask
                0x0000000020002ba8       0x24 ./Middlewares/Third_Party/FreeRTOS/Source/timers.o
 .text.prvProcessTimerOrBlockTask
                0x0000000020002bcc       0x9c ./Middlewares/Third_Party/FreeRTOS/Source/timers.o
 .text.prvGetNextExpireTime
                0x0000000020002c68       0x48 ./Middlewares/Third_Party/FreeRTOS/Source/timers.o
 .text.prvSampleTimeNow
                0x0000000020002cb0       0x40 ./Middlewares/Third_Party/FreeRTOS/Source/timers.o
 .text.prvInsertTimerInActiveList
                0x0000000020002cf0       0x84 ./Middlewares/Third_Party/FreeRTOS/Source/timers.o
 .text.prvProcessReceivedCommands
                0x0000000020002d74      0x1c4 ./Middlewares/Third_Party/FreeRTOS/Source/timers.o
 .text.prvSwitchTimerLists
                0x0000000020002f38       0xc8 ./Middlewares/Third_Party/FreeRTOS/Source/timers.o
 .text.prvCheckForValidListAndQueue
                0x0000000020003000       0x80 ./Middlewares/Third_Party/FreeRTOS/Source/timers.o
 .text.pxPortInitialiseStack
                0x0000000020003080       0x68 ./Middlewares/Third_Party/FreeRTOS/Source/portable/GCC/ARM_CM4F/port.o
                0x0000000020003080                pxPortInitialiseStack
 .text.prvTaskExitError
                0x00000000200030e8       0x58 ./Middlewares/Third_Party/FreeRTOS/Source/portable/GCC/ARM_CM4F/port.o
 .text.SVC_Handler
                0x0000000020003140       0x28 ./Middlewares/Third_Party/FreeRTOS/Source/portable/GCC/ARM_CM4F/port.o
                0x0000000020003140                SVC_Handler
 .text.prvPortStartFirstTask
                0x0000000020003168       0x28 ./Middlewares/Third_Party/FreeRTOS/Source/portable/GCC/ARM_CM4F/port.o
 .text.xPortStartScheduler
                0x0000000020003190      0x144 ./Middlewares/Third_Party/FreeRTOS/Source/portable/GCC/ARM_CM4F/port.o
                0x0000000020003190                xPortStartScheduler
 .text.vPortEnterCritical
                0x00000000200032d4       0x60 ./Middlewares/Third_Party/FreeRTOS/Source/portable/GCC/ARM_CM4F/port.o
                0x00000000200032d4                vPortEnterCritical
 .text.vPortExitCritical
                0x0000000020003334       0x54 ./Middlewares/Third_Party/FreeRTOS/Source/portable/GCC/ARM_CM4F/port.o
                0x0000000020003334                vPortExitCritical
 *fill*         0x0000000020003388        0x8 
 .text.PendSV_Handler
                0x0000000020003390       0x68 ./Middlewares/Third_Party/FreeRTOS/Source/portable/GCC/ARM_CM4F/port.o
                0x0000000020003390                PendSV_Handler
 .text.xPortSysTickHandler
                0x00000000200033f8       0x44 ./Middlewares/Third_Party/FreeRTOS/Source/portable/GCC/ARM_CM4F/port.o
                0x00000000200033f8                xPortSysTickHandler
 .text.vPortSetupTimerInterrupt
                0x000000002000343c       0x48 ./Middlewares/Third_Party/FreeRTOS/Source/portable/GCC/ARM_CM4F/port.o
                0x000000002000343c                vPortSetupTimerInterrupt
 .text.vPortEnableVFP
                0x0000000020003484       0x14 ./Middlewares/Third_Party/FreeRTOS/Source/portable/GCC/ARM_CM4F/port.o
 .text.vPortValidateInterruptPriority
                0x0000000020003498       0x80 ./Middlewares/Third_Party/FreeRTOS/Source/portable/GCC/ARM_CM4F/port.o
                0x0000000020003498                vPortValidateInterruptPriority
 .text.pvPortMalloc
                0x0000000020003518      0x198 ./Middlewares/Third_Party/FreeRTOS/Source/portable/MemMang/heap_4.o
                0x0000000020003518                pvPortMalloc
 .text.vPortFree
                0x00000000200036b0       0xc4 ./Middlewares/Third_Party/FreeRTOS/Source/portable/MemMang/heap_4.o
                0x00000000200036b0                vPortFree
 .text.prvHeapInit
                0x0000000020003774       0xc4 ./Middlewares/Third_Party/FreeRTOS/Source/portable/MemMang/heap_4.o
 .text.prvInsertBlockIntoFreeList
                0x0000000020003838       0xb4 ./Middlewares/Third_Party/FreeRTOS/Source/portable/MemMang/heap_4.o
 .text.LL_GPIO_SetOutputPin
                0x00000000200038ec       0x1c ./Src/ll_spi_ili9341.o
 .text.LL_GPIO_ResetOutputPin
                0x0000000020003908       0x1e ./Src/ll_spi_ili9341.o
 .text.LL_SPI_IsActiveFlag_RXNE
                0x0000000020003926       0x26 ./Src/ll_spi_ili9341.o
 .text.LL_SPI_IsActiveFlag_TXE
                0x000000002000394c       0x26 ./Src/ll_spi_ili9341.o
 .text.LL_SPI_DMA_GetRegAddr
                0x0000000020003972       0x18 ./Src/ll_spi_ili9341.o
 .text.LL_SPI_ReceiveData8
                0x000000002000398a       0x1c ./Src/ll_spi_ili9341.o
 .text.LL_SPI_TransmitData8
                0x00000000200039a6       0x24 ./Src/ll_spi_ili9341.o
 *fill*         0x00000000200039ca        0x2 
 .text.LL_DMA_EnableStream
                0x00000000200039cc       0x40 ./Src/ll_spi_ili9341.o
 .text.LL_DMA_DisableStream
                0x0000000020003a0c       0x40 ./Src/ll_spi_ili9341.o
 .text.LL_DMA_GetDataTransferDirection
                0x0000000020003a4c       0x30 ./Src/ll_spi_ili9341.o
 .text.LL_DMA_SetDataLength
                0x0000000020003a7c       0x48 ./Src/ll_spi_ili9341.o
 .text.LL_DMA_ConfigAddresses
                0x0000000020003ac4       0x78 ./Src/ll_spi_ili9341.o
 .text.TFTDisplay_ILI9341_Initialization
                0x0000000020003b3c       0xac ./Src/ll_spi_ili9341.o
                0x0000000020003b3c                TFTDisplay_ILI9341_Initialization
 .text.TFTDisplay_ILI9341_DrawPixel
                0x0000000020003be8       0x8c ./Src/ll_spi_ili9341.o
                0x0000000020003be8                TFTDisplay_ILI9341_DrawPixel
 .text.TFTDisplay_ILI9341_DrawLine
                0x0000000020003c74      0x12c ./Src/ll_spi_ili9341.o
                0x0000000020003c74                TFTDisplay_ILI9341_DrawLine
 .text.TFTDisplay_ILI9341_DrawChar
                0x0000000020003da0      0x1fc ./Src/ll_spi_ili9341.o
                0x0000000020003da0                TFTDisplay_ILI9341_DrawChar
 .text.TFTDisplay_ILI9341_SetRotation
                0x0000000020003f9c       0xc0 ./Src/ll_spi_ili9341.o
                0x0000000020003f9c                TFTDisplay_ILI9341_SetRotation
 .text.tftDisplay_ILI9341_SendCommand
                0x000000002000405c       0x9c ./Src/ll_spi_ili9341.o
 .text.tftDisplay_ILI9341_SendData
                0x00000000200040f8       0x64 ./Src/ll_spi_ili9341.o
 .text.tftDisplay_ILI9341_SendSingleData
                0x000000002000415c       0x98 ./Src/ll_spi_ili9341.o
 .text.tftDisplay_ILI9341_WriteMultipleData
                0x00000000200041f4       0xa0 ./Src/ll_spi_ili9341.o
 .text.tftDisplay_ILI9341_Reset
                0x0000000020004294       0x28 ./Src/ll_spi_ili9341.o
 .text.tftDisplay_ILI9341_FontsInitialization
                0x00000000200042bc       0x78 ./Src/ll_spi_ili9341.o
 .text.tftDisplay_ILI9341_SetAddrWindow
                0x0000000020004334       0xa0 ./Src/ll_spi_ili9341.o
 .text.tftDisplay_ILI9341_Init_PowerControl_A
                0x00000000200043d4       0x3c ./Src/ll_spi_ili9341.o
 .text.tftDisplay_ILI9341_Init_PowerControl_B
                0x0000000020004410       0x30 ./Src/ll_spi_ili9341.o
 .text.tftDisplay_ILI9341_Init_DriverTimingControl_A
                0x0000000020004440       0x30 ./Src/ll_spi_ili9341.o
 .text.tftDisplay_ILI9341_Init_DriverTimingControl_B
                0x0000000020004470       0x28 ./Src/ll_spi_ili9341.o
 .text.tftDisplay_ILI9341_Init_PowerSequenceControl
                0x0000000020004498       0x34 ./Src/ll_spi_ili9341.o
 .text.tftDisplay_ILI9341_Init_PumpRatioControl
                0x00000000200044cc       0x20 ./Src/ll_spi_ili9341.o
 .text.tftDisplay_ILI9341_Init_PowerControlVRH
                0x00000000200044ec       0x20 ./Src/ll_spi_ili9341.o
 .text.tftDisplay_ILI9341_Init_PowerControlSAP
                0x000000002000450c       0x20 ./Src/ll_spi_ili9341.o
 .text.tftDisplay_ILI9341_Init_VCOMControl_1
                0x000000002000452c       0x28 ./Src/ll_spi_ili9341.o
 .text.tftDisplay_ILI9341_Init_VCOMControl_2
                0x0000000020004554       0x20 ./Src/ll_spi_ili9341.o
 .text.tftDisplay_ILI9341_Init_MemmoryAccessControl
                0x0000000020004574       0x20 ./Src/ll_spi_ili9341.o
 .text.tftDisplay_ILI9341_Init_PixelFormatSet
                0x0000000020004594       0x20 ./Src/ll_spi_ili9341.o
 .text.tftDisplay_ILI9341_Init_FrameRationControl
                0x00000000200045b4       0x28 ./Src/ll_spi_ili9341.o
 .text.tftDisplay_ILI9341_Init_DisplayFunctionControl
                0x00000000200045dc       0x20 ./Src/ll_spi_ili9341.o
 .text.tftDisplay_ILI9341_Init_GammaSet
                0x00000000200045fc       0x20 ./Src/ll_spi_ili9341.o
 .text.tftDisplay_ILI9341_Init_PositiveGammaCorection
                0x000000002000461c       0x78 ./Src/ll_spi_ili9341.o
 .text.tftDisplay_ILI9341_Init_NegativeGammaCorection
                0x0000000020004694       0x78 ./Src/ll_spi_ili9341.o
 .text.__NVIC_SetPriorityGrouping
                0x000000002000470c       0x48 ./Src/main.o
 .text.__NVIC_GetPriorityGrouping
                0x0000000020004754       0x1c ./Src/main.o
 .text.__NVIC_EnableIRQ
                0x0000000020004770       0x3c ./Src/main.o
 .text.__NVIC_SetPriority
                0x00000000200047ac       0x54 ./Src/main.o
 .text.NVIC_EncodePriority
                0x0000000020004800       0x66 ./Src/main.o
 *fill*         0x0000000020004866        0x2 
 .text.LL_DMA_DisableStream
                0x0000000020004868       0x40 ./Src/main.o
 .text.LL_DMA_SetDataTransferDirection
                0x00000000200048a8       0x48 ./Src/main.o
 .text.LL_DMA_SetMode
                0x00000000200048f0       0x48 ./Src/main.o
 .text.LL_DMA_SetPeriphIncMode
                0x0000000020004938       0x48 ./Src/main.o
 .text.LL_DMA_SetMemoryIncMode
                0x0000000020004980       0x48 ./Src/main.o
 .text.LL_DMA_SetPeriphSize
                0x00000000200049c8       0x48 ./Src/main.o
 .text.LL_DMA_SetMemorySize
                0x0000000020004a10       0x48 ./Src/main.o
 .text.LL_DMA_SetStreamPriorityLevel
                0x0000000020004a58       0x48 ./Src/main.o
 .text.LL_DMA_SetChannelSelection
                0x0000000020004aa0       0x48 ./Src/main.o
 .text.LL_DMA_DisableFifoMode
                0x0000000020004ae8       0x40 ./Src/main.o
 .text.LL_DMA_ClearFlag_TC4
                0x0000000020004b28       0x1a ./Src/main.o
 .text.LL_DMA_ClearFlag_TE4
                0x0000000020004b42       0x1a ./Src/main.o
 .text.LL_DMA_EnableIT_TE
                0x0000000020004b5c       0x40 ./Src/main.o
 .text.LL_DMA_EnableIT_TC
                0x0000000020004b9c       0x40 ./Src/main.o
 .text.LL_RCC_HSE_Enable
                0x0000000020004bdc       0x20 ./Src/main.o
 .text.LL_RCC_HSE_IsReady
                0x0000000020004bfc       0x28 ./Src/main.o
 .text.LL_RCC_SetSysClkSource
                0x0000000020004c24       0x28 ./Src/main.o
 .text.LL_RCC_GetSysClkSource
                0x0000000020004c4c       0x1c ./Src/main.o
 .text.LL_RCC_SetAHBPrescaler
                0x0000000020004c68       0x28 ./Src/main.o
 .text.LL_RCC_SetAPB1Prescaler
                0x0000000020004c90       0x28 ./Src/main.o
 .text.LL_RCC_SetAPB2Prescaler
                0x0000000020004cb8       0x28 ./Src/main.o
 .text.LL_RCC_SetTIMPrescaler
                0x0000000020004ce0       0x2c ./Src/main.o
 .text.LL_RCC_PLL_Enable
                0x0000000020004d0c       0x20 ./Src/main.o
 .text.LL_RCC_PLL_IsReady
                0x0000000020004d2c       0x28 ./Src/main.o
 .text.LL_RCC_PLL_ConfigDomain_SYS
                0x0000000020004d54       0x4c ./Src/main.o
 .text.LL_RCC_PLL_ConfigDomain_48M
                0x0000000020004da0       0x40 ./Src/main.o
 .text.LL_AHB1_GRP1_EnableClock
                0x0000000020004de0       0x30 ./Src/main.o
 .text.LL_AHB2_GRP1_EnableClock
                0x0000000020004e10       0x30 ./Src/main.o
 .text.LL_APB1_GRP1_EnableClock
                0x0000000020004e40       0x30 ./Src/main.o
 .text.LL_APB2_GRP1_EnableClock
                0x0000000020004e70       0x30 ./Src/main.o
 .text.LL_FLASH_SetLatency
                0x0000000020004ea0       0x28 ./Src/main.o
 .text.LL_FLASH_GetLatency
                0x0000000020004ec8       0x1c ./Src/main.o
 .text.LL_PWR_EnableOverDriveMode
                0x0000000020004ee4       0x20 ./Src/main.o
 .text.LL_PWR_SetRegulVoltageScaling
                0x0000000020004f04       0x28 ./Src/main.o
 .text.LL_RNG_Enable
                0x0000000020004f2c       0x20 ./Src/main.o
 .text.LL_SPI_Enable
                0x0000000020004f4c       0x20 ./Src/main.o
 .text.LL_SPI_SetStandard
                0x0000000020004f6c       0x26 ./Src/main.o
 .text.LL_SPI_EnableDMAReq_TX
                0x0000000020004f92       0x20 ./Src/main.o
 .text.LL_GPIO_SetOutputPin
                0x0000000020004fb2       0x1c ./Src/main.o
 .text.LL_GPIO_ResetOutputPin
                0x0000000020004fce       0x1e ./Src/main.o
 .text.main     0x0000000020004fec      0x124 ./Src/main.o
                0x0000000020004fec                main
 .text.SystemClock_Config
                0x0000000020005110       0xa4 ./Src/main.o
                0x0000000020005110                SystemClock_Config
 .text.MX_RNG_Init
                0x00000000200051b4       0x18 ./Src/main.o
 .text.MX_SPI5_Init
                0x00000000200051cc      0x108 ./Src/main.o
 .text.MX_DMA_Init
                0x00000000200052d4       0x30 ./Src/main.o
 .text.MX_GPIO_Init
                0x0000000020005304       0xfc ./Src/main.o
 .text.DMA1_Stream4_TransferComplete
                0x0000000020005400       0x44 ./Src/main.o
                0x0000000020005400                DMA1_Stream4_TransferComplete
 .text.StartLCDTask
                0x0000000020005444       0xc4 ./Src/main.o
                0x0000000020005444                StartLCDTask
 .text.StartTask04
                0x0000000020005508       0xc0 ./Src/main.o
                0x0000000020005508                StartTask04
 .text.StartTask05
                0x00000000200055c8       0xe0 ./Src/main.o
                0x00000000200055c8                StartTask05
 .text.Draw_info
                0x00000000200056a8      0x194 ./Src/myfunctions.o
                0x00000000200056a8                Draw_info
 .text.Draw_image
                0x000000002000583c       0x5e ./Src/myfunctions.o
                0x000000002000583c                Draw_image
 .text.PID_s_init
                0x000000002000589a       0x4c ./Src/reg2.o
                0x000000002000589a                PID_s_init
 .text.Reg_s_step
                0x00000000200058e6       0xdc ./Src/reg2.o
                0x00000000200058e6                Reg_s_step
 .text.Inercja_s_init
                0x00000000200059c2       0x3a ./Src/reg2.o
                0x00000000200059c2                Inercja_s_init
 .text.Inercja_s_step
                0x00000000200059fc       0x82 ./Src/reg2.o
                0x00000000200059fc                Inercja_s_step
 .text.LL_DMA_IsActiveFlag_TC4
                0x0000000020005a7e       0x26 ./Src/stm32f4xx_it.o
 .text.LL_DMA_IsActiveFlag_TE4
                0x0000000020005aa4       0x26 ./Src/stm32f4xx_it.o
 .text.LL_DMA_ClearFlag_TE4
                0x0000000020005aca       0x1a ./Src/stm32f4xx_it.o
 .text.NMI_Handler
                0x0000000020005ae4        0xe ./Src/stm32f4xx_it.o
                0x0000000020005ae4                NMI_Handler
 .text.HardFault_Handler
                0x0000000020005af2        0x6 ./Src/stm32f4xx_it.o
                0x0000000020005af2                HardFault_Handler
 .text.MemManage_Handler
                0x0000000020005af8        0x6 ./Src/stm32f4xx_it.o
                0x0000000020005af8                MemManage_Handler
 .text.BusFault_Handler
                0x0000000020005afe        0x6 ./Src/stm32f4xx_it.o
                0x0000000020005afe                BusFault_Handler
 .text.UsageFault_Handler
                0x0000000020005b04        0x6 ./Src/stm32f4xx_it.o
                0x0000000020005b04                UsageFault_Handler
 .text.DebugMon_Handler
                0x0000000020005b0a        0xe ./Src/stm32f4xx_it.o
                0x0000000020005b0a                DebugMon_Handler
 .text.SysTick_Handler
                0x0000000020005b18       0x16 ./Src/stm32f4xx_it.o
                0x0000000020005b18                SysTick_Handler
 *fill*         0x0000000020005b2e        0x2 
 .text.DMA2_Stream4_IRQHandler
                0x0000000020005b30       0x30 ./Src/stm32f4xx_it.o
                0x0000000020005b30                DMA2_Stream4_IRQHandler
 .text.SystemInit
                0x0000000020005b60       0x2c ./Src/system_stm32f4xx.o
                0x0000000020005b60                SystemInit
 .text.Reset_Handler
                0x0000000020005b8c       0x50 ./Startup/startup_stm32f429zitx.o
                0x0000000020005b8c                Reset_Handler
 .text.Default_Handler
                0x0000000020005bdc        0x2 ./Startup/startup_stm32f429zitx.o
                0x0000000020005bdc                RTC_Alarm_IRQHandler
                0x0000000020005bdc                HASH_RNG_IRQHandler
                0x0000000020005bdc                EXTI2_IRQHandler
                0x0000000020005bdc                TIM8_CC_IRQHandler
                0x0000000020005bdc                UART8_IRQHandler
                0x0000000020005bdc                SPI4_IRQHandler
                0x0000000020005bdc                TIM1_CC_IRQHandler
                0x0000000020005bdc                DMA2_Stream5_IRQHandler
                0x0000000020005bdc                DMA1_Stream5_IRQHandler
                0x0000000020005bdc                PVD_IRQHandler
                0x0000000020005bdc                SDIO_IRQHandler
                0x0000000020005bdc                TAMP_STAMP_IRQHandler
                0x0000000020005bdc                CAN2_RX1_IRQHandler
                0x0000000020005bdc                EXTI3_IRQHandler
                0x0000000020005bdc                TIM8_TRG_COM_TIM14_IRQHandler
                0x0000000020005bdc                TIM1_UP_TIM10_IRQHandler
                0x0000000020005bdc                TIM8_UP_TIM13_IRQHandler
                0x0000000020005bdc                I2C3_ER_IRQHandler
                0x0000000020005bdc                EXTI0_IRQHandler
                0x0000000020005bdc                I2C2_EV_IRQHandler
                0x0000000020005bdc                DMA1_Stream2_IRQHandler
                0x0000000020005bdc                CAN1_RX0_IRQHandler
                0x0000000020005bdc                FPU_IRQHandler
                0x0000000020005bdc                OTG_HS_WKUP_IRQHandler
                0x0000000020005bdc                LTDC_ER_IRQHandler
                0x0000000020005bdc                CAN2_SCE_IRQHandler
                0x0000000020005bdc                DMA2_Stream2_IRQHandler
                0x0000000020005bdc                SPI1_IRQHandler
                0x0000000020005bdc                TIM6_DAC_IRQHandler
                0x0000000020005bdc                TIM1_BRK_TIM9_IRQHandler
                0x0000000020005bdc                DCMI_IRQHandler
                0x0000000020005bdc                CAN2_RX0_IRQHandler
                0x0000000020005bdc                DMA2_Stream3_IRQHandler
                0x0000000020005bdc                USART6_IRQHandler
                0x0000000020005bdc                USART3_IRQHandler
                0x0000000020005bdc                CAN1_RX1_IRQHandler
                0x0000000020005bdc                UART5_IRQHandler
                0x0000000020005bdc                DMA2_Stream0_IRQHandler
                0x0000000020005bdc                TIM4_IRQHandler
                0x0000000020005bdc                I2C1_EV_IRQHandler
                0x0000000020005bdc                DMA1_Stream6_IRQHandler
                0x0000000020005bdc                DMA1_Stream1_IRQHandler
                0x0000000020005bdc                UART4_IRQHandler
                0x0000000020005bdc                TIM3_IRQHandler
                0x0000000020005bdc                RCC_IRQHandler
                0x0000000020005bdc                TIM8_BRK_TIM12_IRQHandler
                0x0000000020005bdc                Default_Handler
                0x0000000020005bdc                EXTI15_10_IRQHandler
                0x0000000020005bdc                ADC_IRQHandler
                0x0000000020005bdc                DMA1_Stream7_IRQHandler
                0x0000000020005bdc                SPI5_IRQHandler
                0x0000000020005bdc                TIM7_IRQHandler
                0x0000000020005bdc                CAN2_TX_IRQHandler
                0x0000000020005bdc                TIM5_IRQHandler
                0x0000000020005bdc                DMA2_Stream7_IRQHandler
                0x0000000020005bdc                I2C3_EV_IRQHandler
                0x0000000020005bdc                EXTI9_5_IRQHandler
                0x0000000020005bdc                RTC_WKUP_IRQHandler
                0x0000000020005bdc                LTDC_IRQHandler
                0x0000000020005bdc                ETH_WKUP_IRQHandler
                0x0000000020005bdc                SPI2_IRQHandler
                0x0000000020005bdc                OTG_HS_EP1_IN_IRQHandler
                0x0000000020005bdc                DMA1_Stream0_IRQHandler
                0x0000000020005bdc                CAN1_TX_IRQHandler
                0x0000000020005bdc                EXTI4_IRQHandler
                0x0000000020005bdc                ETH_IRQHandler
                0x0000000020005bdc                OTG_HS_EP1_OUT_IRQHandler
                0x0000000020005bdc                WWDG_IRQHandler
                0x0000000020005bdc                SPI6_IRQHandler
                0x0000000020005bdc                TIM2_IRQHandler
                0x0000000020005bdc                OTG_FS_WKUP_IRQHandler
                0x0000000020005bdc                TIM1_TRG_COM_TIM11_IRQHandler
                0x0000000020005bdc                OTG_HS_IRQHandler
                0x0000000020005bdc                DMA2D_IRQHandler
                0x0000000020005bdc                EXTI1_IRQHandler
                0x0000000020005bdc                UART7_IRQHandler
                0x0000000020005bdc                USART2_IRQHandler
                0x0000000020005bdc                I2C2_ER_IRQHandler
                0x0000000020005bdc                DMA2_Stream1_IRQHandler
                0x0000000020005bdc                CAN1_SCE_IRQHandler
                0x0000000020005bdc                FLASH_IRQHandler
                0x0000000020005bdc                USART1_IRQHandler
                0x0000000020005bdc                OTG_FS_IRQHandler
                0x0000000020005bdc                SPI3_IRQHandler
                0x0000000020005bdc                DMA1_Stream4_IRQHandler
                0x0000000020005bdc                I2C1_ER_IRQHandler
                0x0000000020005bdc                FMC_IRQHandler
                0x0000000020005bdc                DMA2_Stream6_IRQHandler
                0x0000000020005bdc                SAI1_IRQHandler
                0x0000000020005bdc                DMA1_Stream3_IRQHandler
 *fill*         0x0000000020005bde        0x2 
 .text.__libc_init_array
                0x0000000020005be0       0x48 c:/st/stm32cubeide_1.9.0/stm32cubeide/plugins/com.st.stm32cube.ide.mcu.externaltools.gnu-tools-for-stm32.10.3-2021.10.win32_1.0.0.202111181127/tools/bin/../lib/gcc/arm-none-eabi/10.3.1/../../../../arm-none-eabi/lib/thumb/v7e-m+fp/hard\libc_nano.a(lib_a-init.o)
                0x0000000020005be0                __libc_init_array
 .text.__retarget_lock_acquire_recursive
                0x0000000020005c28        0x2 c:/st/stm32cubeide_1.9.0/stm32cubeide/plugins/com.st.stm32cube.ide.mcu.externaltools.gnu-tools-for-stm32.10.3-2021.10.win32_1.0.0.202111181127/tools/bin/../lib/gcc/arm-none-eabi/10.3.1/../../../../arm-none-eabi/lib/thumb/v7e-m+fp/hard\libc_nano.a(lib_a-lock.o)
                0x0000000020005c28                __retarget_lock_acquire_recursive
 .text.__retarget_lock_release_recursive
                0x0000000020005c2a        0x2 c:/st/stm32cubeide_1.9.0/stm32cubeide/plugins/com.st.stm32cube.ide.mcu.externaltools.gnu-tools-for-stm32.10.3-2021.10.win32_1.0.0.202111181127/tools/bin/../lib/gcc/arm-none-eabi/10.3.1/../../../../arm-none-eabi/lib/thumb/v7e-m+fp/hard\libc_nano.a(lib_a-lock.o)
                0x0000000020005c2a                __retarget_lock_release_recursive
 .text.memcpy   0x0000000020005c2c       0x1c c:/st/stm32cubeide_1.9.0/stm32cubeide/plugins/com.st.stm32cube.ide.mcu.externaltools.gnu-tools-for-stm32.10.3-2021.10.win32_1.0.0.202111181127/tools/bin/../lib/gcc/arm-none-eabi/10.3.1/../../../../arm-none-eabi/lib/thumb/v7e-m+fp/hard\libc_nano.a(lib_a-memcpy-stub.o)
                0x0000000020005c2c                memcpy
 .text.memset   0x0000000020005c48       0x10 c:/st/stm32cubeide_1.9.0/stm32cubeide/plugins/com.st.stm32cube.ide.mcu.externaltools.gnu-tools-for-stm32.10.3-2021.10.win32_1.0.0.202111181127/tools/bin/../lib/gcc/arm-none-eabi/10.3.1/../../../../arm-none-eabi/lib/thumb/v7e-m+fp/hard\libc_nano.a(lib_a-memset.o)
                0x0000000020005c48                memset
 .text.cleanup_glue
                0x0000000020005c58       0x1a c:/st/stm32cubeide_1.9.0/stm32cubeide/plugins/com.st.stm32cube.ide.mcu.externaltools.gnu-tools-for-stm32.10.3-2021.10.win32_1.0.0.202111181127/tools/bin/../lib/gcc/arm-none-eabi/10.3.1/../../../../arm-none-eabi/lib/thumb/v7e-m+fp/hard\libc_nano.a(lib_a-reent.o)
                0x0000000020005c58                cleanup_glue
 *fill*         0x0000000020005c72        0x2 
 .text._reclaim_reent
                0x0000000020005c74       0xb8 c:/st/stm32cubeide_1.9.0/stm32cubeide/plugins/com.st.stm32cube.ide.mcu.externaltools.gnu-tools-for-stm32.10.3-2021.10.win32_1.0.0.202111181127/tools/bin/../lib/gcc/arm-none-eabi/10.3.1/../../../../arm-none-eabi/lib/thumb/v7e-m+fp/hard\libc_nano.a(lib_a-reent.o)
                0x0000000020005c74                _reclaim_reent
 .text.__malloc_lock
                0x0000000020005d2c        0xc c:/st/stm32cubeide_1.9.0/stm32cubeide/plugins/com.st.stm32cube.ide.mcu.externaltools.gnu-tools-for-stm32.10.3-2021.10.win32_1.0.0.202111181127/tools/bin/../lib/gcc/arm-none-eabi/10.3.1/../../../../arm-none-eabi/lib/thumb/v7e-m+fp/hard\libc_nano.a(lib_a-mlock.o)
                0x0000000020005d2c                __malloc_lock
 .text.__malloc_unlock
                0x0000000020005d38        0xc c:/st/stm32cubeide_1.9.0/stm32cubeide/plugins/com.st.stm32cube.ide.mcu.externaltools.gnu-tools-for-stm32.10.3-2021.10.win32_1.0.0.202111181127/tools/bin/../lib/gcc/arm-none-eabi/10.3.1/../../../../arm-none-eabi/lib/thumb/v7e-m+fp/hard\libc_nano.a(lib_a-mlock.o)
                0x0000000020005d38                __malloc_unlock
 .text._free_r  0x0000000020005d44       0x98 c:/st/stm32cubeide_1.9.0/stm32cubeide/plugins/com.st.stm32cube.ide.mcu.externaltools.gnu-tools-for-stm32.10.3-2021.10.win32_1.0.0.202111181127/tools/bin/../lib/gcc/arm-none-eabi/10.3.1/../../../../arm-none-eabi/lib/thumb/v7e-m+fp/hard\libc_nano.a(lib_a-nano-freer.o)
                0x0000000020005d44                _free_r
 *(.glue_7)
 .glue_7        0x0000000020005ddc        0x0 linker stubs
 *(.glue_7t)
 .glue_7t       0x0000000020005ddc        0x0 linker stubs
 *(.eh_frame)
 .eh_frame      0x0000000020005ddc        0x0 c:/st/stm32cubeide_1.9.0/stm32cubeide/plugins/com.st.stm32cube.ide.mcu.externaltools.gnu-tools-for-stm32.10.3-2021.10.win32_1.0.0.202111181127/tools/bin/../lib/gcc/arm-none-eabi/10.3.1/thumb/v7e-m+fp/hard/crtbegin.o
 *(.init)
 .init          0x0000000020005ddc        0x4 c:/st/stm32cubeide_1.9.0/stm32cubeide/plugins/com.st.stm32cube.ide.mcu.externaltools.gnu-tools-for-stm32.10.3-2021.10.win32_1.0.0.202111181127/tools/bin/../lib/gcc/arm-none-eabi/10.3.1/thumb/v7e-m+fp/hard/crti.o
                0x0000000020005ddc                _init
 .init          0x0000000020005de0        0x8 c:/st/stm32cubeide_1.9.0/stm32cubeide/plugins/com.st.stm32cube.ide.mcu.externaltools.gnu-tools-for-stm32.10.3-2021.10.win32_1.0.0.202111181127/tools/bin/../lib/gcc/arm-none-eabi/10.3.1/thumb/v7e-m+fp/hard/crtn.o
 *(.fini)
 .fini          0x0000000020005de8        0x4 c:/st/stm32cubeide_1.9.0/stm32cubeide/plugins/com.st.stm32cube.ide.mcu.externaltools.gnu-tools-for-stm32.10.3-2021.10.win32_1.0.0.202111181127/tools/bin/../lib/gcc/arm-none-eabi/10.3.1/thumb/v7e-m+fp/hard/crti.o
                0x0000000020005de8                _fini
 .fini          0x0000000020005dec        0x8 c:/st/stm32cubeide_1.9.0/stm32cubeide/plugins/com.st.stm32cube.ide.mcu.externaltools.gnu-tools-for-stm32.10.3-2021.10.win32_1.0.0.202111181127/tools/bin/../lib/gcc/arm-none-eabi/10.3.1/thumb/v7e-m+fp/hard/crtn.o
                0x0000000020005df4                . = ALIGN (0x4)
                0x0000000020005df4                _etext = .

.vfp11_veneer   0x0000000020005df4        0x0
 .vfp11_veneer  0x0000000020005df4        0x0 linker stubs

.v4_bx          0x0000000020005df4        0x0
 .v4_bx         0x0000000020005df4        0x0 linker stubs

.iplt           0x0000000020005df4        0x0
 .iplt          0x0000000020005df4        0x0 c:/st/stm32cubeide_1.9.0/stm32cubeide/plugins/com.st.stm32cube.ide.mcu.externaltools.gnu-tools-for-stm32.10.3-2021.10.win32_1.0.0.202111181127/tools/bin/../lib/gcc/arm-none-eabi/10.3.1/thumb/v7e-m+fp/hard/crtbegin.o

.rodata         0x0000000020005df4    0x20028
                0x0000000020005df4                . = ALIGN (0x4)
 *(.rodata)
 .rodata        0x0000000020005df4        0x5 ./Middlewares/Third_Party/FreeRTOS/Source/tasks.o
 *fill*         0x0000000020005df9        0x3 
 .rodata        0x0000000020005dfc        0xd ./Middlewares/Third_Party/FreeRTOS/Source/timers.o
 *fill*         0x0000000020005e09        0x3 
 .rodata        0x0000000020005e0c       0x30 ./Src/main.o
 .rodata        0x0000000020005e3c       0x18 ./Src/myfunctions.o
 *(.rodata*)
 .rodata.jajko  0x0000000020005e54    0x1c200 ./Src/bitmaps.o
                0x0000000020005e54                jajko
 .rodata.STREAM_OFFSET_TAB
                0x0000000020022054        0x8 ./Src/ll_spi_ili9341.o
 .rodata.Font24_Table
                0x000000002002205c     0x1ab8 ./Src/ll_spi_ili9341.o
                0x000000002002205c                Font24_Table
 .rodata.Font20_Table
                0x0000000020023b14      0xed8 ./Src/ll_spi_ili9341.o
                0x0000000020023b14                Font20_Table
 .rodata.Font16_Table
                0x00000000200249ec      0xbe0 ./Src/ll_spi_ili9341.o
                0x00000000200249ec                Font16_Table
 .rodata.Font12_Table
                0x00000000200255cc      0x474 ./Src/ll_spi_ili9341.o
                0x00000000200255cc                Font12_Table
 .rodata.Font8_Table
                0x0000000020025a40      0x2f8 ./Src/ll_spi_ili9341.o
                0x0000000020025a40                Font8_Table
 .rodata.STREAM_OFFSET_TAB
                0x0000000020025d38        0x8 ./Src/main.o
 .rodata.LCD_Task_attributes
                0x0000000020025d40       0x24 ./Src/main.o
                0x0000000020025d40                LCD_Task_attributes
 .rodata.myTask04_attributes
                0x0000000020025d64       0x24 ./Src/main.o
                0x0000000020025d64                myTask04_attributes
 .rodata.myTask05_attributes
                0x0000000020025d88       0x24 ./Src/main.o
                0x0000000020025d88                myTask05_attributes
 .rodata.BinarySem01_attributes
                0x0000000020025dac       0x10 ./Src/main.o
                0x0000000020025dac                BinarySem01_attributes
 .rodata.__sf_fake_stderr
                0x0000000020025dbc       0x20 c:/st/stm32cubeide_1.9.0/stm32cubeide/plugins/com.st.stm32cube.ide.mcu.externaltools.gnu-tools-for-stm32.10.3-2021.10.win32_1.0.0.202111181127/tools/bin/../lib/gcc/arm-none-eabi/10.3.1/../../../../arm-none-eabi/lib/thumb/v7e-m+fp/hard\libc_nano.a(lib_a-findfp.o)
                0x0000000020025dbc                __sf_fake_stderr
 .rodata.__sf_fake_stdin
                0x0000000020025ddc       0x20 c:/st/stm32cubeide_1.9.0/stm32cubeide/plugins/com.st.stm32cube.ide.mcu.externaltools.gnu-tools-for-stm32.10.3-2021.10.win32_1.0.0.202111181127/tools/bin/../lib/gcc/arm-none-eabi/10.3.1/../../../../arm-none-eabi/lib/thumb/v7e-m+fp/hard\libc_nano.a(lib_a-findfp.o)
                0x0000000020025ddc                __sf_fake_stdin
 .rodata.__sf_fake_stdout
                0x0000000020025dfc       0x20 c:/st/stm32cubeide_1.9.0/stm32cubeide/plugins/com.st.stm32cube.ide.mcu.externaltools.gnu-tools-for-stm32.10.3-2021.10.win32_1.0.0.202111181127/tools/bin/../lib/gcc/arm-none-eabi/10.3.1/../../../../arm-none-eabi/lib/thumb/v7e-m+fp/hard\libc_nano.a(lib_a-findfp.o)
                0x0000000020025dfc                __sf_fake_stdout
                0x0000000020025e1c                . = ALIGN (0x4)

.rel.dyn        0x0000000020025e1c        0x0
 .rel.iplt      0x0000000020025e1c        0x0 c:/st/stm32cubeide_1.9.0/stm32cubeide/plugins/com.st.stm32cube.ide.mcu.externaltools.gnu-tools-for-stm32.10.3-2021.10.win32_1.0.0.202111181127/tools/bin/../lib/gcc/arm-none-eabi/10.3.1/thumb/v7e-m+fp/hard/crtbegin.o

.ARM.extab      0x0000000020025e1c        0x0
                0x0000000020025e1c                . = ALIGN (0x4)
 *(.ARM.extab* .gnu.linkonce.armextab.*)
                0x0000000020025e1c                . = ALIGN (0x4)

.ARM            0x0000000020025e1c        0x0
                0x0000000020025e1c                . = ALIGN (0x4)
                0x0000000020025e1c                __exidx_start = .
 *(.ARM.exidx*)
                0x0000000020025e1c                __exidx_end = .
                0x0000000020025e1c                . = ALIGN (0x4)

.preinit_array  0x0000000020025e1c        0x0
                0x0000000020025e1c                . = ALIGN (0x4)
                0x0000000020025e1c                PROVIDE (__preinit_array_start = .)
 *(.preinit_array*)
                0x0000000020025e1c                PROVIDE (__preinit_array_end = .)
                0x0000000020025e1c                . = ALIGN (0x4)

.init_array     0x0000000020025e1c        0x4
                0x0000000020025e1c                . = ALIGN (0x4)
                0x0000000020025e1c                PROVIDE (__init_array_start = .)
 *(SORT_BY_NAME(.init_array.*))
 *(.init_array*)
 .init_array    0x0000000020025e1c        0x4 c:/st/stm32cubeide_1.9.0/stm32cubeide/plugins/com.st.stm32cube.ide.mcu.externaltools.gnu-tools-for-stm32.10.3-2021.10.win32_1.0.0.202111181127/tools/bin/../lib/gcc/arm-none-eabi/10.3.1/thumb/v7e-m+fp/hard/crtbegin.o
                0x0000000020025e20                PROVIDE (__init_array_end = .)
                0x0000000020025e20                . = ALIGN (0x4)

.fini_array     0x0000000020025e20        0x4
                0x0000000020025e20                . = ALIGN (0x4)
                [!provide]                        PROVIDE (__fini_array_start = .)
 *(SORT_BY_NAME(.fini_array.*))
 *(.fini_array*)
 .fini_array    0x0000000020025e20        0x4 c:/st/stm32cubeide_1.9.0/stm32cubeide/plugins/com.st.stm32cube.ide.mcu.externaltools.gnu-tools-for-stm32.10.3-2021.10.win32_1.0.0.202111181127/tools/bin/../lib/gcc/arm-none-eabi/10.3.1/thumb/v7e-m+fp/hard/crtbegin.o
                [!provide]                        PROVIDE (__fini_array_end = .)
                0x0000000020025e24                . = ALIGN (0x4)
                0x0000000020025e24                _sidata = LOADADDR (.data)

.data           0x0000000020025e24       0xc0
                0x0000000020025e24                . = ALIGN (0x4)
                0x0000000020025e24                _sdata = .
 *(.data)
 *(.data*)
 .data.uxCriticalNesting
                0x0000000020025e24        0x4 ./Middlewares/Third_Party/FreeRTOS/Source/portable/GCC/ARM_CM4F/port.o
 .data.Font24   0x0000000020025e28        0x8 ./Src/ll_spi_ili9341.o
                0x0000000020025e28                Font24
 .data.Font20   0x0000000020025e30        0x8 ./Src/ll_spi_ili9341.o
                0x0000000020025e30                Font20
 .data.Font16   0x0000000020025e38        0x8 ./Src/ll_spi_ili9341.o
                0x0000000020025e38                Font16
 .data.Font12   0x0000000020025e40        0x8 ./Src/ll_spi_ili9341.o
                0x0000000020025e40                Font12
 .data.Font8    0x0000000020025e48        0x8 ./Src/ll_spi_ili9341.o
                0x0000000020025e48                Font8
 .data.tp       0x0000000020025e50        0x4 ./Src/main.o
                0x0000000020025e50                tp
 .data.DmaSpiCnt
                0x0000000020025e54        0x1 ./Src/main.o
                0x0000000020025e54                DmaSpiCnt
 *fill*         0x0000000020025e55        0x3 
 .data.napis    0x0000000020025e58       0x19 ./Src/main.o
                0x0000000020025e58                napis
 *fill*         0x0000000020025e71        0x3 
 .data.dl_n     0x0000000020025e74        0x4 ./Src/main.o
                0x0000000020025e74                dl_n
 .data.ny       0x0000000020025e78        0x4 ./Src/main.o
                0x0000000020025e78                ny
 .data.SystemCoreClock
                0x0000000020025e7c        0x4 ./Src/system_stm32f4xx.o
                0x0000000020025e7c                SystemCoreClock
 .data._impure_ptr
                0x0000000020025e80        0x4 c:/st/stm32cubeide_1.9.0/stm32cubeide/plugins/com.st.stm32cube.ide.mcu.externaltools.gnu-tools-for-stm32.10.3-2021.10.win32_1.0.0.202111181127/tools/bin/../lib/gcc/arm-none-eabi/10.3.1/../../../../arm-none-eabi/lib/thumb/v7e-m+fp/hard\libc_nano.a(lib_a-impure.o)
                0x0000000020025e80                _impure_ptr
 .data.impure_data
                0x0000000020025e84       0x60 c:/st/stm32cubeide_1.9.0/stm32cubeide/plugins/com.st.stm32cube.ide.mcu.externaltools.gnu-tools-for-stm32.10.3-2021.10.win32_1.0.0.202111181127/tools/bin/../lib/gcc/arm-none-eabi/10.3.1/../../../../arm-none-eabi/lib/thumb/v7e-m+fp/hard\libc_nano.a(lib_a-impure.o)
                0x0000000020025ee4                . = ALIGN (0x4)
                0x0000000020025ee4                _edata = .

.igot.plt       0x0000000020025ee4        0x0
 .igot.plt      0x0000000020025ee4        0x0 c:/st/stm32cubeide_1.9.0/stm32cubeide/plugins/com.st.stm32cube.ide.mcu.externaltools.gnu-tools-for-stm32.10.3-2021.10.win32_1.0.0.202111181127/tools/bin/../lib/gcc/arm-none-eabi/10.3.1/thumb/v7e-m+fp/hard/crtbegin.o
                0x0000000020025ee4                . = ALIGN (0x4)

.bss            0x0000000020025ee4    0x14ab0
                0x0000000020025ee4                _sbss = .
                0x0000000020025ee4                __bss_start__ = _sbss
 *(.bss)
 .bss           0x0000000020025ee4       0x1c c:/st/stm32cubeide_1.9.0/stm32cubeide/plugins/com.st.stm32cube.ide.mcu.externaltools.gnu-tools-for-stm32.10.3-2021.10.win32_1.0.0.202111181127/tools/bin/../lib/gcc/arm-none-eabi/10.3.1/thumb/v7e-m+fp/hard/crtbegin.o
 *(.bss*)
 .bss.KernelState
                0x0000000020025f00        0x4 ./Middlewares/Third_Party/FreeRTOS/Source/CMSIS_RTOS_V2/cmsis_os2.o
 .bss.Idle_TCB.3
                0x0000000020025f04       0xbc ./Middlewares/Third_Party/FreeRTOS/Source/CMSIS_RTOS_V2/cmsis_os2.o
 .bss.Idle_Stack.2
                0x0000000020025fc0      0x200 ./Middlewares/Third_Party/FreeRTOS/Source/CMSIS_RTOS_V2/cmsis_os2.o
 .bss.Timer_TCB.1
                0x00000000200261c0       0xbc ./Middlewares/Third_Party/FreeRTOS/Source/CMSIS_RTOS_V2/cmsis_os2.o
 .bss.Timer_Stack.0
                0x000000002002627c      0x400 ./Middlewares/Third_Party/FreeRTOS/Source/CMSIS_RTOS_V2/cmsis_os2.o
 .bss.xQueueRegistry
                0x000000002002667c       0x40 ./Middlewares/Third_Party/FreeRTOS/Source/queue.o
                0x000000002002667c                xQueueRegistry
 .bss.pxCurrentTCB
                0x00000000200266bc        0x4 ./Middlewares/Third_Party/FreeRTOS/Source/tasks.o
                0x00000000200266bc                pxCurrentTCB
 .bss.pxReadyTasksLists
                0x00000000200266c0      0x460 ./Middlewares/Third_Party/FreeRTOS/Source/tasks.o
 .bss.xDelayedTaskList1
                0x0000000020026b20       0x14 ./Middlewares/Third_Party/FreeRTOS/Source/tasks.o
 .bss.xDelayedTaskList2
                0x0000000020026b34       0x14 ./Middlewares/Third_Party/FreeRTOS/Source/tasks.o
 .bss.pxDelayedTaskList
                0x0000000020026b48        0x4 ./Middlewares/Third_Party/FreeRTOS/Source/tasks.o
 .bss.pxOverflowDelayedTaskList
                0x0000000020026b4c        0x4 ./Middlewares/Third_Party/FreeRTOS/Source/tasks.o
 .bss.xPendingReadyList
                0x0000000020026b50       0x14 ./Middlewares/Third_Party/FreeRTOS/Source/tasks.o
 .bss.xTasksWaitingTermination
                0x0000000020026b64       0x14 ./Middlewares/Third_Party/FreeRTOS/Source/tasks.o
 .bss.uxDeletedTasksWaitingCleanUp
                0x0000000020026b78        0x4 ./Middlewares/Third_Party/FreeRTOS/Source/tasks.o
 .bss.xSuspendedTaskList
                0x0000000020026b7c       0x14 ./Middlewares/Third_Party/FreeRTOS/Source/tasks.o
 .bss.uxCurrentNumberOfTasks
                0x0000000020026b90        0x4 ./Middlewares/Third_Party/FreeRTOS/Source/tasks.o
 .bss.xTickCount
                0x0000000020026b94        0x4 ./Middlewares/Third_Party/FreeRTOS/Source/tasks.o
 .bss.uxTopReadyPriority
                0x0000000020026b98        0x4 ./Middlewares/Third_Party/FreeRTOS/Source/tasks.o
 .bss.xSchedulerRunning
                0x0000000020026b9c        0x4 ./Middlewares/Third_Party/FreeRTOS/Source/tasks.o
 .bss.xPendedTicks
                0x0000000020026ba0        0x4 ./Middlewares/Third_Party/FreeRTOS/Source/tasks.o
 .bss.xYieldPending
                0x0000000020026ba4        0x4 ./Middlewares/Third_Party/FreeRTOS/Source/tasks.o
 .bss.xNumOfOverflows
                0x0000000020026ba8        0x4 ./Middlewares/Third_Party/FreeRTOS/Source/tasks.o
 .bss.uxTaskNumber
                0x0000000020026bac        0x4 ./Middlewares/Third_Party/FreeRTOS/Source/tasks.o
 .bss.xNextTaskUnblockTime
                0x0000000020026bb0        0x4 ./Middlewares/Third_Party/FreeRTOS/Source/tasks.o
 .bss.xIdleTaskHandle
                0x0000000020026bb4        0x4 ./Middlewares/Third_Party/FreeRTOS/Source/tasks.o
 .bss.uxSchedulerSuspended
                0x0000000020026bb8        0x4 ./Middlewares/Third_Party/FreeRTOS/Source/tasks.o
 .bss.xActiveTimerList1
                0x0000000020026bbc       0x14 ./Middlewares/Third_Party/FreeRTOS/Source/timers.o
 .bss.xActiveTimerList2
                0x0000000020026bd0       0x14 ./Middlewares/Third_Party/FreeRTOS/Source/timers.o
 .bss.pxCurrentTimerList
                0x0000000020026be4        0x4 ./Middlewares/Third_Party/FreeRTOS/Source/timers.o
 .bss.pxOverflowTimerList
                0x0000000020026be8        0x4 ./Middlewares/Third_Party/FreeRTOS/Source/timers.o
 .bss.xTimerQueue
                0x0000000020026bec        0x4 ./Middlewares/Third_Party/FreeRTOS/Source/timers.o
 .bss.xTimerTaskHandle
                0x0000000020026bf0        0x4 ./Middlewares/Third_Party/FreeRTOS/Source/timers.o
 .bss.xLastTime.2
                0x0000000020026bf4        0x4 ./Middlewares/Third_Party/FreeRTOS/Source/timers.o
 .bss.ucStaticTimerQueueStorage.1
                0x0000000020026bf8       0xa0 ./Middlewares/Third_Party/FreeRTOS/Source/timers.o
 .bss.xStaticTimerQueue.0
                0x0000000020026c98       0x50 ./Middlewares/Third_Party/FreeRTOS/Source/timers.o
 .bss.ucMaxSysCallPriority
                0x0000000020026ce8        0x1 ./Middlewares/Third_Party/FreeRTOS/Source/portable/GCC/ARM_CM4F/port.o
 *fill*         0x0000000020026ce9        0x3 
 .bss.ulMaxPRIGROUPValue
                0x0000000020026cec        0x4 ./Middlewares/Third_Party/FreeRTOS/Source/portable/GCC/ARM_CM4F/port.o
 .bss.ucHeap    0x0000000020026cf0     0x3c00 ./Middlewares/Third_Party/FreeRTOS/Source/portable/MemMang/heap_4.o
 .bss.xStart    0x000000002002a8f0        0x8 ./Middlewares/Third_Party/FreeRTOS/Source/portable/MemMang/heap_4.o
 .bss.pxEnd     0x000000002002a8f8        0x4 ./Middlewares/Third_Party/FreeRTOS/Source/portable/MemMang/heap_4.o
 .bss.xFreeBytesRemaining
                0x000000002002a8fc        0x4 ./Middlewares/Third_Party/FreeRTOS/Source/portable/MemMang/heap_4.o
 .bss.xMinimumEverFreeBytesRemaining
                0x000000002002a900        0x4 ./Middlewares/Third_Party/FreeRTOS/Source/portable/MemMang/heap_4.o
 .bss.xNumberOfSuccessfulAllocations
                0x000000002002a904        0x4 ./Middlewares/Third_Party/FreeRTOS/Source/portable/MemMang/heap_4.o
 .bss.xNumberOfSuccessfulFrees
                0x000000002002a908        0x4 ./Middlewares/Third_Party/FreeRTOS/Source/portable/MemMang/heap_4.o
 .bss.xBlockAllocatedBit
                0x000000002002a90c        0x4 ./Middlewares/Third_Party/FreeRTOS/Source/portable/MemMang/heap_4.o
 .bss.TFTDisplay_ILI9341_WIDTH
                0x000000002002a910        0x2 ./Src/ll_spi_ili9341.o
                0x000000002002a910                TFTDisplay_ILI9341_WIDTH
 .bss.TFTDisplay_ILI9341_HEIGHT
                0x000000002002a912        0x2 ./Src/ll_spi_ili9341.o
                0x000000002002a912                TFTDisplay_ILI9341_HEIGHT
 .bss.led_inited
                0x000000002002a914        0x1 ./Src/ll_spi_ili9341.o
                0x000000002002a914                led_inited
 *fill*         0x000000002002a915        0x3 
 .bss.DataBuffer
                0x000000002002a918    0x10000 ./Src/ll_spi_ili9341.o
                0x000000002002a918                DataBuffer
 .bss.lcdprop   0x000000002003a918        0x8 ./Src/ll_spi_ili9341.o
                0x000000002003a918                lcdprop
 .bss.pid       0x000000002003a920       0x24 ./Src/main.o
                0x000000002003a920                pid
 .bss.in3       0x000000002003a944       0x18 ./Src/main.o
                0x000000002003a944                in3
 .bss.in4       0x000000002003a95c       0x18 ./Src/main.o
                0x000000002003a95c                in4
 .bss.LCD_TaskHandle
                0x000000002003a974        0x4 ./Src/main.o
                0x000000002003a974                LCD_TaskHandle
 .bss.myTask04Handle
                0x000000002003a978        0x4 ./Src/main.o
                0x000000002003a978                myTask04Handle
 .bss.myTask05Handle
                0x000000002003a97c        0x4 ./Src/main.o
                0x000000002003a97c                myTask05Handle
 .bss.BinarySem01Handle
                0x000000002003a980        0x4 ./Src/main.o
                0x000000002003a980                BinarySem01Handle
 .bss.ptr       0x000000002003a984        0x4 ./Src/main.o
                0x000000002003a984                ptr
 .bss.nx        0x000000002003a988        0x4 ./Src/main.o
                0x000000002003a988                nx
 .bss.__lock___malloc_recursive_mutex
                0x000000002003a98c        0x1 c:/st/stm32cubeide_1.9.0/stm32cubeide/plugins/com.st.stm32cube.ide.mcu.externaltools.gnu-tools-for-stm32.10.3-2021.10.win32_1.0.0.202111181127/tools/bin/../lib/gcc/arm-none-eabi/10.3.1/../../../../arm-none-eabi/lib/thumb/v7e-m+fp/hard\libc_nano.a(lib_a-lock.o)
                0x000000002003a98c                __lock___malloc_recursive_mutex
 *fill*         0x000000002003a98d        0x3 
 .bss.__malloc_free_list
                0x000000002003a990        0x4 c:/st/stm32cubeide_1.9.0/stm32cubeide/plugins/com.st.stm32cube.ide.mcu.externaltools.gnu-tools-for-stm32.10.3-2021.10.win32_1.0.0.202111181127/tools/bin/../lib/gcc/arm-none-eabi/10.3.1/../../../../arm-none-eabi/lib/thumb/v7e-m+fp/hard\libc_nano.a(lib_a-nano-mallocr.o)
                0x000000002003a990                __malloc_free_list
 *(COMMON)
                0x000000002003a994                . = ALIGN (0x4)
                0x000000002003a994                _ebss = .
                0x000000002003a994                __bss_end__ = _ebss

._user_heap_stack
                0x000000002003a994      0x604
                0x000000002003a998                . = ALIGN (0x8)
 *fill*         0x000000002003a994        0x4 
                0x000000002003a998                PROVIDE (end = .)
                [!provide]                        PROVIDE (_end = .)
                0x000000002003ab98                . = (. + _Min_Heap_Size)
 *fill*         0x000000002003a998      0x200 
                0x000000002003af98                . = (. + _Min_Stack_Size)
 *fill*         0x000000002003ab98      0x400 
                0x000000002003af98                . = ALIGN (0x8)

/DISCARD/
 libc.a(*)
 libm.a(*)
 libgcc.a(*)

.ARM.attributes
                0x0000000000000000       0x30
 *(.ARM.attributes)
 .ARM.attributes
                0x0000000000000000       0x1e c:/st/stm32cubeide_1.9.0/stm32cubeide/plugins/com.st.stm32cube.ide.mcu.externaltools.gnu-tools-for-stm32.10.3-2021.10.win32_1.0.0.202111181127/tools/bin/../lib/gcc/arm-none-eabi/10.3.1/thumb/v7e-m+fp/hard/crti.o
 .ARM.attributes
                0x000000000000001e       0x34 c:/st/stm32cubeide_1.9.0/stm32cubeide/plugins/com.st.stm32cube.ide.mcu.externaltools.gnu-tools-for-stm32.10.3-2021.10.win32_1.0.0.202111181127/tools/bin/../lib/gcc/arm-none-eabi/10.3.1/thumb/v7e-m+fp/hard/crtbegin.o
 .ARM.attributes
                0x0000000000000052       0x34 ./Drivers/STM32F4xx_HAL_Driver/Src/stm32f4xx_ll_gpio.o
 .ARM.attributes
                0x0000000000000086       0x34 ./Drivers/STM32F4xx_HAL_Driver/Src/stm32f4xx_ll_spi.o
 .ARM.attributes
                0x00000000000000ba       0x34 ./Drivers/STM32F4xx_HAL_Driver/Src/stm32f4xx_ll_utils.o
 .ARM.attributes
                0x00000000000000ee       0x34 ./Middlewares/Third_Party/FreeRTOS/Source/CMSIS_RTOS_V2/cmsis_os2.o
 .ARM.attributes
                0x0000000000000122       0x34 ./Middlewares/Third_Party/FreeRTOS/Source/list.o
 .ARM.attributes
                0x0000000000000156       0x34 ./Middlewares/Third_Party/FreeRTOS/Source/queue.o
 .ARM.attributes
                0x000000000000018a       0x34 ./Middlewares/Third_Party/FreeRTOS/Source/tasks.o
 .ARM.attributes
                0x00000000000001be       0x34 ./Middlewares/Third_Party/FreeRTOS/Source/timers.o
 .ARM.attributes
                0x00000000000001f2       0x34 ./Middlewares/Third_Party/FreeRTOS/Source/portable/GCC/ARM_CM4F/port.o
 .ARM.attributes
                0x0000000000000226       0x34 ./Middlewares/Third_Party/FreeRTOS/Source/portable/MemMang/heap_4.o
 .ARM.attributes
                0x000000000000025a       0x34 ./Src/bitmaps.o
 .ARM.attributes
                0x000000000000028e       0x34 ./Src/ll_spi_ili9341.o
 .ARM.attributes
                0x00000000000002c2       0x34 ./Src/main.o
 .ARM.attributes
                0x00000000000002f6       0x34 ./Src/myfunctions.o
 .ARM.attributes
                0x000000000000032a       0x34 ./Src/reg2.o
 .ARM.attributes
                0x000000000000035e       0x34 ./Src/stm32f4xx_it.o
 .ARM.attributes
                0x0000000000000392       0x34 ./Src/system_stm32f4xx.o
 .ARM.attributes
                0x00000000000003c6       0x21 ./Startup/startup_stm32f429zitx.o
 .ARM.attributes
                0x00000000000003e7       0x34 c:/st/stm32cubeide_1.9.0/stm32cubeide/plugins/com.st.stm32cube.ide.mcu.externaltools.gnu-tools-for-stm32.10.3-2021.10.win32_1.0.0.202111181127/tools/bin/../lib/gcc/arm-none-eabi/10.3.1/../../../../arm-none-eabi/lib/thumb/v7e-m+fp/hard\libc_nano.a(lib_a-findfp.o)
 .ARM.attributes
                0x000000000000041b       0x34 c:/st/stm32cubeide_1.9.0/stm32cubeide/plugins/com.st.stm32cube.ide.mcu.externaltools.gnu-tools-for-stm32.10.3-2021.10.win32_1.0.0.202111181127/tools/bin/../lib/gcc/arm-none-eabi/10.3.1/../../../../arm-none-eabi/lib/thumb/v7e-m+fp/hard\libc_nano.a(lib_a-impure.o)
 .ARM.attributes
                0x000000000000044f       0x34 c:/st/stm32cubeide_1.9.0/stm32cubeide/plugins/com.st.stm32cube.ide.mcu.externaltools.gnu-tools-for-stm32.10.3-2021.10.win32_1.0.0.202111181127/tools/bin/../lib/gcc/arm-none-eabi/10.3.1/../../../../arm-none-eabi/lib/thumb/v7e-m+fp/hard\libc_nano.a(lib_a-init.o)
 .ARM.attributes
                0x0000000000000483       0x34 c:/st/stm32cubeide_1.9.0/stm32cubeide/plugins/com.st.stm32cube.ide.mcu.externaltools.gnu-tools-for-stm32.10.3-2021.10.win32_1.0.0.202111181127/tools/bin/../lib/gcc/arm-none-eabi/10.3.1/../../../../arm-none-eabi/lib/thumb/v7e-m+fp/hard\libc_nano.a(lib_a-lock.o)
 .ARM.attributes
                0x00000000000004b7       0x34 c:/st/stm32cubeide_1.9.0/stm32cubeide/plugins/com.st.stm32cube.ide.mcu.externaltools.gnu-tools-for-stm32.10.3-2021.10.win32_1.0.0.202111181127/tools/bin/../lib/gcc/arm-none-eabi/10.3.1/../../../../arm-none-eabi/lib/thumb/v7e-m+fp/hard\libc_nano.a(lib_a-memcpy-stub.o)
 .ARM.attributes
                0x00000000000004eb       0x34 c:/st/stm32cubeide_1.9.0/stm32cubeide/plugins/com.st.stm32cube.ide.mcu.externaltools.gnu-tools-for-stm32.10.3-2021.10.win32_1.0.0.202111181127/tools/bin/../lib/gcc/arm-none-eabi/10.3.1/../../../../arm-none-eabi/lib/thumb/v7e-m+fp/hard\libc_nano.a(lib_a-memset.o)
 .ARM.attributes
                0x000000000000051f       0x34 c:/st/stm32cubeide_1.9.0/stm32cubeide/plugins/com.st.stm32cube.ide.mcu.externaltools.gnu-tools-for-stm32.10.3-2021.10.win32_1.0.0.202111181127/tools/bin/../lib/gcc/arm-none-eabi/10.3.1/../../../../arm-none-eabi/lib/thumb/v7e-m+fp/hard\libc_nano.a(lib_a-nano-mallocr.o)
 .ARM.attributes
                0x0000000000000553       0x34 c:/st/stm32cubeide_1.9.0/stm32cubeide/plugins/com.st.stm32cube.ide.mcu.externaltools.gnu-tools-for-stm32.10.3-2021.10.win32_1.0.0.202111181127/tools/bin/../lib/gcc/arm-none-eabi/10.3.1/../../../../arm-none-eabi/lib/thumb/v7e-m+fp/hard\libc_nano.a(lib_a-reent.o)
 .ARM.attributes
                0x0000000000000587       0x34 c:/st/stm32cubeide_1.9.0/stm32cubeide/plugins/com.st.stm32cube.ide.mcu.externaltools.gnu-tools-for-stm32.10.3-2021.10.win32_1.0.0.202111181127/tools/bin/../lib/gcc/arm-none-eabi/10.3.1/../../../../arm-none-eabi/lib/thumb/v7e-m+fp/hard\libc_nano.a(lib_a-mlock.o)
 .ARM.attributes
                0x00000000000005bb       0x34 c:/st/stm32cubeide_1.9.0/stm32cubeide/plugins/com.st.stm32cube.ide.mcu.externaltools.gnu-tools-for-stm32.10.3-2021.10.win32_1.0.0.202111181127/tools/bin/../lib/gcc/arm-none-eabi/10.3.1/../../../../arm-none-eabi/lib/thumb/v7e-m+fp/hard\libc_nano.a(lib_a-nano-freer.o)
 .ARM.attributes
                0x00000000000005ef       0x1e c:/st/stm32cubeide_1.9.0/stm32cubeide/plugins/com.st.stm32cube.ide.mcu.externaltools.gnu-tools-for-stm32.10.3-2021.10.win32_1.0.0.202111181127/tools/bin/../lib/gcc/arm-none-eabi/10.3.1/thumb/v7e-m+fp/hard\libgcc.a(_arm_addsubdf3.o)
 .ARM.attributes
                0x000000000000060d       0x1e c:/st/stm32cubeide_1.9.0/stm32cubeide/plugins/com.st.stm32cube.ide.mcu.externaltools.gnu-tools-for-stm32.10.3-2021.10.win32_1.0.0.202111181127/tools/bin/../lib/gcc/arm-none-eabi/10.3.1/thumb/v7e-m+fp/hard\libgcc.a(_arm_truncdfsf2.o)
 .ARM.attributes
                0x000000000000062b       0x1e c:/st/stm32cubeide_1.9.0/stm32cubeide/plugins/com.st.stm32cube.ide.mcu.externaltools.gnu-tools-for-stm32.10.3-2021.10.win32_1.0.0.202111181127/tools/bin/../lib/gcc/arm-none-eabi/10.3.1/thumb/v7e-m+fp/hard/crtn.o
OUTPUT(Bazowy_STM32_LCD_SPI_ILI9341.elf elf32-littlearm)
LOAD linker stubs
LOAD c:/st/stm32cubeide_1.9.0/stm32cubeide/plugins/com.st.stm32cube.ide.mcu.externaltools.gnu-tools-for-stm32.10.3-2021.10.win32_1.0.0.202111181127/tools/bin/../lib/gcc/arm-none-eabi/10.3.1/../../../../arm-none-eabi/lib/thumb/v7e-m+fp/hard\libc.a
LOAD c:/st/stm32cubeide_1.9.0/stm32cubeide/plugins/com.st.stm32cube.ide.mcu.externaltools.gnu-tools-for-stm32.10.3-2021.10.win32_1.0.0.202111181127/tools/bin/../lib/gcc/arm-none-eabi/10.3.1/../../../../arm-none-eabi/lib/thumb/v7e-m+fp/hard\libm.a
LOAD c:/st/stm32cubeide_1.9.0/stm32cubeide/plugins/com.st.stm32cube.ide.mcu.externaltools.gnu-tools-for-stm32.10.3-2021.10.win32_1.0.0.202111181127/tools/bin/../lib/gcc/arm-none-eabi/10.3.1/thumb/v7e-m+fp/hard\libgcc.a

.debug_info     0x0000000000000000    0x10d04
 .debug_info    0x0000000000000000      0x85d ./Drivers/STM32F4xx_HAL_Driver/Src/stm32f4xx_ll_gpio.o
 .debug_info    0x000000000000085d      0x821 ./Drivers/STM32F4xx_HAL_Driver/Src/stm32f4xx_ll_spi.o
 .debug_info    0x000000000000107e      0x99d ./Drivers/STM32F4xx_HAL_Driver/Src/stm32f4xx_ll_utils.o
 .debug_info    0x0000000000001a1b     0x435d ./Middlewares/Third_Party/FreeRTOS/Source/CMSIS_RTOS_V2/cmsis_os2.o
 .debug_info    0x0000000000005d78      0x2d1 ./Middlewares/Third_Party/FreeRTOS/Source/list.o
 .debug_info    0x0000000000006049     0x1cbf ./Middlewares/Third_Party/FreeRTOS/Source/queue.o
 .debug_info    0x0000000000007d08     0x2b40 ./Middlewares/Third_Party/FreeRTOS/Source/tasks.o
 .debug_info    0x000000000000a848     0x1c89 ./Middlewares/Third_Party/FreeRTOS/Source/timers.o
 .debug_info    0x000000000000c4d1      0x507 ./Middlewares/Third_Party/FreeRTOS/Source/portable/GCC/ARM_CM4F/port.o
 .debug_info    0x000000000000c9d8      0x50b ./Middlewares/Third_Party/FreeRTOS/Source/portable/MemMang/heap_4.o
 .debug_info    0x000000000000cee3       0xb5 ./Src/bitmaps.o
 .debug_info    0x000000000000cf98     0x1015 ./Src/ll_spi_ili9341.o
 .debug_info    0x000000000000dfad     0x1ef9 ./Src/main.o
 .debug_info    0x000000000000fea6      0x40e ./Src/myfunctions.o
 .debug_info    0x00000000000102b4      0x23e ./Src/reg2.o
 .debug_info    0x00000000000104f2      0x2b8 ./Src/stm32f4xx_it.o
 .debug_info    0x00000000000107aa      0x538 ./Src/system_stm32f4xx.o
 .debug_info    0x0000000000010ce2       0x22 ./Startup/startup_stm32f429zitx.o

.debug_abbrev   0x0000000000000000     0x2777
 .debug_abbrev  0x0000000000000000      0x20e ./Drivers/STM32F4xx_HAL_Driver/Src/stm32f4xx_ll_gpio.o
 .debug_abbrev  0x000000000000020e      0x20d ./Drivers/STM32F4xx_HAL_Driver/Src/stm32f4xx_ll_spi.o
 .debug_abbrev  0x000000000000041b      0x22a ./Drivers/STM32F4xx_HAL_Driver/Src/stm32f4xx_ll_utils.o
 .debug_abbrev  0x0000000000000645      0x50f ./Middlewares/Third_Party/FreeRTOS/Source/CMSIS_RTOS_V2/cmsis_os2.o
 .debug_abbrev  0x0000000000000b54       0xf2 ./Middlewares/Third_Party/FreeRTOS/Source/list.o
 .debug_abbrev  0x0000000000000c46      0x3a1 ./Middlewares/Third_Party/FreeRTOS/Source/queue.o
 .debug_abbrev  0x0000000000000fe7      0x3f3 ./Middlewares/Third_Party/FreeRTOS/Source/tasks.o
 .debug_abbrev  0x00000000000013da      0x360 ./Middlewares/Third_Party/FreeRTOS/Source/timers.o
 .debug_abbrev  0x000000000000173a      0x259 ./Middlewares/Third_Party/FreeRTOS/Source/portable/GCC/ARM_CM4F/port.o
 .debug_abbrev  0x0000000000001993      0x212 ./Middlewares/Third_Party/FreeRTOS/Source/portable/MemMang/heap_4.o
 .debug_abbrev  0x0000000000001ba5       0x73 ./Src/bitmaps.o
 .debug_abbrev  0x0000000000001c18      0x2ce ./Src/ll_spi_ili9341.o
 .debug_abbrev  0x0000000000001ee6      0x3b9 ./Src/main.o
 .debug_abbrev  0x000000000000229f      0x139 ./Src/myfunctions.o
 .debug_abbrev  0x00000000000023d8       0xc3 ./Src/reg2.o
 .debug_abbrev  0x000000000000249b      0x1b4 ./Src/stm32f4xx_it.o
 .debug_abbrev  0x000000000000264f      0x116 ./Src/system_stm32f4xx.o
 .debug_abbrev  0x0000000000002765       0x12 ./Startup/startup_stm32f429zitx.o

.debug_aranges  0x0000000000000000      0xee8
 .debug_aranges
                0x0000000000000000       0x70 ./Drivers/STM32F4xx_HAL_Driver/Src/stm32f4xx_ll_gpio.o
 .debug_aranges
                0x0000000000000070       0x90 ./Drivers/STM32F4xx_HAL_Driver/Src/stm32f4xx_ll_spi.o
 .debug_aranges
                0x0000000000000100      0x100 ./Drivers/STM32F4xx_HAL_Driver/Src/stm32f4xx_ll_utils.o
 .debug_aranges
                0x0000000000000200      0x2a8 ./Middlewares/Third_Party/FreeRTOS/Source/CMSIS_RTOS_V2/cmsis_os2.o
 .debug_aranges
                0x00000000000004a8       0x40 ./Middlewares/Third_Party/FreeRTOS/Source/list.o
 .debug_aranges
                0x00000000000004e8      0x158 ./Middlewares/Third_Party/FreeRTOS/Source/queue.o
 .debug_aranges
                0x0000000000000640      0x208 ./Middlewares/Third_Party/FreeRTOS/Source/tasks.o
 .debug_aranges
                0x0000000000000848       0xf0 ./Middlewares/Third_Party/FreeRTOS/Source/timers.o
 .debug_aranges
                0x0000000000000938       0x80 ./Middlewares/Third_Party/FreeRTOS/Source/portable/GCC/ARM_CM4F/port.o
 .debug_aranges
                0x00000000000009b8       0x58 ./Middlewares/Third_Party/FreeRTOS/Source/portable/MemMang/heap_4.o
 .debug_aranges
                0x0000000000000a10       0x18 ./Src/bitmaps.o
 .debug_aranges
                0x0000000000000a28      0x1a0 ./Src/ll_spi_ili9341.o
 .debug_aranges
                0x0000000000000bc8      0x1e0 ./Src/main.o
 .debug_aranges
                0x0000000000000da8       0x48 ./Src/myfunctions.o
 .debug_aranges
                0x0000000000000df0       0x38 ./Src/reg2.o
 .debug_aranges
                0x0000000000000e28       0x70 ./Src/stm32f4xx_it.o
 .debug_aranges
                0x0000000000000e98       0x28 ./Src/system_stm32f4xx.o
 .debug_aranges
                0x0000000000000ec0       0x28 ./Startup/startup_stm32f429zitx.o

.debug_ranges   0x0000000000000000      0xdc8
 .debug_ranges  0x0000000000000000       0x60 ./Drivers/STM32F4xx_HAL_Driver/Src/stm32f4xx_ll_gpio.o
 .debug_ranges  0x0000000000000060       0x80 ./Drivers/STM32F4xx_HAL_Driver/Src/stm32f4xx_ll_spi.o
 .debug_ranges  0x00000000000000e0       0xf0 ./Drivers/STM32F4xx_HAL_Driver/Src/stm32f4xx_ll_utils.o
 .debug_ranges  0x00000000000001d0      0x298 ./Middlewares/Third_Party/FreeRTOS/Source/CMSIS_RTOS_V2/cmsis_os2.o
 .debug_ranges  0x0000000000000468       0x30 ./Middlewares/Third_Party/FreeRTOS/Source/list.o
 .debug_ranges  0x0000000000000498      0x148 ./Middlewares/Third_Party/FreeRTOS/Source/queue.o
 .debug_ranges  0x00000000000005e0      0x1f8 ./Middlewares/Third_Party/FreeRTOS/Source/tasks.o
 .debug_ranges  0x00000000000007d8       0xe0 ./Middlewares/Third_Party/FreeRTOS/Source/timers.o
 .debug_ranges  0x00000000000008b8       0x70 ./Middlewares/Third_Party/FreeRTOS/Source/portable/GCC/ARM_CM4F/port.o
 .debug_ranges  0x0000000000000928       0x48 ./Middlewares/Third_Party/FreeRTOS/Source/portable/MemMang/heap_4.o
 .debug_ranges  0x0000000000000970      0x190 ./Src/ll_spi_ili9341.o
 .debug_ranges  0x0000000000000b00      0x1d0 ./Src/main.o
 .debug_ranges  0x0000000000000cd0       0x38 ./Src/myfunctions.o
 .debug_ranges  0x0000000000000d08       0x28 ./Src/reg2.o
 .debug_ranges  0x0000000000000d30       0x60 ./Src/stm32f4xx_it.o
 .debug_ranges  0x0000000000000d90       0x18 ./Src/system_stm32f4xx.o
 .debug_ranges  0x0000000000000da8       0x20 ./Startup/startup_stm32f429zitx.o

.debug_macro    0x0000000000000000     0x58e4
 .debug_macro   0x0000000000000000      0x110 ./Drivers/STM32F4xx_HAL_Driver/Src/stm32f4xx_ll_gpio.o
 .debug_macro   0x0000000000000110      0x143 ./Drivers/STM32F4xx_HAL_Driver/Src/stm32f4xx_ll_gpio.o
 .debug_macro   0x0000000000000253      0x17d ./Drivers/STM32F4xx_HAL_Driver/Src/stm32f4xx_ll_spi.o
 .debug_macro   0x00000000000003d0      0x235 ./Drivers/STM32F4xx_HAL_Driver/Src/stm32f4xx_ll_spi.o
 .debug_macro   0x0000000000000605      0xc74 ./Drivers/STM32F4xx_HAL_Driver/Src/stm32f4xx_ll_spi.o
 .debug_macro   0x0000000000001279      0x1cc ./Drivers/STM32F4xx_HAL_Driver/Src/stm32f4xx_ll_utils.o
 .debug_macro   0x0000000000001445       0x5b ./Drivers/STM32F4xx_HAL_Driver/Src/stm32f4xx_ll_utils.o
 .debug_macro   0x00000000000014a0      0x22a ./Drivers/STM32F4xx_HAL_Driver/Src/stm32f4xx_ll_utils.o
 .debug_macro   0x00000000000016ca       0xc8 ./Drivers/STM32F4xx_HAL_Driver/Src/stm32f4xx_ll_utils.o
 .debug_macro   0x0000000000001792      0x2dc ./Middlewares/Third_Party/FreeRTOS/Source/CMSIS_RTOS_V2/cmsis_os2.o
 .debug_macro   0x0000000000001a6e       0x4c ./Middlewares/Third_Party/FreeRTOS/Source/CMSIS_RTOS_V2/cmsis_os2.o
 .debug_macro   0x0000000000001aba       0x1e ./Middlewares/Third_Party/FreeRTOS/Source/CMSIS_RTOS_V2/cmsis_os2.o
 .debug_macro   0x0000000000001ad8       0x94 ./Middlewares/Third_Party/FreeRTOS/Source/CMSIS_RTOS_V2/cmsis_os2.o
 .debug_macro   0x0000000000001b6c       0x3c ./Middlewares/Third_Party/FreeRTOS/Source/CMSIS_RTOS_V2/cmsis_os2.o
 .debug_macro   0x0000000000001ba8       0x34 ./Middlewares/Third_Party/FreeRTOS/Source/CMSIS_RTOS_V2/cmsis_os2.o
 .debug_macro   0x0000000000001bdc      0x174 ./Middlewares/Third_Party/FreeRTOS/Source/CMSIS_RTOS_V2/cmsis_os2.o
 .debug_macro   0x0000000000001d50       0x16 ./Middlewares/Third_Party/FreeRTOS/Source/CMSIS_RTOS_V2/cmsis_os2.o
 .debug_macro   0x0000000000001d66       0x43 ./Middlewares/Third_Party/FreeRTOS/Source/CMSIS_RTOS_V2/cmsis_os2.o
 .debug_macro   0x0000000000001da9       0x57 ./Middlewares/Third_Party/FreeRTOS/Source/CMSIS_RTOS_V2/cmsis_os2.o
 .debug_macro   0x0000000000001e00       0x34 ./Middlewares/Third_Party/FreeRTOS/Source/CMSIS_RTOS_V2/cmsis_os2.o
 .debug_macro   0x0000000000001e34       0x10 ./Middlewares/Third_Party/FreeRTOS/Source/CMSIS_RTOS_V2/cmsis_os2.o
 .debug_macro   0x0000000000001e44       0x58 ./Middlewares/Third_Party/FreeRTOS/Source/CMSIS_RTOS_V2/cmsis_os2.o
 .debug_macro   0x0000000000001e9c       0x71 ./Middlewares/Third_Party/FreeRTOS/Source/CMSIS_RTOS_V2/cmsis_os2.o
 .debug_macro   0x0000000000001f0d       0x1c ./Middlewares/Third_Party/FreeRTOS/Source/CMSIS_RTOS_V2/cmsis_os2.o
 .debug_macro   0x0000000000001f29      0x12a ./Middlewares/Third_Party/FreeRTOS/Source/CMSIS_RTOS_V2/cmsis_os2.o
 .debug_macro   0x0000000000002053      0x341 ./Middlewares/Third_Party/FreeRTOS/Source/CMSIS_RTOS_V2/cmsis_os2.o
 .debug_macro   0x0000000000002394       0x10 ./Middlewares/Third_Party/FreeRTOS/Source/CMSIS_RTOS_V2/cmsis_os2.o
 .debug_macro   0x00000000000023a4       0x35 ./Middlewares/Third_Party/FreeRTOS/Source/CMSIS_RTOS_V2/cmsis_os2.o
 .debug_macro   0x00000000000023d9       0x20 ./Middlewares/Third_Party/FreeRTOS/Source/CMSIS_RTOS_V2/cmsis_os2.o
 .debug_macro   0x00000000000023f9       0x10 ./Middlewares/Third_Party/FreeRTOS/Source/CMSIS_RTOS_V2/cmsis_os2.o
 .debug_macro   0x0000000000002409       0x74 ./Middlewares/Third_Party/FreeRTOS/Source/CMSIS_RTOS_V2/cmsis_os2.o
 .debug_macro   0x000000000000247d       0xd3 ./Middlewares/Third_Party/FreeRTOS/Source/CMSIS_RTOS_V2/cmsis_os2.o
 .debug_macro   0x0000000000002550      0x170 ./Middlewares/Third_Party/FreeRTOS/Source/CMSIS_RTOS_V2/cmsis_os2.o
 .debug_macro   0x00000000000026c0      0x15a ./Middlewares/Third_Party/FreeRTOS/Source/CMSIS_RTOS_V2/cmsis_os2.o
 .debug_macro   0x000000000000281a       0xc9 ./Middlewares/Third_Party/FreeRTOS/Source/CMSIS_RTOS_V2/cmsis_os2.o
 .debug_macro   0x00000000000028e3       0x1c ./Middlewares/Third_Party/FreeRTOS/Source/CMSIS_RTOS_V2/cmsis_os2.o
 .debug_macro   0x00000000000028ff       0x26 ./Middlewares/Third_Party/FreeRTOS/Source/CMSIS_RTOS_V2/cmsis_os2.o
 .debug_macro   0x0000000000002925       0x16 ./Middlewares/Third_Party/FreeRTOS/Source/CMSIS_RTOS_V2/cmsis_os2.o
 .debug_macro   0x000000000000293b      0x4bf ./Middlewares/Third_Party/FreeRTOS/Source/CMSIS_RTOS_V2/cmsis_os2.o
 .debug_macro   0x0000000000002dfa       0xb5 ./Middlewares/Third_Party/FreeRTOS/Source/CMSIS_RTOS_V2/cmsis_os2.o
 .debug_macro   0x0000000000002eaf       0xaa ./Middlewares/Third_Party/FreeRTOS/Source/CMSIS_RTOS_V2/cmsis_os2.o
 .debug_macro   0x0000000000002f59       0x91 ./Middlewares/Third_Party/FreeRTOS/Source/CMSIS_RTOS_V2/cmsis_os2.o
 .debug_macro   0x0000000000002fea       0x8d ./Middlewares/Third_Party/FreeRTOS/Source/CMSIS_RTOS_V2/cmsis_os2.o
 .debug_macro   0x0000000000003077       0x9a ./Middlewares/Third_Party/FreeRTOS/Source/CMSIS_RTOS_V2/cmsis_os2.o
 .debug_macro   0x0000000000003111       0x22 ./Middlewares/Third_Party/FreeRTOS/Source/CMSIS_RTOS_V2/cmsis_os2.o
 .debug_macro   0x0000000000003133      0x199 ./Middlewares/Third_Party/FreeRTOS/Source/list.o
 .debug_macro   0x00000000000032cc      0x228 ./Middlewares/Third_Party/FreeRTOS/Source/queue.o
 .debug_macro   0x00000000000034f4       0x16 ./Middlewares/Third_Party/FreeRTOS/Source/queue.o
 .debug_macro   0x000000000000350a       0x87 ./Middlewares/Third_Party/FreeRTOS/Source/queue.o
 .debug_macro   0x0000000000003591      0x291 ./Middlewares/Third_Party/FreeRTOS/Source/tasks.o
 .debug_macro   0x0000000000003822       0x10 ./Middlewares/Third_Party/FreeRTOS/Source/tasks.o
 .debug_macro   0x0000000000003832      0x1ee ./Middlewares/Third_Party/FreeRTOS/Source/timers.o
 .debug_macro   0x0000000000003a20       0x97 ./Middlewares/Third_Party/FreeRTOS/Source/timers.o
 .debug_macro   0x0000000000003ab7      0x233 ./Middlewares/Third_Party/FreeRTOS/Source/portable/GCC/ARM_CM4F/port.o
 .debug_macro   0x0000000000003cea      0x1c0 ./Middlewares/Third_Party/FreeRTOS/Source/portable/MemMang/heap_4.o
 .debug_macro   0x0000000000003eaa       0x6d ./Src/bitmaps.o
 .debug_macro   0x0000000000003f17      0x2ce ./Src/ll_spi_ili9341.o
 .debug_macro   0x00000000000041e5      0x1e6 ./Src/ll_spi_ili9341.o
 .debug_macro   0x00000000000043cb       0x16 ./Src/ll_spi_ili9341.o
 .debug_macro   0x00000000000043e1       0x97 ./Src/ll_spi_ili9341.o
 .debug_macro   0x0000000000004478       0xfd ./Src/ll_spi_ili9341.o
 .debug_macro   0x0000000000004575       0x10 ./Src/ll_spi_ili9341.o
 .debug_macro   0x0000000000004585       0x10 ./Src/ll_spi_ili9341.o
 .debug_macro   0x0000000000004595       0x1c ./Src/ll_spi_ili9341.o
 .debug_macro   0x00000000000045b1       0x52 ./Src/ll_spi_ili9341.o
 .debug_macro   0x0000000000004603       0x22 ./Src/ll_spi_ili9341.o
 .debug_macro   0x0000000000004625       0x10 ./Src/ll_spi_ili9341.o
 .debug_macro   0x0000000000004635       0x52 ./Src/ll_spi_ili9341.o
 .debug_macro   0x0000000000004687       0xd5 ./Src/ll_spi_ili9341.o
 .debug_macro   0x000000000000475c       0x1c ./Src/ll_spi_ili9341.o
 .debug_macro   0x0000000000004778       0x3d ./Src/ll_spi_ili9341.o
 .debug_macro   0x00000000000047b5       0x16 ./Src/ll_spi_ili9341.o
 .debug_macro   0x00000000000047cb      0x145 ./Src/ll_spi_ili9341.o
 .debug_macro   0x0000000000004910       0x10 ./Src/ll_spi_ili9341.o
 .debug_macro   0x0000000000004920      0x2e1 ./Src/ll_spi_ili9341.o
 .debug_macro   0x0000000000004c01       0x22 ./Src/ll_spi_ili9341.o
 .debug_macro   0x0000000000004c23      0x3bc ./Src/main.o
 .debug_macro   0x0000000000004fdf      0x170 ./Src/main.o
 .debug_macro   0x000000000000514f       0x66 ./Src/main.o
 .debug_macro   0x00000000000051b5       0xdd ./Src/main.o
 .debug_macro   0x0000000000005292       0x1c ./Src/main.o
 .debug_macro   0x00000000000052ae       0x22 ./Src/main.o
 .debug_macro   0x00000000000052d0      0x2c7 ./Src/myfunctions.o
 .debug_macro   0x0000000000005597       0x15 ./Src/reg2.o
 .debug_macro   0x00000000000055ac      0x264 ./Src/stm32f4xx_it.o
 .debug_macro   0x0000000000005810       0xd4 ./Src/system_stm32f4xx.o

.debug_line     0x0000000000000000     0xd4c5
 .debug_line    0x0000000000000000      0x762 ./Drivers/STM32F4xx_HAL_Driver/Src/stm32f4xx_ll_gpio.o
 .debug_line    0x0000000000000762      0x78c ./Drivers/STM32F4xx_HAL_Driver/Src/stm32f4xx_ll_spi.o
 .debug_line    0x0000000000000eee      0xa00 ./Drivers/STM32F4xx_HAL_Driver/Src/stm32f4xx_ll_utils.o
 .debug_line    0x00000000000018ee     0x2155 ./Middlewares/Third_Party/FreeRTOS/Source/CMSIS_RTOS_V2/cmsis_os2.o
 .debug_line    0x0000000000003a43      0x6fe ./Middlewares/Third_Party/FreeRTOS/Source/list.o
 .debug_line    0x0000000000004141     0x16c8 ./Middlewares/Third_Party/FreeRTOS/Source/queue.o
 .debug_line    0x0000000000005809     0x1da6 ./Middlewares/Third_Party/FreeRTOS/Source/tasks.o
 .debug_line    0x00000000000075af      0xd5e ./Middlewares/Third_Party/FreeRTOS/Source/timers.o
 .debug_line    0x000000000000830d      0x8c5 ./Middlewares/Third_Party/FreeRTOS/Source/portable/GCC/ARM_CM4F/port.o
 .debug_line    0x0000000000008bd2      0x928 ./Middlewares/Third_Party/FreeRTOS/Source/portable/MemMang/heap_4.o
 .debug_line    0x00000000000094fa      0x375 ./Src/bitmaps.o
 .debug_line    0x000000000000986f     0x1169 ./Src/ll_spi_ili9341.o
 .debug_line    0x000000000000a9d8     0x1237 ./Src/main.o
 .debug_line    0x000000000000bc0f      0x91a ./Src/myfunctions.o
 .debug_line    0x000000000000c529      0x14c ./Src/reg2.o
 .debug_line    0x000000000000c675      0x8ec ./Src/stm32f4xx_it.o
 .debug_line    0x000000000000cf61      0x4e4 ./Src/system_stm32f4xx.o
 .debug_line    0x000000000000d445       0x80 ./Startup/startup_stm32f429zitx.o

.debug_str      0x0000000000000000    0xb4b8b